<?xml version="1.0"?>
<link_info>
   <banner>TI ARM Linker PC v5.2.7</banner>
   <copyright>Copyright (c) 1996-2015 Texas Instruments Incorporated</copyright>
   <link_time>0x57322ad1</link_time>
   <link_errors>0x0</link_errors>
   <output_file>BCWattBalance.out</output_file>
   <entry_point>
      <name>_c_int00</name>
      <address>0x21a9</address>
   </entry_point>
   <input_file_list>
      <input_file id="fl-2">
         <path>.\</path>
         <kind>object</kind>
         <file>board_init.obj</file>
         <name>board_init.obj</name>
      </input_file>
      <input_file id="fl-3">
         <path>.\</path>
         <kind>object</kind>
         <file>console.obj</file>
         <name>console.obj</name>
      </input_file>
      <input_file id="fl-4">
         <path>.\</path>
         <kind>object</kind>
         <file>control.obj</file>
         <name>control.obj</name>
      </input_file>
      <input_file id="fl-5">
         <path>.\</path>
         <kind>object</kind>
         <file>main.obj</file>
         <name>main.obj</name>
      </input_file>
      <input_file id="fl-6">
         <path>.\</path>
         <kind>object</kind>
         <file>sine_table.obj</file>
         <name>sine_table.obj</name>
      </input_file>
      <input_file id="fl-7">
         <path>.\</path>
         <kind>object</kind>
         <file>tm4c123ge6pm_startup_ccs.obj</file>
         <name>tm4c123ge6pm_startup_ccs.obj</name>
      </input_file>
      <input_file id="fl-8">
         <path>.\util\</path>
         <kind>object</kind>
         <file>cmdline.obj</file>
         <name>cmdline.obj</name>
      </input_file>
      <input_file id="fl-9">
         <path>.\util\</path>
         <kind>object</kind>
         <file>uartstdio.obj</file>
         <name>uartstdio.obj</name>
      </input_file>
      <input_file id="fl-a">
         <path>.\util\</path>
         <kind>object</kind>
         <file>ustdlib.obj</file>
         <name>ustdlib.obj</name>
      </input_file>
      <input_file id="fl-10">
         <path>C:\ti\TivaWare_C_Series-2.1.2.111\driverlib\ccs\Debug\</path>
         <kind>archive</kind>
         <file>driverlib.lib</file>
         <name>gpio.obj</name>
      </input_file>
      <input_file id="fl-11">
         <path>C:\ti\TivaWare_C_Series-2.1.2.111\driverlib\ccs\Debug\</path>
         <kind>archive</kind>
         <file>driverlib.lib</file>
         <name>interrupt.obj</name>
      </input_file>
      <input_file id="fl-12">
         <path>C:\ti\TivaWare_C_Series-2.1.2.111\driverlib\ccs\Debug\</path>
         <kind>archive</kind>
         <file>driverlib.lib</file>
         <name>pwm.obj</name>
      </input_file>
      <input_file id="fl-13">
         <path>C:\ti\TivaWare_C_Series-2.1.2.111\driverlib\ccs\Debug\</path>
         <kind>archive</kind>
         <file>driverlib.lib</file>
         <name>sysctl.obj</name>
      </input_file>
      <input_file id="fl-14">
         <path>C:\ti\TivaWare_C_Series-2.1.2.111\driverlib\ccs\Debug\</path>
         <kind>archive</kind>
         <file>driverlib.lib</file>
         <name>timer.obj</name>
      </input_file>
      <input_file id="fl-15">
         <path>C:\ti\TivaWare_C_Series-2.1.2.111\driverlib\ccs\Debug\</path>
         <kind>archive</kind>
         <file>driverlib.lib</file>
         <name>uart.obj</name>
      </input_file>
      <input_file id="fl-16">
         <path>C:\ti\TivaWare_C_Series-2.1.2.111\driverlib\ccs\Debug\</path>
         <kind>archive</kind>
         <file>driverlib.lib</file>
         <name>cpu.obj</name>
      </input_file>
      <input_file id="fl-138">
         <path>C:\ti\ccsv6\tools\compiler\ti-cgt-arm_5.2.7\lib\</path>
         <kind>archive</kind>
         <file>rtsv7M4_T_le_v4SPD16_eabi.lib</file>
         <name>atoi.obj</name>
      </input_file>
      <input_file id="fl-139">
         <path>C:\ti\ccsv6\tools\compiler\ti-cgt-arm_5.2.7\lib\</path>
         <kind>archive</kind>
         <file>rtsv7M4_T_le_v4SPD16_eabi.lib</file>
         <name>boot.obj</name>
      </input_file>
      <input_file id="fl-13a">
         <path>C:\ti\ccsv6\tools\compiler\ti-cgt-arm_5.2.7\lib\</path>
         <kind>archive</kind>
         <file>rtsv7M4_T_le_v4SPD16_eabi.lib</file>
         <name>copy_decompress_none.obj</name>
      </input_file>
      <input_file id="fl-13b">
         <path>C:\ti\ccsv6\tools\compiler\ti-cgt-arm_5.2.7\lib\</path>
         <kind>archive</kind>
         <file>rtsv7M4_T_le_v4SPD16_eabi.lib</file>
         <name>copy_decompress_rle.obj</name>
      </input_file>
      <input_file id="fl-13c">
         <path>C:\ti\ccsv6\tools\compiler\ti-cgt-arm_5.2.7\lib\</path>
         <kind>archive</kind>
         <file>rtsv7M4_T_le_v4SPD16_eabi.lib</file>
         <name>copy_zero_init.obj</name>
      </input_file>
      <input_file id="fl-13d">
         <path>C:\ti\ccsv6\tools\compiler\ti-cgt-arm_5.2.7\lib\</path>
         <kind>archive</kind>
         <file>rtsv7M4_T_le_v4SPD16_eabi.lib</file>
         <name>ctype.obj</name>
      </input_file>
      <input_file id="fl-13e">
         <path>C:\ti\ccsv6\tools\compiler\ti-cgt-arm_5.2.7\lib\</path>
         <kind>archive</kind>
         <file>rtsv7M4_T_le_v4SPD16_eabi.lib</file>
         <name>exit.obj</name>
      </input_file>
      <input_file id="fl-13f">
         <path>C:\ti\ccsv6\tools\compiler\ti-cgt-arm_5.2.7\lib\</path>
         <kind>archive</kind>
         <file>rtsv7M4_T_le_v4SPD16_eabi.lib</file>
         <name>fd_cmp_t2.obj</name>
      </input_file>
      <input_file id="fl-140">
         <path>C:\ti\ccsv6\tools\compiler\ti-cgt-arm_5.2.7\lib\</path>
         <kind>archive</kind>
         <file>rtsv7M4_T_le_v4SPD16_eabi.lib</file>
         <name>fd_div_t2.obj</name>
      </input_file>
      <input_file id="fl-141">
         <path>C:\ti\ccsv6\tools\compiler\ti-cgt-arm_5.2.7\lib\</path>
         <kind>archive</kind>
         <file>rtsv7M4_T_le_v4SPD16_eabi.lib</file>
         <name>fd_mul_t2.obj</name>
      </input_file>
      <input_file id="fl-142">
         <path>C:\ti\ccsv6\tools\compiler\ti-cgt-arm_5.2.7\lib\</path>
         <kind>archive</kind>
         <file>rtsv7M4_T_le_v4SPD16_eabi.lib</file>
         <name>fd_toi_t2.obj</name>
      </input_file>
      <input_file id="fl-143">
         <path>C:\ti\ccsv6\tools\compiler\ti-cgt-arm_5.2.7\lib\</path>
         <kind>archive</kind>
         <file>rtsv7M4_T_le_v4SPD16_eabi.lib</file>
         <name>fd_tou_t2.obj</name>
      </input_file>
      <input_file id="fl-144">
         <path>C:\ti\ccsv6\tools\compiler\ti-cgt-arm_5.2.7\lib\</path>
         <kind>archive</kind>
         <file>rtsv7M4_T_le_v4SPD16_eabi.lib</file>
         <name>i_tofd_t2.obj</name>
      </input_file>
      <input_file id="fl-145">
         <path>C:\ti\ccsv6\tools\compiler\ti-cgt-arm_5.2.7\lib\</path>
         <kind>archive</kind>
         <file>rtsv7M4_T_le_v4SPD16_eabi.lib</file>
         <name>memcpy_t2.obj</name>
      </input_file>
      <input_file id="fl-146">
         <path>C:\ti\ccsv6\tools\compiler\ti-cgt-arm_5.2.7\lib\</path>
         <kind>archive</kind>
         <file>rtsv7M4_T_le_v4SPD16_eabi.lib</file>
         <name>memset_t2.obj</name>
      </input_file>
      <input_file id="fl-147">
         <path>C:\ti\ccsv6\tools\compiler\ti-cgt-arm_5.2.7\lib\</path>
         <kind>archive</kind>
         <file>rtsv7M4_T_le_v4SPD16_eabi.lib</file>
         <name>pre_init.obj</name>
      </input_file>
      <input_file id="fl-148">
         <path>C:\ti\ccsv6\tools\compiler\ti-cgt-arm_5.2.7\lib\</path>
         <kind>archive</kind>
         <file>rtsv7M4_T_le_v4SPD16_eabi.lib</file>
         <name>sin.obj</name>
      </input_file>
      <input_file id="fl-149">
         <path>C:\ti\ccsv6\tools\compiler\ti-cgt-arm_5.2.7\lib\</path>
         <kind>archive</kind>
         <file>rtsv7M4_T_le_v4SPD16_eabi.lib</file>
         <name>stkdepth_vars.obj</name>
      </input_file>
      <input_file id="fl-14a">
         <path>C:\ti\ccsv6\tools\compiler\ti-cgt-arm_5.2.7\lib\</path>
         <kind>archive</kind>
         <file>rtsv7M4_T_le_v4SPD16_eabi.lib</file>
         <name>strcmp.obj</name>
      </input_file>
      <input_file id="fl-14b">
         <path>C:\ti\ccsv6\tools\compiler\ti-cgt-arm_5.2.7\lib\</path>
         <kind>archive</kind>
         <file>rtsv7M4_T_le_v4SPD16_eabi.lib</file>
         <name>u_divt2.obj</name>
      </input_file>
      <input_file id="fl-14c">
         <path>C:\ti\ccsv6\tools\compiler\ti-cgt-arm_5.2.7\lib\</path>
         <kind>archive</kind>
         <file>rtsv7M4_T_le_v4SPD16_eabi.lib</file>
         <name>u_tofd_t2.obj</name>
      </input_file>
      <input_file id="fl-14d">
         <path>C:\ti\ccsv6\tools\compiler\ti-cgt-arm_5.2.7\lib\</path>
         <kind>archive</kind>
         <file>rtsv7M4_T_le_v4SPD16_eabi.lib</file>
         <name>xsin.obj</name>
      </input_file>
      <input_file id="fl-14e">
         <path>C:\ti\ccsv6\tools\compiler\ti-cgt-arm_5.2.7\lib\</path>
         <kind>archive</kind>
         <file>rtsv7M4_T_le_v4SPD16_eabi.lib</file>
         <name>xvalues.obj</name>
      </input_file>
      <input_file id="fl-14f">
         <path>C:\ti\ccsv6\tools\compiler\ti-cgt-arm_5.2.7\lib\</path>
         <kind>archive</kind>
         <file>rtsv7M4_T_le_v4SPD16_eabi.lib</file>
         <name>_lock.obj</name>
      </input_file>
      <input_file id="fl-150">
         <path>C:\ti\ccsv6\tools\compiler\ti-cgt-arm_5.2.7\lib\</path>
         <kind>archive</kind>
         <file>rtsv7M4_T_le_v4SPD16_eabi.lib</file>
         <name>args_main.obj</name>
      </input_file>
      <input_file id="fl-151">
         <path>C:\ti\ccsv6\tools\compiler\ti-cgt-arm_5.2.7\lib\</path>
         <kind>archive</kind>
         <file>rtsv7M4_T_le_v4SPD16_eabi.lib</file>
         <name>autoinit.obj</name>
      </input_file>
      <input_file id="fl-152">
         <path>C:\ti\ccsv6\tools\compiler\ti-cgt-arm_5.2.7\lib\</path>
         <kind>archive</kind>
         <file>rtsv7M4_T_le_v4SPD16_eabi.lib</file>
         <name>cpy_tbl.obj</name>
      </input_file>
      <input_file id="fl-153">
         <path>C:\ti\ccsv6\tools\compiler\ti-cgt-arm_5.2.7\lib\</path>
         <kind>archive</kind>
         <file>rtsv7M4_T_le_v4SPD16_eabi.lib</file>
         <name>fd_add_t2.obj</name>
      </input_file>
      <input_file id="fl-154">
         <path>C:\ti\ccsv6\tools\compiler\ti-cgt-arm_5.2.7\lib\</path>
         <kind>archive</kind>
         <file>rtsv7M4_T_le_v4SPD16_eabi.lib</file>
         <name>fmod.obj</name>
      </input_file>
      <input_file id="fl-155">
         <path>C:\ti\ccsv6\tools\compiler\ti-cgt-arm_5.2.7\lib\</path>
         <kind>archive</kind>
         <file>rtsv7M4_T_le_v4SPD16_eabi.lib</file>
         <name>i_div0.obj</name>
      </input_file>
      <input_file id="fl-156">
         <path>C:\ti\ccsv6\tools\compiler\ti-cgt-arm_5.2.7\lib\</path>
         <kind>archive</kind>
         <file>rtsv7M4_T_le_v4SPD16_eabi.lib</file>
         <name>xdnorm.obj</name>
      </input_file>
      <input_file id="fl-157">
         <path>C:\ti\ccsv6\tools\compiler\ti-cgt-arm_5.2.7\lib\</path>
         <kind>archive</kind>
         <file>rtsv7M4_T_le_v4SPD16_eabi.lib</file>
         <name>xdscale.obj</name>
      </input_file>
      <input_file id="fl-158">
         <path>C:\ti\ccsv6\tools\compiler\ti-cgt-arm_5.2.7\lib\</path>
         <kind>archive</kind>
         <file>rtsv7M4_T_le_v4SPD16_eabi.lib</file>
         <name>xferaise.obj</name>
      </input_file>
      <input_file id="fl-159">
         <path>C:\ti\ccsv6\tools\compiler\ti-cgt-arm_5.2.7\lib\</path>
         <kind>archive</kind>
         <file>rtsv7M4_T_le_v4SPD16_eabi.lib</file>
         <name>errno.obj</name>
      </input_file>
      <input_file id="fl-15a">
         <path>C:\ti\ccsv6\tools\compiler\ti-cgt-arm_5.2.7\lib\</path>
         <kind>archive</kind>
         <file>rtsv7M4_T_le_v4SPD16_eabi.lib</file>
         <name>feraiseexcept.obj</name>
      </input_file>
      <input_file id="fl-15b">
         <path>C:\ti\ccsv6\tools\compiler\ti-cgt-arm_5.2.7\lib\</path>
         <kind>archive</kind>
         <file>rtsv7M4_T_le_v4SPD16_eabi.lib</file>
         <name>raise.obj</name>
      </input_file>
      <input_file id="fl-15c">
         <path>C:\ti\ccsv6\tools\compiler\ti-cgt-arm_5.2.7\lib\</path>
         <kind>archive</kind>
         <file>rtsv7M4_T_le_v4SPD16_eabi.lib</file>
         <name>signal.obj</name>
      </input_file>
   </input_file_list>
   <object_component_list>
      <object_component id="oc-f">
         <name>.intvecs</name>
         <load_address>0x0</load_address>
         <run_address>0x0</run_address>
         <size>0x26c</size>
         <input_file_ref idref="fl-7"/>
      </object_component>
      <object_component id="oc-7b">
         <name>.text</name>
         <load_address>0x26c</load_address>
         <run_address>0x26c</run_address>
         <size>0x49c</size>
         <input_file_ref idref="fl-9"/>
      </object_component>
      <object_component id="oc-24e">
         <name>.text</name>
         <load_address>0x708</load_address>
         <run_address>0x708</run_address>
         <size>0x294</size>
         <input_file_ref idref="fl-14d"/>
      </object_component>
      <object_component id="oc-173">
         <name>.text</name>
         <load_address>0x99c</load_address>
         <run_address>0x99c</run_address>
         <size>0x260</size>
         <input_file_ref idref="fl-4"/>
      </object_component>
      <object_component id="oc-263">
         <name>.text</name>
         <load_address>0xbfc</load_address>
         <run_address>0xbfc</run_address>
         <size>0x244</size>
         <input_file_ref idref="fl-3"/>
      </object_component>
      <object_component id="oc-81">
         <name>.text</name>
         <load_address>0xe40</load_address>
         <run_address>0xe40</run_address>
         <size>0x228</size>
         <input_file_ref idref="fl-2"/>
      </object_component>
      <object_component id="oc-29e">
         <name>.text</name>
         <load_address>0x1068</load_address>
         <run_address>0x1068</run_address>
         <size>0x1b6</size>
         <input_file_ref idref="fl-153"/>
      </object_component>
      <object_component id="oc-216">
         <name>.text</name>
         <load_address>0x121e</load_address>
         <run_address>0x121e</run_address>
         <size>0x2</size>
         <input_file_ref idref="fl-155"/>
      </object_component>
      <object_component id="oc-30">
         <name>.text</name>
         <load_address>0x1220</load_address>
         <run_address>0x1220</run_address>
         <size>0x1ac</size>
         <input_file_ref idref="fl-5"/>
      </object_component>
      <object_component id="oc-298">
         <name>.text</name>
         <load_address>0x13cc</load_address>
         <run_address>0x13cc</run_address>
         <size>0x174</size>
         <input_file_ref idref="fl-154"/>
      </object_component>
      <object_component id="oc-87">
         <name>.text</name>
         <load_address>0x1540</load_address>
         <run_address>0x1540</run_address>
         <size>0x148</size>
         <input_file_ref idref="fl-6"/>
      </object_component>
      <object_component id="oc-b5">
         <name>.text</name>
         <load_address>0x1688</load_address>
         <run_address>0x1688</run_address>
         <size>0x136</size>
         <input_file_ref idref="fl-140"/>
      </object_component>
      <object_component id="oc-22c">
         <name>.text:GPIOPadConfigSet</name>
         <load_address>0x17be</load_address>
         <run_address>0x17be</run_address>
         <size>0x132</size>
         <input_file_ref idref="fl-10"/>
      </object_component>
      <object_component id="oc-a5">
         <name>.text:SysCtlClockGet</name>
         <load_address>0x18f0</load_address>
         <run_address>0x18f0</run_address>
         <size>0x110</size>
         <input_file_ref idref="fl-13"/>
      </object_component>
      <object_component id="oc-2c3">
         <name>.text</name>
         <load_address>0x1a00</load_address>
         <run_address>0x1a00</run_address>
         <size>0x110</size>
         <input_file_ref idref="fl-157"/>
      </object_component>
      <object_component id="oc-b0">
         <name>.text</name>
         <load_address>0x1b10</load_address>
         <run_address>0x1b10</run_address>
         <size>0xfc</size>
         <input_file_ref idref="fl-141"/>
      </object_component>
      <object_component id="oc-149">
         <name>.text:SysCtlClockSet</name>
         <load_address>0x1c0c</load_address>
         <run_address>0x1c0c</run_address>
         <size>0xf4</size>
         <input_file_ref idref="fl-13"/>
      </object_component>
      <object_component id="oc-2bd">
         <name>.text</name>
         <load_address>0x1d00</load_address>
         <run_address>0x1d00</run_address>
         <size>0xbe</size>
         <input_file_ref idref="fl-156"/>
      </object_component>
      <object_component id="oc-93">
         <name>.text</name>
         <load_address>0x1dc0</load_address>
         <run_address>0x1dc0</run_address>
         <size>0xac</size>
         <input_file_ref idref="fl-8"/>
      </object_component>
      <object_component id="oc-39">
         <name>.text</name>
         <load_address>0x1e6c</load_address>
         <run_address>0x1e6c</run_address>
         <size>0x9c</size>
         <input_file_ref idref="fl-145"/>
      </object_component>
      <object_component id="oc-1af">
         <name>.text:__aeabi_cdcmple</name>
         <load_address>0x1f08</load_address>
         <run_address>0x1f08</run_address>
         <size>0x86</size>
         <input_file_ref idref="fl-13f"/>
      </object_component>
      <object_component id="oc-52">
         <name>.text</name>
         <load_address>0x1f8e</load_address>
         <run_address>0x1f8e</run_address>
         <size>0x7a</size>
         <input_file_ref idref="fl-146"/>
      </object_component>
      <object_component id="oc-64">
         <name>.text</name>
         <load_address>0x2008</load_address>
         <run_address>0x2008</run_address>
         <size>0x6c</size>
         <input_file_ref idref="fl-151"/>
      </object_component>
      <object_component id="oc-45">
         <name>.text</name>
         <load_address>0x2074</load_address>
         <run_address>0x2074</run_address>
         <size>0x6a</size>
         <input_file_ref idref="fl-13b"/>
      </object_component>
      <object_component id="oc-c5">
         <name>.text:IntEnable</name>
         <load_address>0x20e0</load_address>
         <run_address>0x20e0</run_address>
         <size>0x68</size>
         <input_file_ref idref="fl-11"/>
      </object_component>
      <object_component id="oc-9f">
         <name>.text:TimerConfigure</name>
         <load_address>0x2148</load_address>
         <run_address>0x2148</run_address>
         <size>0x60</size>
         <input_file_ref idref="fl-14"/>
      </object_component>
      <object_component id="oc-24">
         <name>.text</name>
         <load_address>0x21a8</load_address>
         <run_address>0x21a8</run_address>
         <size>0x50</size>
         <input_file_ref idref="fl-139"/>
      </object_component>
      <object_component id="oc-2b4">
         <name>.text</name>
         <load_address>0x21f8</load_address>
         <run_address>0x21f8</run_address>
         <size>0x4c</size>
         <input_file_ref idref="fl-138"/>
      </object_component>
      <object_component id="oc-ff">
         <name>.text</name>
         <load_address>0x2244</load_address>
         <run_address>0x2244</run_address>
         <size>0x4c</size>
         <input_file_ref idref="fl-152"/>
      </object_component>
      <object_component id="oc-14f">
         <name>.text:GPIOPinConfigure</name>
         <load_address>0x2290</load_address>
         <run_address>0x2290</run_address>
         <size>0x48</size>
         <input_file_ref idref="fl-10"/>
      </object_component>
      <object_component id="oc-1aa">
         <name>.text</name>
         <load_address>0x22d8</load_address>
         <run_address>0x22d8</run_address>
         <size>0x48</size>
         <input_file_ref idref="fl-142"/>
      </object_component>
      <object_component id="oc-11a">
         <name>.text:UARTConfigSetExpClk</name>
         <load_address>0x2320</load_address>
         <run_address>0x2320</run_address>
         <size>0x46</size>
         <input_file_ref idref="fl-15"/>
      </object_component>
      <object_component id="oc-70">
         <name>.text</name>
         <load_address>0x2368</load_address>
         <run_address>0x2368</run_address>
         <size>0x44</size>
         <input_file_ref idref="fl-13e"/>
      </object_component>
      <object_component id="oc-ba">
         <name>.text</name>
         <load_address>0x23ac</load_address>
         <run_address>0x23ac</run_address>
         <size>0x44</size>
         <input_file_ref idref="fl-143"/>
      </object_component>
      <object_component id="oc-303">
         <name>.text</name>
         <load_address>0x23f0</load_address>
         <run_address>0x23f0</run_address>
         <size>0x40</size>
         <input_file_ref idref="fl-15c"/>
      </object_component>
      <object_component id="oc-138">
         <name>.text</name>
         <load_address>0x2430</load_address>
         <run_address>0x2430</run_address>
         <size>0x40</size>
         <input_file_ref idref="fl-14b"/>
      </object_component>
      <object_component id="oc-114">
         <name>.text:SysCtlPeripheralPresent</name>
         <load_address>0x2470</load_address>
         <run_address>0x2470</run_address>
         <size>0x38</size>
         <input_file_ref idref="fl-13"/>
      </object_component>
      <object_component id="oc-99">
         <name>.text:SysCtlPeripheralEnable</name>
         <load_address>0x24a8</load_address>
         <run_address>0x24a8</run_address>
         <size>0x34</size>
         <input_file_ref idref="fl-13"/>
      </object_component>
      <object_component id="oc-2cc">
         <name>.text</name>
         <load_address>0x24dc</load_address>
         <run_address>0x24dc</run_address>
         <size>0x34</size>
         <input_file_ref idref="fl-15a"/>
      </object_component>
      <object_component id="oc-2a3">
         <name>.text</name>
         <load_address>0x2510</load_address>
         <run_address>0x2510</run_address>
         <size>0x30</size>
         <input_file_ref idref="fl-158"/>
      </object_component>
      <object_component id="oc-19f">
         <name>.text</name>
         <load_address>0x2540</load_address>
         <run_address>0x2540</run_address>
         <size>0x2e</size>
         <input_file_ref idref="fl-144"/>
      </object_component>
      <object_component id="oc-2ec">
         <name>.text</name>
         <load_address>0x256e</load_address>
         <run_address>0x256e</run_address>
         <size>0x2e</size>
         <input_file_ref idref="fl-15b"/>
      </object_component>
      <object_component id="oc-226">
         <name>.text:GPIODirModeSet</name>
         <load_address>0x259c</load_address>
         <run_address>0x259c</run_address>
         <size>0x2a</size>
         <input_file_ref idref="fl-10"/>
      </object_component>
      <object_component id="oc-17f">
         <name>.text:PWMGenConfigure</name>
         <load_address>0x25c6</load_address>
         <run_address>0x25c6</run_address>
         <size>0x22</size>
         <input_file_ref idref="fl-12"/>
      </object_component>
      <object_component id="oc-206">
         <name>.text:UARTDisable</name>
         <load_address>0x25e8</load_address>
         <run_address>0x25e8</run_address>
         <size>0x20</size>
         <input_file_ref idref="fl-15"/>
      </object_component>
      <object_component id="oc-ab">
         <name>.text</name>
         <load_address>0x2608</load_address>
         <run_address>0x2608</run_address>
         <size>0x20</size>
         <input_file_ref idref="fl-14c"/>
      </object_component>
      <object_component id="oc-18b">
         <name>.text:PWMPulseWidthSet</name>
         <load_address>0x2628</load_address>
         <run_address>0x2628</run_address>
         <size>0x1e</size>
         <input_file_ref idref="fl-12"/>
      </object_component>
      <object_component id="oc-1a4">
         <name>.text</name>
         <load_address>0x2646</load_address>
         <run_address>0x2646</run_address>
         <size>0x1a</size>
         <input_file_ref idref="fl-148"/>
      </object_component>
      <object_component id="oc-16d">
         <name>.text:GPIOPinTypeGPIOOutput</name>
         <load_address>0x2660</load_address>
         <run_address>0x2660</run_address>
         <size>0x18</size>
         <input_file_ref idref="fl-10"/>
      </object_component>
      <object_component id="oc-6a">
         <name>.text</name>
         <load_address>0x2678</load_address>
         <run_address>0x2678</run_address>
         <size>0x18</size>
         <input_file_ref idref="fl-150"/>
      </object_component>
      <object_component id="oc-1bd">
         <name>.text</name>
         <load_address>0x2690</load_address>
         <run_address>0x2690</run_address>
         <size>0x18</size>
         <input_file_ref idref="fl-14a"/>
      </object_component>
      <object_component id="oc-167">
         <name>.text:SysCtlPWMClockSet</name>
         <load_address>0x26a8</load_address>
         <run_address>0x26a8</run_address>
         <size>0x14</size>
         <input_file_ref idref="fl-13"/>
      </object_component>
      <object_component id="oc-120">
         <name>.text:UARTEnable</name>
         <load_address>0x26bc</load_address>
         <run_address>0x26bc</run_address>
         <size>0x14</size>
         <input_file_ref idref="fl-15"/>
      </object_component>
      <object_component id="oc-1f7">
         <name>.text</name>
         <load_address>0x26d0</load_address>
         <run_address>0x26d0</run_address>
         <size>0x14</size>
         <input_file_ref idref="fl-14f"/>
      </object_component>
      <object_component id="oc-179">
         <name>.text:GPIOPinTypePWM</name>
         <load_address>0x26e4</load_address>
         <run_address>0x26e4</run_address>
         <size>0x12</size>
         <input_file_ref idref="fl-10"/>
      </object_component>
      <object_component id="oc-155">
         <name>.text:GPIOPinTypeUART</name>
         <load_address>0x26f6</load_address>
         <run_address>0x26f6</run_address>
         <size>0x12</size>
         <input_file_ref idref="fl-10"/>
      </object_component>
      <object_component id="oc-191">
         <name>.text:PWMOutputState</name>
         <load_address>0x2708</load_address>
         <run_address>0x2708</run_address>
         <size>0x12</size>
         <input_file_ref idref="fl-12"/>
      </object_component>
      <object_component id="oc-bf">
         <name>.text:TimerLoadSet</name>
         <load_address>0x271a</load_address>
         <run_address>0x271a</run_address>
         <size>0x12</size>
         <input_file_ref idref="fl-14"/>
      </object_component>
      <object_component id="oc-161">
         <name>.text:IntMasterEnable</name>
         <load_address>0x272c</load_address>
         <run_address>0x272c</run_address>
         <size>0x10</size>
         <input_file_ref idref="fl-11"/>
      </object_component>
      <object_component id="oc-185">
         <name>.text:PWMGenPeriodSet</name>
         <load_address>0x273c</load_address>
         <run_address>0x273c</run_address>
         <size>0x10</size>
         <input_file_ref idref="fl-12"/>
      </object_component>
      <object_component id="oc-8d">
         <name>.text:TimerEnable</name>
         <load_address>0x274c</load_address>
         <run_address>0x274c</run_address>
         <size>0xe</size>
         <input_file_ref idref="fl-14"/>
      </object_component>
      <object_component id="oc-12">
         <name>.text:decompress:none</name>
         <load_address>0x275a</load_address>
         <run_address>0x275a</run_address>
         <size>0xe</size>
         <input_file_ref idref="fl-13a"/>
      </object_component>
      <object_component id="oc-234">
         <name>.text:CPUcpsie</name>
         <load_address>0x2768</load_address>
         <run_address>0x2768</run_address>
         <size>0xc</size>
         <input_file_ref idref="fl-16"/>
      </object_component>
      <object_component id="oc-197">
         <name>.text:PWMGenEnable</name>
         <load_address>0x2774</load_address>
         <run_address>0x2774</run_address>
         <size>0xc</size>
         <input_file_ref idref="fl-12"/>
      </object_component>
      <object_component id="oc-1e">
         <name>.text:decompress:ZI</name>
         <load_address>0x2780</load_address>
         <run_address>0x2780</run_address>
         <size>0xc</size>
         <input_file_ref idref="fl-13c"/>
      </object_component>
      <object_component id="oc-2a">
         <name>.text</name>
         <load_address>0x278c</load_address>
         <run_address>0x278c</run_address>
         <size>0xc</size>
         <input_file_ref idref="fl-7"/>
      </object_component>
      <object_component id="oc-12c">
         <name>.text:UARTCharGet</name>
         <load_address>0x2798</load_address>
         <run_address>0x2798</run_address>
         <size>0xa</size>
         <input_file_ref idref="fl-15"/>
      </object_component>
      <object_component id="oc-126">
         <name>.text:UARTCharPut</name>
         <load_address>0x27a2</load_address>
         <run_address>0x27a2</run_address>
         <size>0xa</size>
         <input_file_ref idref="fl-15"/>
      </object_component>
      <object_component id="oc-cb">
         <name>.text:TimerIntEnable</name>
         <load_address>0x27ac</load_address>
         <run_address>0x27ac</run_address>
         <size>0x8</size>
         <input_file_ref idref="fl-14"/>
      </object_component>
      <object_component id="oc-23d">
         <name>.text:GPIOPinWrite</name>
         <load_address>0x27b4</load_address>
         <run_address>0x27b4</run_address>
         <size>0x6</size>
         <input_file_ref idref="fl-10"/>
      </object_component>
      <object_component id="oc-21f">
         <name>.text:SysCtlDelay</name>
         <load_address>0x27ba</load_address>
         <run_address>0x27ba</run_address>
         <size>0x6</size>
         <input_file_ref idref="fl-13"/>
      </object_component>
      <object_component id="oc-15b">
         <name>.text:UARTClockSourceSet</name>
         <load_address>0x27c0</load_address>
         <run_address>0x27c0</run_address>
         <size>0x6</size>
         <input_file_ref idref="fl-15"/>
      </object_component>
      <object_component id="oc-18">
         <name>.text:decompress:rle24</name>
         <load_address>0x27c6</load_address>
         <run_address>0x27c6</run_address>
         <size>0x6</size>
         <input_file_ref idref="fl-13b"/>
      </object_component>
      <object_component id="oc-d1">
         <name>.text:TimerIntClear</name>
         <load_address>0x27cc</load_address>
         <run_address>0x27cc</run_address>
         <size>0x4</size>
         <input_file_ref idref="fl-14"/>
      </object_component>
      <object_component id="oc-5e">
         <name>.text</name>
         <load_address>0x27d0</load_address>
         <run_address>0x27d0</run_address>
         <size>0x4</size>
         <input_file_ref idref="fl-147"/>
      </object_component>
      <object_component id="oc-262">
         <name>.const:.string</name>
         <load_address>0x27d8</load_address>
         <run_address>0x27d8</run_address>
         <size>0x1e0</size>
         <input_file_ref idref="fl-3"/>
      </object_component>
      <object_component id="oc-2e1">
         <name>.const:.string:_ctypes_</name>
         <load_address>0x29b8</load_address>
         <run_address>0x29b8</run_address>
         <size>0x101</size>
         <input_file_ref idref="fl-13d"/>
      </object_component>
      <object_component id="oc-221">
         <name>.const:g_pui32GPIOBaseAddrs</name>
         <load_address>0x2abc</load_address>
         <run_address>0x2abc</run_address>
         <size>0x90</size>
         <input_file_ref idref="fl-10"/>
      </object_component>
      <object_component id="oc-2ac">
         <name>.const</name>
         <load_address>0x2b50</load_address>
         <run_address>0x2b50</run_address>
         <size>0x80</size>
         <input_file_ref idref="fl-14d"/>
      </object_component>
      <object_component id="oc-1d7">
         <name>.const</name>
         <load_address>0x2bd0</load_address>
         <run_address>0x2bd0</run_address>
         <size>0x70</size>
         <input_file_ref idref="fl-11"/>
      </object_component>
      <object_component id="oc-1ce">
         <name>.const:g_pui32Xtals</name>
         <load_address>0x2c40</load_address>
         <run_address>0x2c40</run_address>
         <size>0x6c</size>
         <input_file_ref idref="fl-13"/>
      </object_component>
      <object_component id="oc-132">
         <name>.const</name>
         <load_address>0x2cac</load_address>
         <run_address>0x2cac</run_address>
         <size>0x1c</size>
         <input_file_ref idref="fl-9"/>
      </object_component>
      <object_component id="oc-211">
         <name>.const:.string</name>
         <load_address>0x2cc8</load_address>
         <run_address>0x2cc8</run_address>
         <size>0x12</size>
         <input_file_ref idref="fl-9"/>
      </object_component>
      <object_component id="oc-34b">
         <name>.cinit..data.load</name>
         <load_address>0x2ce0</load_address>
         <run_address>0x2ce0</run_address>
         <size>0x107</size>
      </object_component>
      <object_component id="oc-349">
         <name>__TI_handler_table</name>
         <load_address>0x2de8</load_address>
         <run_address>0x2de8</run_address>
         <size>0xc</size>
      </object_component>
      <object_component id="oc-34c">
         <name>.cinit..bss.load</name>
         <load_address>0x2df8</load_address>
         <run_address>0x2df8</run_address>
         <size>0x8</size>
      </object_component>
      <object_component id="oc-34a">
         <name>__TI_cinit_table</name>
         <load_address>0x2e00</load_address>
         <run_address>0x2e00</run_address>
         <size>0x10</size>
      </object_component>
      <object_component id="oc-29">
         <name>.stack</name>
         <uninitialized>true</uninitialized>
         <run_address>0x200008a8</run_address>
         <size>0x0</size>
         <input_file_ref idref="fl-139"/>
      </object_component>
      <object_component id="oc-34d">
         <name>.stack</name>
         <uninitialized>true</uninitialized>
         <run_address>0x200008a8</run_address>
         <size>0x0</size>
      </object_component>
      <object_component id="oc-da">
         <name>.bss:g_cInput</name>
         <uninitialized>true</uninitialized>
         <run_address>0x20000800</run_address>
         <size>0x80</size>
         <input_file_ref idref="fl-5"/>
      </object_component>
      <object_component id="oc-1b4">
         <name>.bss:sineTable</name>
         <uninitialized>true</uninitialized>
         <run_address>0x20000000</run_address>
         <size>0x800</size>
         <input_file_ref idref="fl-6"/>
      </object_component>
      <object_component id="oc-1c3">
         <name>.bss:g_ppcArgv</name>
         <uninitialized>true</uninitialized>
         <run_address>0x20000880</run_address>
         <size>0x24</size>
         <input_file_ref idref="fl-8"/>
      </object_component>
      <object_component id="oc-d7">
         <name>.common:RUNNING</name>
         <uninitialized>true</uninitialized>
         <run_address>0x200008a4</run_address>
         <size>0x4</size>
      </object_component>
      <object_component id="oc-1c6">
         <name>.data:g_psCmdTable</name>
         <load_address>0x20000ca8</load_address>
         <run_address>0x20000ca8</run_address>
         <size>0xcc</size>
         <input_file_ref idref="fl-3"/>
      </object_component>
      <object_component id="oc-dd">
         <name>.data</name>
         <load_address>0x20000e24</load_address>
         <run_address>0x20000e24</run_address>
         <size>0x4</size>
         <input_file_ref idref="fl-5"/>
      </object_component>
      <object_component id="oc-1b7">
         <name>.data</name>
         <load_address>0x20000ec0</load_address>
         <run_address>0x20000ec0</run_address>
         <size>0x8</size>
         <input_file_ref idref="fl-6"/>
      </object_component>
      <object_component id="oc-135">
         <name>.data</name>
         <load_address>0x20000ec8</load_address>
         <run_address>0x20000ec8</run_address>
         <size>0x5</size>
         <input_file_ref idref="fl-9"/>
      </object_component>
      <object_component id="oc-10c">
         <name>.data</name>
         <load_address>0x20000eb0</load_address>
         <run_address>0x20000eb0</run_address>
         <size>0x8</size>
         <input_file_ref idref="fl-13e"/>
      </object_component>
      <object_component id="oc-76">
         <name>.data</name>
         <load_address>0x20000ed4</load_address>
         <run_address>0x20000ed4</run_address>
         <size>0x4</size>
         <input_file_ref idref="fl-149"/>
      </object_component>
      <object_component id="oc-2a9">
         <name>.data</name>
         <load_address>0x20000e28</load_address>
         <run_address>0x20000e28</run_address>
         <size>0x80</size>
         <input_file_ref idref="fl-14e"/>
      </object_component>
      <object_component id="oc-109">
         <name>.data</name>
         <load_address>0x20000ea8</load_address>
         <run_address>0x20000ea8</run_address>
         <size>0x8</size>
         <input_file_ref idref="fl-14f"/>
      </object_component>
      <object_component id="oc-2d2">
         <name>.data</name>
         <load_address>0x20000ed0</load_address>
         <run_address>0x20000ed0</run_address>
         <size>0x4</size>
         <input_file_ref idref="fl-159"/>
      </object_component>
      <object_component id="oc-2f2">
         <name>.data</name>
         <load_address>0x20000eb8</load_address>
         <run_address>0x20000eb8</run_address>
         <size>0x8</size>
         <input_file_ref idref="fl-15a"/>
      </object_component>
      <object_component id="oc-316">
         <name>.data:sigtable</name>
         <load_address>0x20000d74</load_address>
         <run_address>0x20000d74</run_address>
         <size>0xb0</size>
         <input_file_ref idref="fl-15c"/>
      </object_component>
      <object_component id="oc-19e">
         <name>.debug_info</name>
         <load_address>0x0</load_address>
         <run_address>0x0</run_address>
         <size>0x568</size>
         <input_file_ref idref="fl-2"/>
      </object_component>
      <object_component id="oc-82">
         <name>.debug_info</name>
         <load_address>0x568</load_address>
         <run_address>0x568</run_address>
         <size>0x5cf</size>
         <input_file_ref idref="fl-2"/>
      </object_component>
      <object_component id="oc-26e">
         <name>.debug_info</name>
         <load_address>0xb37</load_address>
         <run_address>0xb37</run_address>
         <size>0x7f</size>
         <input_file_ref idref="fl-2"/>
      </object_component>
      <object_component id="oc-13e">
         <name>.debug_info</name>
         <load_address>0xbb6</load_address>
         <run_address>0xbb6</run_address>
         <size>0x8b</size>
         <input_file_ref idref="fl-2"/>
      </object_component>
      <object_component id="oc-e4">
         <name>.debug_info</name>
         <load_address>0xc41</load_address>
         <run_address>0xc41</run_address>
         <size>0x18b</size>
         <input_file_ref idref="fl-2"/>
      </object_component>
      <object_component id="oc-144">
         <name>.debug_info</name>
         <load_address>0xdcc</load_address>
         <run_address>0xdcc</run_address>
         <size>0x4e</size>
         <input_file_ref idref="fl-2"/>
      </object_component>
      <object_component id="oc-26b">
         <name>.debug_info</name>
         <load_address>0xe1a</load_address>
         <run_address>0xe1a</run_address>
         <size>0x33a</size>
         <input_file_ref idref="fl-3"/>
      </object_component>
      <object_component id="oc-1c7">
         <name>.debug_info</name>
         <load_address>0x1154</load_address>
         <run_address>0x1154</run_address>
         <size>0xce</size>
         <input_file_ref idref="fl-3"/>
      </object_component>
      <object_component id="oc-264">
         <name>.debug_info</name>
         <load_address>0x1222</load_address>
         <run_address>0x1222</run_address>
         <size>0xd9f</size>
         <input_file_ref idref="fl-3"/>
      </object_component>
      <object_component id="oc-df">
         <name>.debug_info</name>
         <load_address>0x1fc1</load_address>
         <run_address>0x1fc1</run_address>
         <size>0x84</size>
         <input_file_ref idref="fl-3"/>
      </object_component>
      <object_component id="oc-174">
         <name>.debug_info</name>
         <load_address>0x2045</load_address>
         <run_address>0x2045</run_address>
         <size>0x7e1</size>
         <input_file_ref idref="fl-4"/>
      </object_component>
      <object_component id="oc-d8">
         <name>.debug_info</name>
         <load_address>0x2826</load_address>
         <run_address>0x2826</run_address>
         <size>0x3c1</size>
         <input_file_ref idref="fl-5"/>
      </object_component>
      <object_component id="oc-db">
         <name>.debug_info</name>
         <load_address>0x2be7</load_address>
         <run_address>0x2be7</run_address>
         <size>0xc2</size>
         <input_file_ref idref="fl-5"/>
      </object_component>
      <object_component id="oc-32">
         <name>.debug_info</name>
         <load_address>0x2ca9</load_address>
         <run_address>0x2ca9</run_address>
         <size>0x508</size>
         <input_file_ref idref="fl-5"/>
      </object_component>
      <object_component id="oc-259">
         <name>.debug_info</name>
         <load_address>0x31b1</load_address>
         <run_address>0x31b1</run_address>
         <size>0x114</size>
         <input_file_ref idref="fl-6"/>
      </object_component>
      <object_component id="oc-1b5">
         <name>.debug_info</name>
         <load_address>0x32c5</load_address>
         <run_address>0x32c5</run_address>
         <size>0xca</size>
         <input_file_ref idref="fl-6"/>
      </object_component>
      <object_component id="oc-1b8">
         <name>.debug_info</name>
         <load_address>0x338f</load_address>
         <run_address>0x338f</run_address>
         <size>0xda</size>
         <input_file_ref idref="fl-6"/>
      </object_component>
      <object_component id="oc-88">
         <name>.debug_info</name>
         <load_address>0x3469</load_address>
         <run_address>0x3469</run_address>
         <size>0x286</size>
         <input_file_ref idref="fl-6"/>
      </object_component>
      <object_component id="oc-38">
         <name>.debug_info</name>
         <load_address>0x36ef</load_address>
         <run_address>0x36ef</run_address>
         <size>0x11e</size>
         <input_file_ref idref="fl-7"/>
      </object_component>
      <object_component id="oc-10">
         <name>.debug_info</name>
         <load_address>0x380d</load_address>
         <run_address>0x380d</run_address>
         <size>0xdf</size>
         <input_file_ref idref="fl-7"/>
      </object_component>
      <object_component id="oc-2b">
         <name>.debug_info</name>
         <load_address>0x38ec</load_address>
         <run_address>0x38ec</run_address>
         <size>0x25b</size>
         <input_file_ref idref="fl-7"/>
      </object_component>
      <object_component id="oc-1ca">
         <name>.debug_info</name>
         <load_address>0x3b47</load_address>
         <run_address>0x3b47</run_address>
         <size>0x14d</size>
         <input_file_ref idref="fl-8"/>
      </object_component>
      <object_component id="oc-1c4">
         <name>.debug_info</name>
         <load_address>0x3c94</load_address>
         <run_address>0x3c94</run_address>
         <size>0xcc</size>
         <input_file_ref idref="fl-8"/>
      </object_component>
      <object_component id="oc-94">
         <name>.debug_info</name>
         <load_address>0x3d60</load_address>
         <run_address>0x3d60</run_address>
         <size>0x1c6</size>
         <input_file_ref idref="fl-8"/>
      </object_component>
      <object_component id="oc-f6">
         <name>.debug_info</name>
         <load_address>0x3f26</load_address>
         <run_address>0x3f26</run_address>
         <size>0x2c</size>
         <input_file_ref idref="fl-8"/>
      </object_component>
      <object_component id="oc-143">
         <name>.debug_info</name>
         <load_address>0x3f52</load_address>
         <run_address>0x3f52</run_address>
         <size>0x233</size>
         <input_file_ref idref="fl-9"/>
      </object_component>
      <object_component id="oc-136">
         <name>.debug_info</name>
         <load_address>0x4185</load_address>
         <run_address>0x4185</run_address>
         <size>0xd0</size>
         <input_file_ref idref="fl-9"/>
      </object_component>
      <object_component id="oc-133">
         <name>.debug_info</name>
         <load_address>0x4255</load_address>
         <run_address>0x4255</run_address>
         <size>0x126</size>
         <input_file_ref idref="fl-9"/>
      </object_component>
      <object_component id="oc-7e">
         <name>.debug_info</name>
         <load_address>0x437b</load_address>
         <run_address>0x437b</run_address>
         <size>0x7b5</size>
         <input_file_ref idref="fl-9"/>
      </object_component>
      <object_component id="oc-225">
         <name>.debug_info</name>
         <load_address>0x4b30</load_address>
         <run_address>0x4b30</run_address>
         <size>0x230</size>
         <input_file_ref idref="fl-10"/>
      </object_component>
      <object_component id="oc-222">
         <name>.debug_info</name>
         <load_address>0x4d60</load_address>
         <run_address>0x4d60</run_address>
         <size>0x15b</size>
         <input_file_ref idref="fl-10"/>
      </object_component>
      <object_component id="oc-241">
         <name>.debug_info</name>
         <load_address>0x4ebb</load_address>
         <run_address>0x4ebb</run_address>
         <size>0x2a3</size>
         <input_file_ref idref="fl-10"/>
      </object_component>
      <object_component id="oc-22a">
         <name>.debug_info</name>
         <load_address>0x515e</load_address>
         <run_address>0x515e</run_address>
         <size>0x2b3</size>
         <input_file_ref idref="fl-10"/>
      </object_component>
      <object_component id="oc-230">
         <name>.debug_info</name>
         <load_address>0x5411</load_address>
         <run_address>0x5411</run_address>
         <size>0x316</size>
         <input_file_ref idref="fl-10"/>
      </object_component>
      <object_component id="oc-159">
         <name>.debug_info</name>
         <load_address>0x5727</load_address>
         <run_address>0x5727</run_address>
         <size>0x27b</size>
         <input_file_ref idref="fl-10"/>
      </object_component>
      <object_component id="oc-17c">
         <name>.debug_info</name>
         <load_address>0x59a2</load_address>
         <run_address>0x59a2</run_address>
         <size>0x279</size>
         <input_file_ref idref="fl-10"/>
      </object_component>
      <object_component id="oc-170">
         <name>.debug_info</name>
         <load_address>0x5c1b</load_address>
         <run_address>0x5c1b</run_address>
         <size>0x2b7</size>
         <input_file_ref idref="fl-10"/>
      </object_component>
      <object_component id="oc-151">
         <name>.debug_info</name>
         <load_address>0x5ed2</load_address>
         <run_address>0x5ed2</run_address>
         <size>0x280</size>
         <input_file_ref idref="fl-10"/>
      </object_component>
      <object_component id="oc-1db">
         <name>.debug_info</name>
         <load_address>0x6152</load_address>
         <run_address>0x6152</run_address>
         <size>0x20e</size>
         <input_file_ref idref="fl-11"/>
      </object_component>
      <object_component id="oc-1d8">
         <name>.debug_info</name>
         <load_address>0x6360</load_address>
         <run_address>0x6360</run_address>
         <size>0x210</size>
         <input_file_ref idref="fl-11"/>
      </object_component>
      <object_component id="oc-162">
         <name>.debug_info</name>
         <load_address>0x6570</load_address>
         <run_address>0x6570</run_address>
         <size>0x23e</size>
         <input_file_ref idref="fl-11"/>
      </object_component>
      <object_component id="oc-c6">
         <name>.debug_info</name>
         <load_address>0x67ae</load_address>
         <run_address>0x67ae</run_address>
         <size>0x268</size>
         <input_file_ref idref="fl-11"/>
      </object_component>
      <object_component id="oc-246">
         <name>.debug_info</name>
         <load_address>0x6a16</load_address>
         <run_address>0x6a16</run_address>
         <size>0x1ed</size>
         <input_file_ref idref="fl-12"/>
      </object_component>
      <object_component id="oc-18e">
         <name>.debug_info</name>
         <load_address>0x6c03</load_address>
         <run_address>0x6c03</run_address>
         <size>0x2f6</size>
         <input_file_ref idref="fl-12"/>
      </object_component>
      <object_component id="oc-194">
         <name>.debug_info</name>
         <load_address>0x6ef9</load_address>
         <run_address>0x6ef9</run_address>
         <size>0x2c4</size>
         <input_file_ref idref="fl-12"/>
      </object_component>
      <object_component id="oc-188">
         <name>.debug_info</name>
         <load_address>0x71bd</load_address>
         <run_address>0x71bd</run_address>
         <size>0x2b6</size>
         <input_file_ref idref="fl-12"/>
      </object_component>
      <object_component id="oc-19a">
         <name>.debug_info</name>
         <load_address>0x7473</load_address>
         <run_address>0x7473</run_address>
         <size>0x276</size>
         <input_file_ref idref="fl-12"/>
      </object_component>
      <object_component id="oc-182">
         <name>.debug_info</name>
         <load_address>0x76e9</load_address>
         <run_address>0x76e9</run_address>
         <size>0x2b3</size>
         <input_file_ref idref="fl-12"/>
      </object_component>
      <object_component id="oc-1cc">
         <name>.debug_info</name>
         <load_address>0x799c</load_address>
         <run_address>0x799c</run_address>
         <size>0x27f</size>
         <input_file_ref idref="fl-13"/>
      </object_component>
      <object_component id="oc-1cf">
         <name>.debug_info</name>
         <load_address>0x7c1b</load_address>
         <run_address>0x7c1b</run_address>
         <size>0x14d</size>
         <input_file_ref idref="fl-13"/>
      </object_component>
      <object_component id="oc-116">
         <name>.debug_info</name>
         <load_address>0x7d68</load_address>
         <run_address>0x7d68</run_address>
         <size>0x283</size>
         <input_file_ref idref="fl-13"/>
      </object_component>
      <object_component id="oc-9b">
         <name>.debug_info</name>
         <load_address>0x7feb</load_address>
         <run_address>0x7feb</run_address>
         <size>0x27d</size>
         <input_file_ref idref="fl-13"/>
      </object_component>
      <object_component id="oc-169">
         <name>.debug_info</name>
         <load_address>0x8268</load_address>
         <run_address>0x8268</run_address>
         <size>0x263</size>
         <input_file_ref idref="fl-13"/>
      </object_component>
      <object_component id="oc-14b">
         <name>.debug_info</name>
         <load_address>0x84cb</load_address>
         <run_address>0x84cb</run_address>
         <size>0x2db</size>
         <input_file_ref idref="fl-13"/>
      </object_component>
      <object_component id="oc-a7">
         <name>.debug_info</name>
         <load_address>0x87a6</load_address>
         <run_address>0x87a6</run_address>
         <size>0x2b5</size>
         <input_file_ref idref="fl-13"/>
      </object_component>
      <object_component id="oc-275">
         <name>.debug_info</name>
         <load_address>0x8a5b</load_address>
         <run_address>0x8a5b</run_address>
         <size>0x5f</size>
         <input_file_ref idref="fl-13"/>
      </object_component>
      <object_component id="oc-1bc">
         <name>.debug_info</name>
         <load_address>0x8aba</load_address>
         <run_address>0x8aba</run_address>
         <size>0x223</size>
         <input_file_ref idref="fl-14"/>
      </object_component>
      <object_component id="oc-c2">
         <name>.debug_info</name>
         <load_address>0x8cdd</load_address>
         <run_address>0x8cdd</run_address>
         <size>0x2ba</size>
         <input_file_ref idref="fl-14"/>
      </object_component>
      <object_component id="oc-ce">
         <name>.debug_info</name>
         <load_address>0x8f97</load_address>
         <run_address>0x8f97</run_address>
         <size>0x294</size>
         <input_file_ref idref="fl-14"/>
      </object_component>
      <object_component id="oc-d4">
         <name>.debug_info</name>
         <load_address>0x922b</load_address>
         <run_address>0x922b</run_address>
         <size>0x292</size>
         <input_file_ref idref="fl-14"/>
      </object_component>
      <object_component id="oc-90">
         <name>.debug_info</name>
         <load_address>0x94bd</load_address>
         <run_address>0x94bd</run_address>
         <size>0x27f</size>
         <input_file_ref idref="fl-14"/>
      </object_component>
      <object_component id="oc-a2">
         <name>.debug_info</name>
         <load_address>0x973c</load_address>
         <run_address>0x973c</run_address>
         <size>0x28c</size>
         <input_file_ref idref="fl-14"/>
      </object_component>
      <object_component id="oc-20d">
         <name>.debug_info</name>
         <load_address>0x99c8</load_address>
         <run_address>0x99c8</run_address>
         <size>0x227</size>
         <input_file_ref idref="fl-15"/>
      </object_component>
      <object_component id="oc-122">
         <name>.debug_info</name>
         <load_address>0x9bef</load_address>
         <run_address>0x9bef</run_address>
         <size>0x247</size>
         <input_file_ref idref="fl-15"/>
      </object_component>
      <object_component id="oc-207">
         <name>.debug_info</name>
         <load_address>0x9e36</load_address>
         <run_address>0x9e36</run_address>
         <size>0x249</size>
         <input_file_ref idref="fl-15"/>
      </object_component>
      <object_component id="oc-11b">
         <name>.debug_info</name>
         <load_address>0xa07f</load_address>
         <run_address>0xa07f</run_address>
         <size>0x326</size>
         <input_file_ref idref="fl-15"/>
      </object_component>
      <object_component id="oc-15c">
         <name>.debug_info</name>
         <load_address>0xa3a5</load_address>
         <run_address>0xa3a5</run_address>
         <size>0x291</size>
         <input_file_ref idref="fl-15"/>
      </object_component>
      <object_component id="oc-127">
         <name>.debug_info</name>
         <load_address>0xa636</load_address>
         <run_address>0xa636</run_address>
         <size>0x273</size>
         <input_file_ref idref="fl-15"/>
      </object_component>
      <object_component id="oc-12d">
         <name>.debug_info</name>
         <load_address>0xa8a9</load_address>
         <run_address>0xa8a9</run_address>
         <size>0x24d</size>
         <input_file_ref idref="fl-15"/>
      </object_component>
      <object_component id="oc-236">
         <name>.debug_info</name>
         <load_address>0xaaf6</load_address>
         <run_address>0xaaf6</run_address>
         <size>0x212</size>
         <input_file_ref idref="fl-16"/>
      </object_component>
      <object_component id="oc-2e5">
         <name>.debug_info</name>
         <load_address>0xad08</load_address>
         <run_address>0xad08</run_address>
         <size>0x12a</size>
         <input_file_ref idref="fl-138"/>
      </object_component>
      <object_component id="oc-2b5">
         <name>.debug_info</name>
         <load_address>0xae32</load_address>
         <run_address>0xae32</run_address>
         <size>0x187</size>
         <input_file_ref idref="fl-138"/>
      </object_component>
      <object_component id="oc-25">
         <name>.debug_info</name>
         <load_address>0xafb9</load_address>
         <run_address>0xafb9</run_address>
         <size>0x169</size>
         <input_file_ref idref="fl-139"/>
      </object_component>
      <object_component id="oc-44">
         <name>.debug_info</name>
         <load_address>0xb122</load_address>
         <run_address>0xb122</run_address>
         <size>0x156</size>
         <input_file_ref idref="fl-13a"/>
      </object_component>
      <object_component id="oc-13">
         <name>.debug_info</name>
         <load_address>0xb278</load_address>
         <run_address>0xb278</run_address>
         <size>0x1f5</size>
         <input_file_ref idref="fl-13a"/>
      </object_component>
      <object_component id="oc-3f">
         <name>.debug_info</name>
         <load_address>0xb46d</load_address>
         <run_address>0xb46d</run_address>
         <size>0x46</size>
         <input_file_ref idref="fl-13a"/>
      </object_component>
      <object_component id="oc-ec">
         <name>.debug_info</name>
         <load_address>0xb4b3</load_address>
         <run_address>0xb4b3</run_address>
         <size>0x2c</size>
         <input_file_ref idref="fl-13a"/>
      </object_component>
      <object_component id="oc-4c">
         <name>.debug_info</name>
         <load_address>0xb4df</load_address>
         <run_address>0xb4df</run_address>
         <size>0x14a</size>
         <input_file_ref idref="fl-13b"/>
      </object_component>
      <object_component id="oc-46">
         <name>.debug_info</name>
         <load_address>0xb629</load_address>
         <run_address>0xb629</run_address>
         <size>0x25d</size>
         <input_file_ref idref="fl-13b"/>
      </object_component>
      <object_component id="oc-1b">
         <name>.debug_info</name>
         <load_address>0xb886</load_address>
         <run_address>0xb886</run_address>
         <size>0x1c7</size>
         <input_file_ref idref="fl-13b"/>
      </object_component>
      <object_component id="oc-4d">
         <name>.debug_info</name>
         <load_address>0xba4d</load_address>
         <run_address>0xba4d</run_address>
         <size>0x39</size>
         <input_file_ref idref="fl-13b"/>
      </object_component>
      <object_component id="oc-5d">
         <name>.debug_info</name>
         <load_address>0xba86</load_address>
         <run_address>0xba86</run_address>
         <size>0x145</size>
         <input_file_ref idref="fl-13c"/>
      </object_component>
      <object_component id="oc-1f">
         <name>.debug_info</name>
         <load_address>0xbbcb</load_address>
         <run_address>0xbbcb</run_address>
         <size>0x1c0</size>
         <input_file_ref idref="fl-13c"/>
      </object_component>
      <object_component id="oc-58">
         <name>.debug_info</name>
         <load_address>0xbd8b</load_address>
         <run_address>0xbd8b</run_address>
         <size>0x46</size>
         <input_file_ref idref="fl-13c"/>
      </object_component>
      <object_component id="oc-2fc">
         <name>.debug_info</name>
         <load_address>0xbdd1</load_address>
         <run_address>0xbdd1</run_address>
         <size>0x104</size>
         <input_file_ref idref="fl-13d"/>
      </object_component>
      <object_component id="oc-2e2">
         <name>.debug_info</name>
         <load_address>0xbed5</load_address>
         <run_address>0xbed5</run_address>
         <size>0x110</size>
         <input_file_ref idref="fl-13d"/>
      </object_component>
      <object_component id="oc-110">
         <name>.debug_info</name>
         <load_address>0xbfe5</load_address>
         <run_address>0xbfe5</run_address>
         <size>0x1a7</size>
         <input_file_ref idref="fl-13e"/>
      </object_component>
      <object_component id="oc-10d">
         <name>.debug_info</name>
         <load_address>0xc18c</load_address>
         <run_address>0xc18c</run_address>
         <size>0x14c</size>
         <input_file_ref idref="fl-13e"/>
      </object_component>
      <object_component id="oc-71">
         <name>.debug_info</name>
         <load_address>0xc2d8</load_address>
         <run_address>0xc2d8</run_address>
         <size>0x223</size>
         <input_file_ref idref="fl-13e"/>
      </object_component>
      <object_component id="oc-1b1">
         <name>.debug_info</name>
         <load_address>0xc4fb</load_address>
         <run_address>0xc4fb</run_address>
         <size>0x13a</size>
         <input_file_ref idref="fl-13f"/>
      </object_component>
      <object_component id="oc-b6">
         <name>.debug_info</name>
         <load_address>0xc635</load_address>
         <run_address>0xc635</run_address>
         <size>0x14c</size>
         <input_file_ref idref="fl-140"/>
      </object_component>
      <object_component id="oc-b3">
         <name>.debug_info</name>
         <load_address>0xc781</load_address>
         <run_address>0xc781</run_address>
         <size>0x14c</size>
         <input_file_ref idref="fl-141"/>
      </object_component>
      <object_component id="oc-1ab">
         <name>.debug_info</name>
         <load_address>0xc8cd</load_address>
         <run_address>0xc8cd</run_address>
         <size>0x140</size>
         <input_file_ref idref="fl-142"/>
      </object_component>
      <object_component id="oc-bd">
         <name>.debug_info</name>
         <load_address>0xca0d</load_address>
         <run_address>0xca0d</run_address>
         <size>0x14b</size>
         <input_file_ref idref="fl-143"/>
      </object_component>
      <object_component id="oc-1a0">
         <name>.debug_info</name>
         <load_address>0xcb58</load_address>
         <run_address>0xcb58</run_address>
         <size>0x13e</size>
         <input_file_ref idref="fl-144"/>
      </object_component>
      <object_component id="oc-3b">
         <name>.debug_info</name>
         <load_address>0xcc96</load_address>
         <run_address>0xcc96</run_address>
         <size>0x12b</size>
         <input_file_ref idref="fl-145"/>
      </object_component>
      <object_component id="oc-55">
         <name>.debug_info</name>
         <load_address>0xcdc1</load_address>
         <run_address>0xcdc1</run_address>
         <size>0x159</size>
         <input_file_ref idref="fl-146"/>
      </object_component>
      <object_component id="oc-5f">
         <name>.debug_info</name>
         <load_address>0xcf1a</load_address>
         <run_address>0xcf1a</run_address>
         <size>0x15e</size>
         <input_file_ref idref="fl-147"/>
      </object_component>
      <object_component id="oc-1a5">
         <name>.debug_info</name>
         <load_address>0xd078</load_address>
         <run_address>0xd078</run_address>
         <size>0x150</size>
         <input_file_ref idref="fl-148"/>
      </object_component>
      <object_component id="oc-77">
         <name>.debug_info</name>
         <load_address>0xd1c8</load_address>
         <run_address>0xd1c8</run_address>
         <size>0x11f</size>
         <input_file_ref idref="fl-149"/>
      </object_component>
      <object_component id="oc-25f">
         <name>.debug_info</name>
         <load_address>0xd2e7</load_address>
         <run_address>0xd2e7</run_address>
         <size>0xfb</size>
         <input_file_ref idref="fl-14a"/>
      </object_component>
      <object_component id="oc-1c0">
         <name>.debug_info</name>
         <load_address>0xd3e2</load_address>
         <run_address>0xd3e2</run_address>
         <size>0x2a4</size>
         <input_file_ref idref="fl-14a"/>
      </object_component>
      <object_component id="oc-139">
         <name>.debug_info</name>
         <load_address>0xd686</load_address>
         <run_address>0xd686</run_address>
         <size>0x154</size>
         <input_file_ref idref="fl-14b"/>
      </object_component>
      <object_component id="oc-ac">
         <name>.debug_info</name>
         <load_address>0xd7da</load_address>
         <run_address>0xd7da</run_address>
         <size>0x140</size>
         <input_file_ref idref="fl-14c"/>
      </object_component>
      <object_component id="oc-2df">
         <name>.debug_info</name>
         <load_address>0xd91a</load_address>
         <run_address>0xd91a</run_address>
         <size>0x1dd</size>
         <input_file_ref idref="fl-14d"/>
      </object_component>
      <object_component id="oc-2ad">
         <name>.debug_info</name>
         <load_address>0xdaf7</load_address>
         <run_address>0xdaf7</run_address>
         <size>0x172</size>
         <input_file_ref idref="fl-14d"/>
      </object_component>
      <object_component id="oc-250">
         <name>.debug_info</name>
         <load_address>0xdc69</load_address>
         <run_address>0xdc69</run_address>
         <size>0x4bb</size>
         <input_file_ref idref="fl-14d"/>
      </object_component>
      <object_component id="oc-2d8">
         <name>.debug_info</name>
         <load_address>0xe124</load_address>
         <run_address>0xe124</run_address>
         <size>0x86</size>
         <input_file_ref idref="fl-14d"/>
      </object_component>
      <object_component id="oc-2aa">
         <name>.debug_info</name>
         <load_address>0xe1aa</load_address>
         <run_address>0xe1aa</run_address>
         <size>0x1ea</size>
         <input_file_ref idref="fl-14e"/>
      </object_component>
      <object_component id="oc-1ff">
         <name>.debug_info</name>
         <load_address>0xe394</load_address>
         <run_address>0xe394</run_address>
         <size>0x13a</size>
         <input_file_ref idref="fl-14f"/>
      </object_component>
      <object_component id="oc-10a">
         <name>.debug_info</name>
         <load_address>0xe4ce</load_address>
         <run_address>0xe4ce</run_address>
         <size>0x129</size>
         <input_file_ref idref="fl-14f"/>
      </object_component>
      <object_component id="oc-1f8">
         <name>.debug_info</name>
         <load_address>0xe5f7</load_address>
         <run_address>0xe5f7</run_address>
         <size>0x235</size>
         <input_file_ref idref="fl-14f"/>
      </object_component>
      <object_component id="oc-108">
         <name>.debug_info</name>
         <load_address>0xe82c</load_address>
         <run_address>0xe82c</run_address>
         <size>0x17c</size>
         <input_file_ref idref="fl-150"/>
      </object_component>
      <object_component id="oc-6c">
         <name>.debug_info</name>
         <load_address>0xe9a8</load_address>
         <run_address>0xe9a8</run_address>
         <size>0x17d</size>
         <input_file_ref idref="fl-150"/>
      </object_component>
      <object_component id="oc-1f2">
         <name>.debug_info</name>
         <load_address>0xeb25</load_address>
         <run_address>0xeb25</run_address>
         <size>0x5e</size>
         <input_file_ref idref="fl-150"/>
      </object_component>
      <object_component id="oc-106">
         <name>.debug_info</name>
         <load_address>0xeb83</load_address>
         <run_address>0xeb83</run_address>
         <size>0x2d3</size>
         <input_file_ref idref="fl-151"/>
      </object_component>
      <object_component id="oc-67">
         <name>.debug_info</name>
         <load_address>0xee56</load_address>
         <run_address>0xee56</run_address>
         <size>0x18d</size>
         <input_file_ref idref="fl-151"/>
      </object_component>
      <object_component id="oc-1e6">
         <name>.debug_info</name>
         <load_address>0xefe3</load_address>
         <run_address>0xefe3</run_address>
         <size>0x39</size>
         <input_file_ref idref="fl-151"/>
      </object_component>
      <object_component id="oc-1eb">
         <name>.debug_info</name>
         <load_address>0xf01c</load_address>
         <run_address>0xf01c</run_address>
         <size>0xcd</size>
         <input_file_ref idref="fl-151"/>
      </object_component>
      <object_component id="oc-1e3">
         <name>.debug_info</name>
         <load_address>0xf0e9</load_address>
         <run_address>0xf0e9</run_address>
         <size>0x1f6</size>
         <input_file_ref idref="fl-152"/>
      </object_component>
      <object_component id="oc-100">
         <name>.debug_info</name>
         <load_address>0xf2df</load_address>
         <run_address>0xf2df</run_address>
         <size>0x199</size>
         <input_file_ref idref="fl-152"/>
      </object_component>
      <object_component id="oc-282">
         <name>.debug_info</name>
         <load_address>0xf478</load_address>
         <run_address>0xf478</run_address>
         <size>0x2c</size>
         <input_file_ref idref="fl-152"/>
      </object_component>
      <object_component id="oc-2a1">
         <name>.debug_info</name>
         <load_address>0xf4a4</load_address>
         <run_address>0xf4a4</run_address>
         <size>0x15e</size>
         <input_file_ref idref="fl-153"/>
      </object_component>
      <object_component id="oc-2ca">
         <name>.debug_info</name>
         <load_address>0xf602</load_address>
         <run_address>0xf602</run_address>
         <size>0x1c0</size>
         <input_file_ref idref="fl-154"/>
      </object_component>
      <object_component id="oc-299">
         <name>.debug_info</name>
         <load_address>0xf7c2</load_address>
         <run_address>0xf7c2</run_address>
         <size>0x2d1</size>
         <input_file_ref idref="fl-154"/>
      </object_component>
      <object_component id="oc-217">
         <name>.debug_info</name>
         <load_address>0xfa93</load_address>
         <run_address>0xfa93</run_address>
         <size>0x15d</size>
         <input_file_ref idref="fl-155"/>
      </object_component>
      <object_component id="oc-2e7">
         <name>.debug_info</name>
         <load_address>0xfbf0</load_address>
         <run_address>0xfbf0</run_address>
         <size>0xfb</size>
         <input_file_ref idref="fl-156"/>
      </object_component>
      <object_component id="oc-2be">
         <name>.debug_info</name>
         <load_address>0xfceb</load_address>
         <run_address>0xfceb</run_address>
         <size>0x182</size>
         <input_file_ref idref="fl-156"/>
      </object_component>
      <object_component id="oc-2e9">
         <name>.debug_info</name>
         <load_address>0xfe6d</load_address>
         <run_address>0xfe6d</run_address>
         <size>0x146</size>
         <input_file_ref idref="fl-157"/>
      </object_component>
      <object_component id="oc-2c4">
         <name>.debug_info</name>
         <load_address>0xffb3</load_address>
         <run_address>0xffb3</run_address>
         <size>0x1c7</size>
         <input_file_ref idref="fl-157"/>
      </object_component>
      <object_component id="oc-2a5">
         <name>.debug_info</name>
         <load_address>0x1017a</load_address>
         <run_address>0x1017a</run_address>
         <size>0x188</size>
         <input_file_ref idref="fl-158"/>
      </object_component>
      <object_component id="oc-2d3">
         <name>.debug_info</name>
         <load_address>0x10302</load_address>
         <run_address>0x10302</run_address>
         <size>0x10b</size>
         <input_file_ref idref="fl-159"/>
      </object_component>
      <object_component id="oc-312">
         <name>.debug_info</name>
         <load_address>0x1040d</load_address>
         <run_address>0x1040d</run_address>
         <size>0x173</size>
         <input_file_ref idref="fl-15a"/>
      </object_component>
      <object_component id="oc-2f3">
         <name>.debug_info</name>
         <load_address>0x10580</load_address>
         <run_address>0x10580</run_address>
         <size>0x143</size>
         <input_file_ref idref="fl-15a"/>
      </object_component>
      <object_component id="oc-2ce">
         <name>.debug_info</name>
         <load_address>0x106c3</load_address>
         <run_address>0x106c3</run_address>
         <size>0x1a4</size>
         <input_file_ref idref="fl-15a"/>
      </object_component>
      <object_component id="oc-30d">
         <name>.debug_info</name>
         <load_address>0x10867</load_address>
         <run_address>0x10867</run_address>
         <size>0x6f</size>
         <input_file_ref idref="fl-15a"/>
      </object_component>
      <object_component id="oc-30a">
         <name>.debug_info</name>
         <load_address>0x108d6</load_address>
         <run_address>0x108d6</run_address>
         <size>0x132</size>
         <input_file_ref idref="fl-15b"/>
      </object_component>
      <object_component id="oc-2ee">
         <name>.debug_info</name>
         <load_address>0x10a08</load_address>
         <run_address>0x10a08</run_address>
         <size>0x189</size>
         <input_file_ref idref="fl-15b"/>
      </object_component>
      <object_component id="oc-31d">
         <name>.debug_info</name>
         <load_address>0x10b91</load_address>
         <run_address>0x10b91</run_address>
         <size>0x2c</size>
         <input_file_ref idref="fl-15b"/>
      </object_component>
      <object_component id="oc-31a">
         <name>.debug_info</name>
         <load_address>0x10bbd</load_address>
         <run_address>0x10bbd</run_address>
         <size>0x152</size>
         <input_file_ref idref="fl-15c"/>
      </object_component>
      <object_component id="oc-317">
         <name>.debug_info</name>
         <load_address>0x10d0f</load_address>
         <run_address>0x10d0f</run_address>
         <size>0x110</size>
         <input_file_ref idref="fl-15c"/>
      </object_component>
      <object_component id="oc-305">
         <name>.debug_info</name>
         <load_address>0x10e1f</load_address>
         <run_address>0x10e1f</run_address>
         <size>0x19f</size>
         <input_file_ref idref="fl-15c"/>
      </object_component>
      <object_component id="oc-34e">
         <name>.debug_info</name>
         <load_address>0x10fbe</load_address>
         <run_address>0x10fbe</run_address>
         <size>0x99</size>
      </object_component>
      <object_component id="oc-24c">
         <name>.debug_line</name>
         <load_address>0x0</load_address>
         <run_address>0x0</run_address>
         <size>0x15b</size>
         <input_file_ref idref="fl-2"/>
      </object_component>
      <object_component id="oc-86">
         <name>.debug_line</name>
         <load_address>0x15b</load_address>
         <run_address>0x15b</run_address>
         <size>0xa9</size>
         <input_file_ref idref="fl-2"/>
      </object_component>
      <object_component id="oc-271">
         <name>.debug_line</name>
         <load_address>0x204</load_address>
         <run_address>0x204</run_address>
         <size>0x35</size>
         <input_file_ref idref="fl-2"/>
      </object_component>
      <object_component id="oc-141">
         <name>.debug_line</name>
         <load_address>0x239</load_address>
         <run_address>0x239</run_address>
         <size>0x20</size>
         <input_file_ref idref="fl-2"/>
      </object_component>
      <object_component id="oc-e7">
         <name>.debug_line</name>
         <load_address>0x259</load_address>
         <run_address>0x259</run_address>
         <size>0x60</size>
         <input_file_ref idref="fl-2"/>
      </object_component>
      <object_component id="oc-147">
         <name>.debug_line</name>
         <load_address>0x2b9</load_address>
         <run_address>0x2b9</run_address>
         <size>0x60</size>
         <input_file_ref idref="fl-2"/>
      </object_component>
      <object_component id="oc-2bc">
         <name>.debug_line</name>
         <load_address>0x319</load_address>
         <run_address>0x319</run_address>
         <size>0x87</size>
         <input_file_ref idref="fl-3"/>
      </object_component>
      <object_component id="oc-26a">
         <name>.debug_line</name>
         <load_address>0x3a0</load_address>
         <run_address>0x3a0</run_address>
         <size>0x30</size>
         <input_file_ref idref="fl-3"/>
      </object_component>
      <object_component id="oc-267">
         <name>.debug_line</name>
         <load_address>0x3d0</load_address>
         <run_address>0x3d0</run_address>
         <size>0x214</size>
         <input_file_ref idref="fl-3"/>
      </object_component>
      <object_component id="oc-e2">
         <name>.debug_line</name>
         <load_address>0x5e4</load_address>
         <run_address>0x5e4</run_address>
         <size>0x20</size>
         <input_file_ref idref="fl-3"/>
      </object_component>
      <object_component id="oc-177">
         <name>.debug_line</name>
         <load_address>0x604</load_address>
         <run_address>0x604</run_address>
         <size>0x1c2</size>
         <input_file_ref idref="fl-4"/>
      </object_component>
      <object_component id="oc-1df">
         <name>.debug_line</name>
         <load_address>0x7c6</load_address>
[...]
      </symbol>
      <symbol id="sm-f2">
         <name>disableCoilB</name>
         <value>0xa09</value>
         <object_component_ref idref="oc-173"/>
      </symbol>
      <symbol id="sm-f3">
         <name>disableCoilA</name>
         <value>0x9f5</value>
         <object_component_ref idref="oc-173"/>
      </symbol>
      <symbol id="sm-f4">
         <name>signalPWM</name>
         <value>0xa55</value>
         <object_component_ref idref="oc-173"/>
      </symbol>
      <symbol id="sm-f5">
         <name>coilRelayEnable</name>
         <value>0xab7</value>
         <object_component_ref idref="oc-173"/>
      </symbol>
      <symbol id="sm-f6">
         <name>senseRelayDisable</name>
         <value>0xaf3</value>
         <object_component_ref idref="oc-173"/>
      </symbol>
      <symbol id="sm-126">
         <name>clockInterrupt</name>
         <value>0x1311</value>
         <object_component_ref idref="oc-30"/>
      </symbol>
      <symbol id="sm-127">
         <name>continueRunning</name>
         <value>0x12cf</value>
         <object_component_ref idref="oc-30"/>
      </symbol>
      <symbol id="sm-128">
         <name>main</name>
         <value>0x122f</value>
         <object_component_ref idref="oc-30"/>
      </symbol>
      <symbol id="sm-129">
         <name>initClock</name>
         <value>0x1285</value>
         <object_component_ref idref="oc-30"/>
      </symbol>
      <symbol id="sm-12a">
         <name>messages</name>
         <value>0x1221</value>
         <object_component_ref idref="oc-30"/>
      </symbol>
      <symbol id="sm-158">
         <name>increment</name>
         <value>0x158d</value>
         <object_component_ref idref="oc-87"/>
      </symbol>
      <symbol id="sm-159">
         <name>generateSineTable</name>
         <value>0x1541</value>
         <object_component_ref idref="oc-87"/>
      </symbol>
      <symbol id="sm-175">
         <name>ResetISR</name>
         <value>0x278d</value>
         <object_component_ref idref="oc-2a"/>
      </symbol>
      <symbol id="sm-176">
         <name>g_pfnVectors</name>
         <value>0x0</value>
         <object_component_ref idref="oc-f"/>
      </symbol>
      <symbol id="sm-19b">
         <name>CmdLineProcess</name>
         <value>0x1dc1</value>
         <object_component_ref idref="oc-93"/>
      </symbol>
      <symbol id="sm-200">
         <name>UARTgetc</name>
         <value>0x3b3</value>
         <object_component_ref idref="oc-7b"/>
      </symbol>
      <symbol id="sm-201">
         <name>UARTgets</name>
         <value>0x2f9</value>
         <object_component_ref idref="oc-7b"/>
      </symbol>
      <symbol id="sm-202">
         <name>UARTStdioConfig</name>
         <value>0x26d</value>
         <object_component_ref idref="oc-7b"/>
      </symbol>
      <symbol id="sm-203">
         <name>UARTwrite</name>
         <value>0x2b3</value>
         <object_component_ref idref="oc-7b"/>
      </symbol>
      <symbol id="sm-204">
         <name>UARTprintf</name>
         <value>0x6d3</value>
         <object_component_ref idref="oc-7b"/>
      </symbol>
      <symbol id="sm-205">
         <name>UARTvprintf</name>
         <value>0x3d9</value>
         <object_component_ref idref="oc-7b"/>
      </symbol>
      <symbol id="sm-250">
         <name>GPIOPinTypePWM</name>
         <value>0x26e5</value>
         <object_component_ref idref="oc-179"/>
      </symbol>
      <symbol id="sm-251">
         <name>GPIOPinConfigure</name>
         <value>0x2291</value>
         <object_component_ref idref="oc-14f"/>
      </symbol>
      <symbol id="sm-252">
         <name>GPIOPinTypeUART</name>
         <value>0x26f7</value>
         <object_component_ref idref="oc-155"/>
      </symbol>
      <symbol id="sm-253">
         <name>GPIOPinTypeGPIOOutput</name>
         <value>0x2661</value>
         <object_component_ref idref="oc-16d"/>
      </symbol>
      <symbol id="sm-254">
         <name>GPIODirModeSet</name>
         <value>0x259d</value>
         <object_component_ref idref="oc-226"/>
      </symbol>
      <symbol id="sm-255">
         <name>GPIOPinWrite</name>
         <value>0x27b5</value>
         <object_component_ref idref="oc-23d"/>
      </symbol>
      <symbol id="sm-256">
         <name>GPIOPadConfigSet</name>
         <value>0x17bf</value>
         <object_component_ref idref="oc-22c"/>
      </symbol>
      <symbol id="sm-286">
         <name>IntEnable</name>
         <value>0x20e1</value>
         <object_component_ref idref="oc-c5"/>
      </symbol>
      <symbol id="sm-287">
         <name>IntMasterEnable</name>
         <value>0x272d</value>
         <object_component_ref idref="oc-161"/>
      </symbol>
      <symbol id="sm-2b4">
         <name>PWMGenPeriodSet</name>
         <value>0x273d</value>
         <object_component_ref idref="oc-185"/>
      </symbol>
      <symbol id="sm-2b5">
         <name>PWMPulseWidthSet</name>
         <value>0x2629</value>
         <object_component_ref idref="oc-18b"/>
      </symbol>
      <symbol id="sm-2b6">
         <name>PWMOutputState</name>
         <value>0x2709</value>
         <object_component_ref idref="oc-191"/>
      </symbol>
      <symbol id="sm-2b7">
         <name>PWMGenEnable</name>
         <value>0x2775</value>
         <object_component_ref idref="oc-197"/>
      </symbol>
      <symbol id="sm-2b8">
         <name>PWMGenConfigure</name>
         <value>0x25c7</value>
         <object_component_ref idref="oc-17f"/>
      </symbol>
      <symbol id="sm-31f">
         <name>SysCtlPeripheralPresent</name>
         <value>0x2471</value>
         <object_component_ref idref="oc-114"/>
      </symbol>
      <symbol id="sm-320">
         <name>SysCtlClockSet</name>
         <value>0x1c0d</value>
         <object_component_ref idref="oc-149"/>
      </symbol>
      <symbol id="sm-321">
         <name>SysCtlDelay</name>
         <value>0x27bb</value>
         <object_component_ref idref="oc-21f"/>
      </symbol>
      <symbol id="sm-322">
         <name>SysCtlPeripheralEnable</name>
         <value>0x24a9</value>
         <object_component_ref idref="oc-99"/>
      </symbol>
      <symbol id="sm-323">
         <name>SysCtlClockGet</name>
         <value>0x18f1</value>
         <object_component_ref idref="oc-a5"/>
      </symbol>
      <symbol id="sm-324">
         <name>SysCtlPWMClockSet</name>
         <value>0x26a9</value>
         <object_component_ref idref="oc-167"/>
      </symbol>
      <symbol id="sm-358">
         <name>TimerLoadSet</name>
         <value>0x271b</value>
         <object_component_ref idref="oc-bf"/>
      </symbol>
      <symbol id="sm-359">
         <name>TimerEnable</name>
         <value>0x274d</value>
         <object_component_ref idref="oc-8d"/>
      </symbol>
      <symbol id="sm-35a">
         <name>TimerIntEnable</name>
         <value>0x27ad</value>
         <object_component_ref idref="oc-cb"/>
      </symbol>
      <symbol id="sm-35b">
         <name>TimerConfigure</name>
         <value>0x2149</value>
         <object_component_ref idref="oc-9f"/>
      </symbol>
      <symbol id="sm-35c">
         <name>TimerIntClear</name>
         <value>0x27cd</value>
         <object_component_ref idref="oc-d1"/>
      </symbol>
      <symbol id="sm-397">
         <name>UARTConfigSetExpClk</name>
         <value>0x2321</value>
         <object_component_ref idref="oc-11a"/>
      </symbol>
      <symbol id="sm-398">
         <name>UARTDisable</name>
         <value>0x25e9</value>
         <object_component_ref idref="oc-206"/>
      </symbol>
      <symbol id="sm-399">
         <name>UARTClockSourceSet</name>
         <value>0x27c1</value>
         <object_component_ref idref="oc-15b"/>
      </symbol>
      <symbol id="sm-39a">
         <name>UARTCharPut</name>
         <value>0x27a3</value>
         <object_component_ref idref="oc-126"/>
      </symbol>
      <symbol id="sm-39b">
         <name>UARTEnable</name>
         <value>0x26bd</value>
         <object_component_ref idref="oc-120"/>
      </symbol>
      <symbol id="sm-39c">
         <name>UARTCharGet</name>
         <value>0x2799</value>
         <object_component_ref idref="oc-12c"/>
      </symbol>
      <symbol id="sm-3a6">
         <name>CPUcpsie</name>
         <value>0x2769</value>
         <object_component_ref idref="oc-234"/>
      </symbol>
      <symbol id="sm-3bc">
         <name>atoi</name>
         <value>0x21f9</value>
         <object_component_ref idref="oc-2b4"/>
      </symbol>
      <symbol id="sm-3ce">
         <name>_c_int00</name>
         <value>0x21a9</value>
         <object_component_ref idref="oc-24"/>
      </symbol>
      <symbol id="sm-3cf">
         <name>__stack</name>
         <value>0x200008a8</value>
         <object_component_ref idref="oc-29"/>
      </symbol>
      <symbol id="sm-3e6">
         <name>__TI_decompress_none</name>
         <value>0x275b</value>
         <object_component_ref idref="oc-12"/>
      </symbol>
      <symbol id="sm-409">
         <name>__TI_decompress_rle24</name>
         <value>0x27c7</value>
         <object_component_ref idref="oc-18"/>
      </symbol>
      <symbol id="sm-41b">
         <name>__TI_zero_init</name>
         <value>0x2781</value>
         <object_component_ref idref="oc-1e"/>
      </symbol>
      <symbol id="sm-426">
         <name>_ctypes_</name>
         <value>0x29b8</value>
         <object_component_ref idref="oc-2e1"/>
      </symbol>
      <symbol id="sm-445">
         <name>C$$EXIT</name>
         <value>0x2369</value>
         <object_component_ref idref="oc-70"/>
      </symbol>
      <symbol id="sm-446">
         <name>abort</name>
         <value>0x236d</value>
         <object_component_ref idref="oc-70"/>
      </symbol>
      <symbol id="sm-447">
         <name>exit</name>
         <value>0x2375</value>
         <object_component_ref idref="oc-70"/>
      </symbol>
      <symbol id="sm-448">
         <name>__TI_dtors_ptr</name>
         <value>0x20000eb4</value>
         <object_component_ref idref="oc-10c"/>
      </symbol>
      <symbol id="sm-449">
         <name>__TI_cleanup_ptr</name>
         <value>0x20000eb0</value>
         <object_component_ref idref="oc-10c"/>
      </symbol>
      <symbol id="sm-460">
         <name>__aeabi_cdcmpeq</name>
         <value>0x1f09</value>
         <object_component_ref idref="oc-1af"/>
      </symbol>
      <symbol id="sm-461">
         <name>__aeabi_cdcmple</name>
         <value>0x1f09</value>
         <object_component_ref idref="oc-1af"/>
      </symbol>
      <symbol id="sm-481">
         <name>__aeabi_ddiv</name>
         <value>0x1689</value>
         <object_component_ref idref="oc-b5"/>
      </symbol>
      <symbol id="sm-498">
         <name>__aeabi_dmul</name>
         <value>0x1b11</value>
         <object_component_ref idref="oc-b0"/>
      </symbol>
      <symbol id="sm-4a6">
         <name>__aeabi_d2iz</name>
         <value>0x22d9</value>
         <object_component_ref idref="oc-1aa"/>
      </symbol>
      <symbol id="sm-4b3">
         <name>__aeabi_d2uiz</name>
         <value>0x23ad</value>
         <object_component_ref idref="oc-ba"/>
      </symbol>
      <symbol id="sm-4bf">
         <name>__aeabi_i2d</name>
         <value>0x2541</value>
         <object_component_ref idref="oc-19f"/>
      </symbol>
      <symbol id="sm-4da">
         <name>memcpy</name>
         <value>0x1e6d</value>
         <object_component_ref idref="oc-39"/>
      </symbol>
      <symbol id="sm-4db">
         <name>__aeabi_memcpy</name>
         <value>0x1e6d</value>
         <object_component_ref idref="oc-39"/>
      </symbol>
      <symbol id="sm-4dc">
         <name>__aeabi_memcpy8</name>
         <value>0x1e6d</value>
         <object_component_ref idref="oc-39"/>
      </symbol>
      <symbol id="sm-4dd">
         <name>__aeabi_memcpy4</name>
         <value>0x1e6d</value>
         <object_component_ref idref="oc-39"/>
      </symbol>
      <symbol id="sm-4ec">
         <name>__aeabi_memset</name>
         <value>0x1f91</value>
         <object_component_ref idref="oc-52"/>
      </symbol>
      <symbol id="sm-4ed">
         <name>memset</name>
         <value>0x1f97</value>
         <object_component_ref idref="oc-52"/>
      </symbol>
      <symbol id="sm-4ee">
         <name>__aeabi_memset8</name>
         <value>0x1f91</value>
         <object_component_ref idref="oc-52"/>
      </symbol>
      <symbol id="sm-4ef">
         <name>__aeabi_memset4</name>
         <value>0x1f91</value>
         <object_component_ref idref="oc-52"/>
      </symbol>
      <symbol id="sm-4f0">
         <name>__aeabi_memclr8</name>
         <value>0x1f8f</value>
         <object_component_ref idref="oc-52"/>
      </symbol>
      <symbol id="sm-4f1">
         <name>__aeabi_memclr4</name>
         <value>0x1f8f</value>
         <object_component_ref idref="oc-52"/>
      </symbol>
      <symbol id="sm-4f2">
         <name>__aeabi_memclr</name>
         <value>0x1f8f</value>
         <object_component_ref idref="oc-52"/>
      </symbol>
      <symbol id="sm-4fc">
         <name>_system_pre_init</name>
         <value>0x27d1</value>
         <object_component_ref idref="oc-5e"/>
      </symbol>
      <symbol id="sm-506">
         <name>sin</name>
         <value>0x2647</value>
         <object_component_ref idref="oc-1a4"/>
      </symbol>
      <symbol id="sm-50e">
         <name>main_func_sp</name>
         <value>0x20000ed4</value>
         <object_component_ref idref="oc-76"/>
      </symbol>
      <symbol id="sm-51d">
         <name>strcmp</name>
         <value>0x2691</value>
         <object_component_ref idref="oc-1bd"/>
      </symbol>
      <symbol id="sm-52f">
         <name>__aeabi_uidivmod</name>
         <value>0x2431</value>
         <object_component_ref idref="oc-138"/>
      </symbol>
      <symbol id="sm-530">
         <name>__aeabi_uidiv</name>
         <value>0x2431</value>
         <object_component_ref idref="oc-138"/>
      </symbol>
      <symbol id="sm-53c">
         <name>__aeabi_ui2d</name>
         <value>0x2609</value>
         <object_component_ref idref="oc-ab"/>
      </symbol>
      <symbol id="sm-57b">
         <name>_Sin</name>
         <value>0x709</value>
         <object_component_ref idref="oc-24e"/>
      </symbol>
      <symbol id="sm-58b">
         <name>_Rteps</name>
         <value>0x20000e88</value>
         <object_component_ref idref="oc-2a9"/>
      </symbol>
      <symbol id="sm-58c">
         <name>_Zero</name>
         <value>0x20000ea0</value>
         <object_component_ref idref="oc-2a9"/>
      </symbol>
      <symbol id="sm-58d">
         <name>_Hugeval</name>
         <value>0x20000e48</value>
         <object_component_ref idref="oc-2a9"/>
      </symbol>
      <symbol id="sm-58e">
         <name>_Snan</name>
         <value>0x20000e78</value>
         <object_component_ref idref="oc-2a9"/>
      </symbol>
      <symbol id="sm-58f">
         <name>_Nan</name>
         <value>0x20000e68</value>
         <object_component_ref idref="oc-2a9"/>
      </symbol>
      <symbol id="sm-590">
         <name>_Inf</name>
         <value>0x20000e58</value>
         <object_component_ref idref="oc-2a9"/>
      </symbol>
      <symbol id="sm-591">
         <name>_Xbig</name>
         <value>0x20000e98</value>
         <object_component_ref idref="oc-2a9"/>
      </symbol>
      <symbol id="sm-592">
         <name>_Eps</name>
         <value>0x20000e38</value>
         <object_component_ref idref="oc-2a9"/>
      </symbol>
      <symbol id="sm-593">
         <name>_Denorm</name>
         <value>0x20000e28</value>
         <object_component_ref idref="oc-2a9"/>
      </symbol>
      <symbol id="sm-5ac">
         <name>_nop</name>
         <value>0x26df</value>
         <object_component_ref idref="oc-1f7"/>
      </symbol>
      <symbol id="sm-5ad">
         <name>_lock</name>
         <value>0x20000ea8</value>
         <object_component_ref idref="oc-109"/>
      </symbol>
      <symbol id="sm-5ae">
         <name>_unlock</name>
         <value>0x20000eac</value>
         <object_component_ref idref="oc-109"/>
      </symbol>
      <symbol id="sm-5af">
         <name>_register_lock</name>
         <value>0x26d7</value>
         <object_component_ref idref="oc-1f7"/>
      </symbol>
      <symbol id="sm-5b0">
         <name>_register_unlock</name>
         <value>0x26d1</value>
         <object_component_ref idref="oc-1f7"/>
      </symbol>
      <symbol id="sm-5c5">
         <name>_args_main</name>
         <value>0x2679</value>
         <object_component_ref idref="oc-6a"/>
      </symbol>
      <symbol id="sm-5eb">
         <name>__TI_auto_init</name>
         <value>0x2009</value>
         <object_component_ref idref="oc-64"/>
      </symbol>
      <symbol id="sm-605">
         <name>copy_in</name>
         <value>0x2245</value>
         <object_component_ref idref="oc-ff"/>
      </symbol>
      <symbol id="sm-629">
         <name>__aeabi_dsub</name>
         <value>0x1069</value>
         <object_component_ref idref="oc-29e"/>
      </symbol>
      <symbol id="sm-62a">
         <name>__aeabi_dadd</name>
         <value>0x1073</value>
         <object_component_ref idref="oc-29e"/>
      </symbol>
      <symbol id="sm-64e">
         <name>fmod</name>
         <value>0x13cd</value>
         <object_component_ref idref="oc-298"/>
      </symbol>
      <symbol id="sm-658">
         <name>__aeabi_idiv0</name>
         <value>0x121f</value>
         <object_component_ref idref="oc-216"/>
      </symbol>
      <symbol id="sm-66d">
         <name>_Dnorm</name>
         <value>0x1d01</value>
         <object_component_ref idref="oc-2bd"/>
      </symbol>
      <symbol id="sm-689">
         <name>_Dscale</name>
         <value>0x1a01</value>
         <object_component_ref idref="oc-2c3"/>
      </symbol>
      <symbol id="sm-698">
         <name>_Feraise</name>
         <value>0x2511</value>
         <object_component_ref idref="oc-2a3"/>
      </symbol>
      <symbol id="sm-6a0">
         <name>_Errno</name>
         <value>0x20000ed0</value>
         <object_component_ref idref="oc-2d2"/>
      </symbol>
      <symbol id="sm-6be">
         <name>feraiseexcept</name>
         <value>0x24dd</value>
         <object_component_ref idref="oc-2cc"/>
      </symbol>
      <symbol id="sm-6bf">
         <name>_Tls_setup__Fenv</name>
         <value>0x20000ebc</value>
         <object_component_ref idref="oc-2f2"/>
      </symbol>
      <symbol id="sm-6c0">
         <name>_Fenv</name>
         <value>0x20000eb8</value>
         <object_component_ref idref="oc-2f2"/>
      </symbol>
      <symbol id="sm-6d4">
         <name>raise</name>
         <value>0x256f</value>
         <object_component_ref idref="oc-2ec"/>
      </symbol>
      <symbol id="sm-6ee">
         <name>signal</name>
         <value>0x23f1</value>
         <object_component_ref idref="oc-303"/>
      </symbol>
      <symbol id="sm-6ef">
         <name>__TI_static_base__</name>
         <value>0x0</value>
      </symbol>
      <symbol id="sm-6f2">
         <name>SHT$$INIT_ARRAY$$Limit</name>
         <value>0x0</value>
      </symbol>
      <symbol id="sm-6f3">
         <name>SHT$$INIT_ARRAY$$Base</name>
         <value>0x0</value>
      </symbol>
   </symbol_table>
   <title>Link successful</title>
</link_info>
