******************************************************************************
                  TI ARM Linker PC v5.2.7                      
******************************************************************************
>> Linked Wed Feb 24 20:11:42 2016

OUTPUT FILE NAME:   <BCWattBalance.out>
ENTRY POINT SYMBOL: "_c_int00"  address: 00000e65


MEMORY CONFIGURATION

         name            origin    length      used     unused   attr    fill
----------------------  --------  ---------  --------  --------  ----  --------
  FLASH                 00000000   00020000  000013d2  0001ec2e  R  X
  SRAM                  20000000   00008000  00000314  00007cec  RW X


SEGMENT ALLOCATION MAP

run origin  load origin   length   init length attrs members
----------  ----------- ---------- ----------- ----- -------
00000000    00000000    000013d8   000013d8    r-x
  00000000    00000000    0000026c   0000026c    r-- .intvecs
  0000026c    0000026c    00000f78   00000f78    r-x .text
  000011e4    000011e4    0000016e   0000016e    r-- .const
  00001358    00001358    00000080   00000080    r-- .cinit
20000000    20000000    00000314   00000000    rw-
  20000000    20000000    00000200   00000000    rw- .stack
  20000200    20000200    000000a4   00000000    rw- .bss
  200002a4    200002a4    00000070   00000000    rw- .data


SECTION ALLOCATION MAP

 output                                  attributes/
section   page    origin      length       input sections
--------  ----  ----------  ----------   ----------------
.intvecs   0    00000000    0000026c     
                  00000000    0000026c     tm4c123ge6pm_startup_ccs.obj (.intvecs)

.text      0    0000026c    00000f78     
                  0000026c    0000049c     uartstdio.obj (.text)
                  00000708    00000132     driverlib.lib : gpio.obj (.text:GPIOPadConfigSet)
                  0000083a    00000002     rtsv7M4_T_le_v4SPD16_eabi.lib : i_div0.obj (.text)
                  0000083c    00000124     board_init.obj (.text)
                  00000960    000000fc     console.obj (.text)
                  00000a5c    000000f4     driverlib.lib : sysctl.obj (.text:SysCtlClockSet)
                  00000b50    000000ac     cmdline.obj (.text)
                  00000bfc    0000009c     rtsv7M4_T_le_v4SPD16_eabi.lib : memcpy_t2.obj (.text)
                  00000c98    0000007a                                   : memset_t2.obj (.text)
                  00000d12    00000002     --HOLE-- [fill = 0]
                  00000d14    00000078     main.obj (.text)
                  00000d8c    0000006c     rtsv7M4_T_le_v4SPD16_eabi.lib : autoinit.obj (.text)
                  00000df8    0000006a                                   : copy_decompress_rle.obj (.text)
                  00000e62    00000002     --HOLE-- [fill = 0]
                  00000e64    00000050                                   : boot.obj (.text)
                  00000eb4    0000004c                                   : cpy_tbl.obj (.text)
                  00000f00    00000048     driverlib.lib : gpio.obj (.text:GPIOPinConfigure)
                  00000f48    00000046                   : uart.obj (.text:UARTConfigSetExpClk)
                  00000f8e    00000002     --HOLE-- [fill = 0]
                  00000f90    00000044     rtsv7M4_T_le_v4SPD16_eabi.lib : exit.obj (.text)
                  00000fd4    00000040     control.obj (.text)
                  00001014    00000040     rtsv7M4_T_le_v4SPD16_eabi.lib : u_divt2.obj (.text)
                  00001054    00000038     driverlib.lib : sysctl.obj (.text:SysCtlPeripheralPresent)
                  0000108c    00000034                   : sysctl.obj (.text:SysCtlPeripheralEnable)
                  000010c0    0000002a                   : gpio.obj (.text:GPIODirModeSet)
                  000010ea    00000002     --HOLE-- [fill = 0]
                  000010ec    00000020                   : uart.obj (.text:UARTDisable)
                  0000110c    00000018                   : gpio.obj (.text:GPIOPinTypeGPIOOutput)
                  00001124    00000018     rtsv7M4_T_le_v4SPD16_eabi.lib : args_main.obj (.text)
                  0000113c    00000018                                   : strcmp.obj (.text)
                  00001154    00000014     driverlib.lib : uart.obj (.text:UARTEnable)
                  00001168    00000014     rtsv7M4_T_le_v4SPD16_eabi.lib : _lock.obj (.text)
                  0000117c    00000012     driverlib.lib : gpio.obj (.text:GPIOPinTypeUART)
                  0000118e    0000000e     rtsv7M4_T_le_v4SPD16_eabi.lib : copy_decompress_none.obj (.text:decompress:none)
                  0000119c    0000000c                                   : copy_zero_init.obj (.text:decompress:ZI)
                  000011a8    0000000c     tm4c123ge6pm_startup_ccs.obj (.text)
                  000011b4    0000000a     driverlib.lib : uart.obj (.text:UARTCharGet)
                  000011be    0000000a                   : uart.obj (.text:UARTCharPut)
                  000011c8    00000006                   : gpio.obj (.text:GPIOPinWrite)
                  000011ce    00000006                   : sysctl.obj (.text:SysCtlDelay)
                  000011d4    00000006                   : uart.obj (.text:UARTClockSourceSet)
                  000011da    00000006     rtsv7M4_T_le_v4SPD16_eabi.lib : copy_decompress_rle.obj (.text:decompress:rle24)
                  000011e0    00000004                                   : pre_init.obj (.text)

.const     0    000011e4    0000016e     
                  000011e4    000000b0     console.obj (.const:.string)
                  00001294    00000090     driverlib.lib : gpio.obj (.const:g_pui32GPIOBaseAddrs)
                  00001324    0000001c     uartstdio.obj (.const)
                  00001340    00000012     uartstdio.obj (.const:.string)

.cinit     0    00001358    00000080     
                  00001358    00000058     (.cinit..data.load) [load image, compression = rle]
                  000013b0    0000000c     (__TI_handler_table)
                  000013bc    00000004     --HOLE-- [fill = 0]
                  000013c0    00000008     (.cinit..bss.load) [load image, compression = zero_init]
                  000013c8    00000010     (__TI_cinit_table)

.init_array 
*          0    00000000    00000000     UNINITIALIZED

.stack     0    20000000    00000200     UNINITIALIZED
                  20000000    00000200     --HOLE--

.bss       0    20000200    000000a4     UNINITIALIZED
                  20000200    00000080     main.obj (.bss:g_cInput)
                  20000280    00000024     cmdline.obj (.bss:g_ppcArgv)

.TI.noinit 
*          0    20000200    00000000     UNINITIALIZED

.data      0    200002a4    00000070     UNINITIALIZED
                  200002a4    00000054     console.obj (.data:g_psCmdTable)
                  200002f8    00000008     rtsv7M4_T_le_v4SPD16_eabi.lib : _lock.obj (.data)
                  20000300    00000008                                   : exit.obj (.data)
                  20000308    00000005     uartstdio.obj (.data)
                  2000030d    00000003     --HOLE--
                  20000310    00000004     rtsv7M4_T_le_v4SPD16_eabi.lib : stkdepth_vars.obj (.data)

.TI.persistent 
*          0    200002a4    00000000     UNINITIALIZED


LINKER GENERATED COPY TABLES

__TI_cinit_table @ 000013c8 records: 2, size/record: 8, table size: 16
	.data: load addr=00001358, load size=00000058 bytes, run addr=200002a4, run size=00000070 bytes, compression=rle
	.bss: load addr=000013c0, load size=00000008 bytes, run addr=20000200, run size=000000a4 bytes, compression=zero_init


LINKER GENERATED HANDLER TABLE

__TI_handler_table @ 000013b0 records: 3, size/record: 4, table size: 12
	index: 0, handler: __TI_decompress_rle24
	index: 1, handler: __TI_decompress_none
	index: 2, handler: __TI_zero_init


GLOBAL SYMBOLS: SORTED ALPHABETICALLY BY Name 

address   name                    
-------   ----                    
00000f91  C$$EXIT                 
00000961  CMD_help                
000009c5  CMD_laserAoff           
000009b1  CMD_laserAon            
000009ed  CMD_laserBoff           
000009d9  CMD_laserBon            
00000a01  CMD_shutdown            
00000b51  CmdLineProcess          
00000863  ConfigureUART           
000010c1  GPIODirModeSet          
00000709  GPIOPadConfigSet        
00000f01  GPIOPinConfigure        
0000110d  GPIOPinTypeGPIOOutput   
0000117d  GPIOPinTypeUART         
000011c9  GPIOPinWrite            
000011a9  ResetISR                
UNDEFED   SHT$$INIT_ARRAY$$Base   
UNDEFED   SHT$$INIT_ARRAY$$Limit  
00000a5d  SysCtlClockSet          
000011cf  SysCtlDelay             
0000108d  SysCtlPeripheralEnable  
00001055  SysCtlPeripheralPresent 
000011b5  UARTCharGet             
000011bf  UARTCharPut             
000011d5  UARTClockSourceSet      
00000f49  UARTConfigSetExpClk     
000010ed  UARTDisable             
00001155  UARTEnable              
0000026d  UARTStdioConfig         
000003b3  UARTgetc                
000002f9  UARTgets                
000006d3  UARTprintf              
000003d9  UARTvprintf             
000002b3  UARTwrite               
20000200  __STACK_END             
00000200  __STACK_SIZE            
20000200  __STACK_TOP             
000013c8  __TI_CINIT_Base         
000013d8  __TI_CINIT_Limit        
000013b0  __TI_Handler_Table_Base 
000013bc  __TI_Handler_Table_Limit
00000d8d  __TI_auto_init          
20000300  __TI_cleanup_ptr        
0000118f  __TI_decompress_none    
000011db  __TI_decompress_rle24   
20000304  __TI_dtors_ptr          
00000000  __TI_static_base__      
0000119d  __TI_zero_init          
0000083b  __aeabi_idiv0           
00000c99  __aeabi_memclr          
00000c99  __aeabi_memclr4         
00000c99  __aeabi_memclr8         
00000bfd  __aeabi_memcpy          
00000bfd  __aeabi_memcpy4         
00000bfd  __aeabi_memcpy8         
00000c9b  __aeabi_memset          
00000c9b  __aeabi_memset4         
00000c9b  __aeabi_memset8         
00001015  __aeabi_uidiv           
00001015  __aeabi_uidivmod        
ffffffff  __binit__               
ffffffff  __c_args__              
20000000  __stack                 
00001125  _args_main              
00000e65  _c_int00                
200002f8  _lock                   
00001177  _nop                    
0000116f  _register_lock          
00001169  _register_unlock        
000011e1  _system_pre_init        
200002fc  _unlock                 
00000f95  abort                   
ffffffff  binit                   
0000083d  board_INIT              
00000eb5  copy_in                 
00000fd5  disableLaserA           
00000fe5  disableLaserB           
00000ff5  enableLaserA            
00001005  enableLaserB            
00000f9d  exit                    
00000000  g_pfnVectors            
200002a4  g_psCmdTable            
00000d15  main                    
20000310  main_func_sp            
00000bfd  memcpy                  
00000ca1  memset                  
0000113d  strcmp                  


GLOBAL SYMBOLS: SORTED BY Symbol Address 

address   name                    
-------   ----                    
00000000  __TI_static_base__      
00000000  g_pfnVectors            
00000200  __STACK_SIZE            
0000026d  UARTStdioConfig         
000002b3  UARTwrite               
000002f9  UARTgets                
000003b3  UARTgetc                
000003d9  UARTvprintf             
000006d3  UARTprintf              
00000709  GPIOPadConfigSet        
0000083b  __aeabi_idiv0           
0000083d  board_INIT              
00000863  ConfigureUART           
00000961  CMD_help                
000009b1  CMD_laserAon            
000009c5  CMD_laserAoff           
000009d9  CMD_laserBon            
000009ed  CMD_laserBoff           
00000a01  CMD_shutdown            
00000a5d  SysCtlClockSet          
00000b51  CmdLineProcess          
00000bfd  __aeabi_memcpy          
00000bfd  __aeabi_memcpy4         
00000bfd  __aeabi_memcpy8         
00000bfd  memcpy                  
00000c99  __aeabi_memclr          
00000c99  __aeabi_memclr4         
00000c99  __aeabi_memclr8         
00000c9b  __aeabi_memset          
00000c9b  __aeabi_memset4         
00000c9b  __aeabi_memset8         
00000ca1  memset                  
00000d15  main                    
00000d8d  __TI_auto_init          
00000e65  _c_int00                
00000eb5  copy_in                 
00000f01  GPIOPinConfigure        
00000f49  UARTConfigSetExpClk     
00000f91  C$$EXIT                 
00000f95  abort                   
00000f9d  exit                    
00000fd5  disableLaserA           
00000fe5  disableLaserB           
00000ff5  enableLaserA            
00001005  enableLaserB            
00001015  __aeabi_uidiv           
00001015  __aeabi_uidivmod        
00001055  SysCtlPeripheralPresent 
0000108d  SysCtlPeripheralEnable  
000010c1  GPIODirModeSet          
000010ed  UARTDisable             
0000110d  GPIOPinTypeGPIOOutput   
00001125  _args_main              
0000113d  strcmp                  
00001155  UARTEnable              
00001169  _register_unlock        
0000116f  _register_lock          
00001177  _nop                    
0000117d  GPIOPinTypeUART         
0000118f  __TI_decompress_none    
0000119d  __TI_zero_init          
000011a9  ResetISR                
000011b5  UARTCharGet             
000011bf  UARTCharPut             
000011c9  GPIOPinWrite            
000011cf  SysCtlDelay             
000011d5  UARTClockSourceSet      
000011db  __TI_decompress_rle24   
000011e1  _system_pre_init        
000013b0  __TI_Handler_Table_Base 
000013bc  __TI_Handler_Table_Limit
000013c8  __TI_CINIT_Base         
000013d8  __TI_CINIT_Limit        
20000000  __stack                 
20000200  __STACK_END             
20000200  __STACK_TOP             
200002a4  g_psCmdTable            
200002f8  _lock                   
200002fc  _unlock                 
20000300  __TI_cleanup_ptr        
20000304  __TI_dtors_ptr          
20000310  main_func_sp            
ffffffff  __binit__               
ffffffff  __c_args__              
ffffffff  binit                   
UNDEFED   SHT$$INIT_ARRAY$$Base   
UNDEFED   SHT$$INIT_ARRAY$$Limit  

[87 symbols]
