******************************************************************************
                  TI ARM Linker PC v5.2.7                      
******************************************************************************
>> Linked Mon Apr 18 21:45:21 2016

OUTPUT FILE NAME:   <BCWattBalance.out>
ENTRY POINT SYMBOL: "_c_int00"  address: 000014ed


MEMORY CONFIGURATION

         name            origin    length      used     unused   attr    fill
----------------------  --------  ---------  --------  --------  ----  --------
  FLASH                 00000000   00020000  00001e86  0001e17a  R  X
  SRAM                  20000000   00008000  0000038c  00007c74  RW X


SEGMENT ALLOCATION MAP

run origin  load origin   length   init length attrs members
----------  ----------- ---------- ----------- ----- -------
00000000    00000000    00001e88   00001e88    r-x
  00000000    00000000    0000026c   0000026c    r-- .intvecs
  0000026c    0000026c    00001714   00001714    r-x .text
  00001980    00001980    0000040e   0000040e    r-- .const
  00001d90    00001d90    000000f8   000000f8    r-- .cinit
20000000    20000000    0000038c   00000000    rw-
  20000000    20000000    00000200   00000000    rw- .stack
  20000200    20000200    000000e8   00000000    rw- .data
  200002e8    200002e8    000000a4   00000000    rw- .bss


SECTION ALLOCATION MAP

 output                                  attributes/
section   page    origin      length       input sections
--------  ----  ----------  ----------   ----------------
.intvecs   0    00000000    0000026c     
                  00000000    0000026c     tm4c123ge6pm_startup_ccs.obj (.intvecs)

.text      0    0000026c    00001714     
                  0000026c    0000049c     uartstdio.obj (.text)
                  00000708    00000284     control.obj (.text)
                  0000098c    00000244     console.obj (.text)
                  00000bd0    000001d4     board_init.obj (.text)
                  00000da4    00000132     driverlib.lib : gpio.obj (.text:GPIOPadConfigSet)
                  00000ed6    00000002     rtsv7M4_T_le_v4SPD16_eabi.lib : i_div0.obj (.text)
                  00000ed8    00000110     driverlib.lib : sysctl.obj (.text:SysCtlClockGet)
                  00000fe8    000000fc     rtsv7M4_T_le_v4SPD16_eabi.lib : fd_mul_t2.obj (.text)
                  000010e4    000000f4     driverlib.lib : sysctl.obj (.text:SysCtlClockSet)
                  000011d8    000000ac     cmdline.obj (.text)
                  00001284    0000009c     rtsv7M4_T_le_v4SPD16_eabi.lib : memcpy_t2.obj (.text)
                  00001320    0000007a                                   : memset_t2.obj (.text)
                  0000139a    00000002     --HOLE-- [fill = 0]
                  0000139c    00000078     main.obj (.text)
                  00001414    0000006c     rtsv7M4_T_le_v4SPD16_eabi.lib : autoinit.obj (.text)
                  00001480    0000006a                                   : copy_decompress_rle.obj (.text)
                  000014ea    00000002     --HOLE-- [fill = 0]
                  000014ec    00000050                                   : boot.obj (.text)
                  0000153c    0000004c                                   : atoi.obj (.text)
                  00001588    0000004c                                   : cpy_tbl.obj (.text)
                  000015d4    00000048     driverlib.lib : gpio.obj (.text:GPIOPinConfigure)
                  0000161c    00000046                   : uart.obj (.text:UARTConfigSetExpClk)
                  00001662    00000002     --HOLE-- [fill = 0]
                  00001664    00000044     rtsv7M4_T_le_v4SPD16_eabi.lib : exit.obj (.text)
                  000016a8    00000044                                   : fd_tou_t2.obj (.text)
                  000016ec    00000040                                   : u_divt2.obj (.text)
                  0000172c    00000038     driverlib.lib : sysctl.obj (.text:SysCtlPeripheralPresent)
                  00001764    00000034                   : sysctl.obj (.text:SysCtlPeripheralEnable)
                  00001798    0000002e     rtsv7M4_T_le_v4SPD16_eabi.lib : i_tofd_t2.obj (.text)
                  000017c6    0000002a     driverlib.lib : gpio.obj (.text:GPIODirModeSet)
                  000017f0    00000022                   : pwm.obj (.text:PWMGenConfigure)
                  00001812    00000002     --HOLE-- [fill = 0]
                  00001814    00000020                   : uart.obj (.text:UARTDisable)
                  00001834    0000001e                   : pwm.obj (.text:PWMPulseWidthSet)
                  00001852    00000018                   : gpio.obj (.text:GPIOPinTypeGPIOOutput)
                  0000186a    00000002     --HOLE-- [fill = 0]
                  0000186c    00000018     rtsv7M4_T_le_v4SPD16_eabi.lib : args_main.obj (.text)
                  00001884    00000018                                   : strcmp.obj (.text)
                  0000189c    00000014     driverlib.lib : sysctl.obj (.text:SysCtlPWMClockSet)
                  000018b0    00000014                   : uart.obj (.text:UARTEnable)
                  000018c4    00000014     rtsv7M4_T_le_v4SPD16_eabi.lib : _lock.obj (.text)
                  000018d8    00000012     driverlib.lib : gpio.obj (.text:GPIOPinTypePWM)
                  000018ea    00000012                   : gpio.obj (.text:GPIOPinTypeUART)
                  000018fc    00000012                   : pwm.obj (.text:PWMOutputState)
                  0000190e    00000010                   : pwm.obj (.text:PWMGenPeriodSet)
                  0000191e    0000000e     rtsv7M4_T_le_v4SPD16_eabi.lib : copy_decompress_none.obj (.text:decompress:none)
                  0000192c    0000000c     driverlib.lib : pwm.obj (.text:PWMGenEnable)
                  00001938    0000000c     rtsv7M4_T_le_v4SPD16_eabi.lib : copy_zero_init.obj (.text:decompress:ZI)
                  00001944    0000000c     tm4c123ge6pm_startup_ccs.obj (.text)
                  00001950    0000000a     driverlib.lib : uart.obj (.text:UARTCharGet)
                  0000195a    0000000a                   : uart.obj (.text:UARTCharPut)
                  00001964    00000006                   : gpio.obj (.text:GPIOPinWrite)
                  0000196a    00000006                   : sysctl.obj (.text:SysCtlDelay)
                  00001970    00000006                   : uart.obj (.text:UARTClockSourceSet)
                  00001976    00000006     rtsv7M4_T_le_v4SPD16_eabi.lib : copy_decompress_rle.obj (.text:decompress:rle24)
                  0000197c    00000004                                   : pre_init.obj (.text)

.const     0    00001980    0000040e     
                  00001980    000001e0     console.obj (.const:.string)
                  00001b60    00000101     rtsv7M4_T_le_v4SPD16_eabi.lib : ctype.obj (.const:.string:_ctypes_)
                  00001c61    00000003     --HOLE-- [fill = 0]
                  00001c64    00000090     driverlib.lib : gpio.obj (.const:g_pui32GPIOBaseAddrs)
                  00001cf4    0000006c                   : sysctl.obj (.const:g_pui32Xtals)
                  00001d60    0000001c     uartstdio.obj (.const)
                  00001d7c    00000012     uartstdio.obj (.const:.string)

.cinit     0    00001d90    000000f8     
                  00001d90    000000d0     (.cinit..data.load) [load image, compression = rle]
                  00001e60    0000000c     (__TI_handler_table)
                  00001e6c    00000004     --HOLE-- [fill = 0]
                  00001e70    00000008     (.cinit..bss.load) [load image, compression = zero_init]
                  00001e78    00000010     (__TI_cinit_table)

.init_array 
*          0    00000000    00000000     UNINITIALIZED

.stack     0    20000000    00000200     UNINITIALIZED
                  20000000    00000200     --HOLE--

.data      0    20000200    000000e8     UNINITIALIZED
                  20000200    000000cc     console.obj (.data:g_psCmdTable)
                  200002cc    00000008     rtsv7M4_T_le_v4SPD16_eabi.lib : _lock.obj (.data)
                  200002d4    00000008                                   : exit.obj (.data)
                  200002dc    00000005     uartstdio.obj (.data)
                  200002e1    00000003     --HOLE--
                  200002e4    00000004     rtsv7M4_T_le_v4SPD16_eabi.lib : stkdepth_vars.obj (.data)

.bss       0    200002e8    000000a4     UNINITIALIZED
                  200002e8    00000080     main.obj (.bss:g_cInput)
                  20000368    00000024     cmdline.obj (.bss:g_ppcArgv)

.TI.persistent 
*          0    20000200    00000000     UNINITIALIZED

.TI.noinit 
*          0    200002e8    00000000     UNINITIALIZED


LINKER GENERATED COPY TABLES

__TI_cinit_table @ 00001e78 records: 2, size/record: 8, table size: 16
	.data: load addr=00001d90, load size=000000d0 bytes, run addr=20000200, run size=000000e8 bytes, compression=rle
	.bss: load addr=00001e70, load size=00000008 bytes, run addr=200002e8, run size=000000a4 bytes, compression=zero_init


LINKER GENERATED HANDLER TABLE

__TI_handler_table @ 00001e60 records: 3, size/record: 4, table size: 12
	index: 0, handler: __TI_decompress_rle24
	index: 1, handler: __TI_decompress_none
	index: 2, handler: __TI_zero_init


GLOBAL SYMBOLS: SORTED ALPHABETICALLY BY Name 

address   name                    
-------   ----                    
00001665  C$$EXIT                 
00000adb  CMD_PWMoff              
00000a55  CMD_coilAoff            
00000a2d  CMD_coilAon             
00000a69  CMD_coilBoff            
00000a41  CMD_coilBon             
00000b03  CMD_coilRelayOff        
00000aef  CMD_coilRelayOn         
0000098d  CMD_help                
000009f1  CMD_laserAoff           
000009dd  CMD_laserAon            
00000a19  CMD_laserBoff           
00000a05  CMD_laserBon            
00000b2b  CMD_senseRelayOff       
00000b17  CMD_senseRelayOn        
00000a7d  CMD_shutdown            
00000aa9  CMD_signalPWM           
000011d9  CmdLineProcess          
00000c89  ConfigureUART           
000017c7  GPIODirModeSet          
00000da5  GPIOPadConfigSet        
000015d5  GPIOPinConfigure        
00001853  GPIOPinTypeGPIOOutput   
000018d9  GPIOPinTypePWM          
000018eb  GPIOPinTypeUART         
00001965  GPIOPinWrite            
000017f1  PWMGenConfigure         
0000192d  PWMGenEnable            
0000190f  PWMGenPeriodSet         
000018fd  PWMOutputState          
00001835  PWMPulseWidthSet        
0000081b  PWMoff                  
00001945  ResetISR                
UNDEFED   SHT$$INIT_ARRAY$$Base   
UNDEFED   SHT$$INIT_ARRAY$$Limit  
00000ed9  SysCtlClockGet          
000010e5  SysCtlClockSet          
0000196b  SysCtlDelay             
0000189d  SysCtlPWMClockSet       
00001765  SysCtlPeripheralEnable  
0000172d  SysCtlPeripheralPresent 
00001951  UARTCharGet             
0000195b  UARTCharPut             
00001971  UARTClockSourceSet      
0000161d  UARTConfigSetExpClk     
00001815  UARTDisable             
000018b1  UARTEnable              
0000026d  UARTStdioConfig         
000003b3  UARTgetc                
000002f9  UARTgets                
000006d3  UARTprintf              
000003d9  UARTvprintf             
000002b3  UARTwrite               
20000200  __STACK_END             
00000200  __STACK_SIZE            
20000200  __STACK_TOP             
00001e78  __TI_CINIT_Base         
00001e88  __TI_CINIT_Limit        
00001e60  __TI_Handler_Table_Base 
00001e6c  __TI_Handler_Table_Limit
00001415  __TI_auto_init          
200002d4  __TI_cleanup_ptr        
0000191f  __TI_decompress_none    
00001977  __TI_decompress_rle24   
200002d8  __TI_dtors_ptr          
00000000  __TI_static_base__      
00001939  __TI_zero_init          
000016a9  __aeabi_d2uiz           
00000fe9  __aeabi_dmul            
00001799  __aeabi_i2d             
00000ed7  __aeabi_idiv0           
00001321  __aeabi_memclr          
00001321  __aeabi_memclr4         
00001321  __aeabi_memclr8         
00001285  __aeabi_memcpy          
00001285  __aeabi_memcpy4         
00001285  __aeabi_memcpy8         
00001323  __aeabi_memset          
00001323  __aeabi_memset4         
00001323  __aeabi_memset8         
000016ed  __aeabi_uidiv           
000016ed  __aeabi_uidivmod        
ffffffff  __binit__               
ffffffff  __c_args__              
20000000  __stack                 
0000186d  _args_main              
000014ed  _c_int00                
00001b60  _ctypes_                
200002cc  _lock                   
000018d3  _nop                    
000018cb  _register_lock          
000018c5  _register_unlock        
0000197d  _system_pre_init        
200002d0  _unlock                 
00001669  abort                   
0000153d  atoi                    
ffffffff  binit                   
00000bd1  board_INIT              
0000083f  coilRelayDisable        
0000082b  coilRelayEnable         
00001589  copy_in                 
00000761  disableCoilA            
00000775  disableCoilB            
00000709  disableLaserA           
0000071f  disableLaserB           
00000789  enableCoilA             
000007a5  enableCoilB             
00000735  enableLaserA            
0000074b  enableLaserB            
00001671  exit                    
00000000  g_pfnVectors            
20000200  g_psCmdTable            
0000139d  main                    
200002e4  main_func_sp            
00001285  memcpy                  
00001329  memset                  
00000867  senseRelayDisable       
00000853  senseRelayEnable        
000007c1  signalPWM               
00001885  strcmp                  


GLOBAL SYMBOLS: SORTED BY Symbol Address 

address   name                    
-------   ----                    
00000000  __TI_static_base__      
00000000  g_pfnVectors            
00000200  __STACK_SIZE            
0000026d  UARTStdioConfig         
000002b3  UARTwrite               
000002f9  UARTgets                
000003b3  UARTgetc                
000003d9  UARTvprintf             
000006d3  UARTprintf              
00000709  disableLaserA           
0000071f  disableLaserB           
00000735  enableLaserA            
0000074b  enableLaserB            
00000761  disableCoilA            
00000775  disableCoilB            
00000789  enableCoilA             
000007a5  enableCoilB             
000007c1  signalPWM               
0000081b  PWMoff                  
0000082b  coilRelayEnable         
0000083f  coilRelayDisable        
00000853  senseRelayEnable        
00000867  senseRelayDisable       
0000098d  CMD_help                
000009dd  CMD_laserAon            
000009f1  CMD_laserAoff           
00000a05  CMD_laserBon            
00000a19  CMD_laserBoff           
00000a2d  CMD_coilAon             
00000a41  CMD_coilBon             
00000a55  CMD_coilAoff            
00000a69  CMD_coilBoff            
00000a7d  CMD_shutdown            
00000aa9  CMD_signalPWM           
00000adb  CMD_PWMoff              
00000aef  CMD_coilRelayOn         
00000b03  CMD_coilRelayOff        
00000b17  CMD_senseRelayOn        
00000b2b  CMD_senseRelayOff       
00000bd1  board_INIT              
00000c89  ConfigureUART           
00000da5  GPIOPadConfigSet        
00000ed7  __aeabi_idiv0           
00000ed9  SysCtlClockGet          
00000fe9  __aeabi_dmul            
000010e5  SysCtlClockSet          
000011d9  CmdLineProcess          
00001285  __aeabi_memcpy          
00001285  __aeabi_memcpy4         
00001285  __aeabi_memcpy8         
00001285  memcpy                  
00001321  __aeabi_memclr          
00001321  __aeabi_memclr4         
00001321  __aeabi_memclr8         
00001323  __aeabi_memset          
00001323  __aeabi_memset4         
00001323  __aeabi_memset8         
00001329  memset                  
0000139d  main                    
00001415  __TI_auto_init          
000014ed  _c_int00                
0000153d  atoi                    
00001589  copy_in                 
000015d5  GPIOPinConfigure        
0000161d  UARTConfigSetExpClk     
00001665  C$$EXIT                 
00001669  abort                   
00001671  exit                    
000016a9  __aeabi_d2uiz           
000016ed  __aeabi_uidiv           
000016ed  __aeabi_uidivmod        
0000172d  SysCtlPeripheralPresent 
00001765  SysCtlPeripheralEnable  
00001799  __aeabi_i2d             
000017c7  GPIODirModeSet          
000017f1  PWMGenConfigure         
00001815  UARTDisable             
00001835  PWMPulseWidthSet        
00001853  GPIOPinTypeGPIOOutput   
0000186d  _args_main              
00001885  strcmp                  
0000189d  SysCtlPWMClockSet       
000018b1  UARTEnable              
000018c5  _register_unlock        
000018cb  _register_lock          
000018d3  _nop                    
000018d9  GPIOPinTypePWM          
000018eb  GPIOPinTypeUART         
000018fd  PWMOutputState          
0000190f  PWMGenPeriodSet         
0000191f  __TI_decompress_none    
0000192d  PWMGenEnable            
00001939  __TI_zero_init          
00001945  ResetISR                
00001951  UARTCharGet             
0000195b  UARTCharPut             
00001965  GPIOPinWrite            
0000196b  SysCtlDelay             
00001971  UARTClockSourceSet      
00001977  __TI_decompress_rle24   
0000197d  _system_pre_init        
00001b60  _ctypes_                
00001e60  __TI_Handler_Table_Base 
00001e6c  __TI_Handler_Table_Limit
00001e78  __TI_CINIT_Base         
00001e88  __TI_CINIT_Limit        
20000000  __stack                 
20000200  __STACK_END             
20000200  __STACK_TOP             
20000200  g_psCmdTable            
200002cc  _lock                   
200002d0  _unlock                 
200002d4  __TI_cleanup_ptr        
200002d8  __TI_dtors_ptr          
200002e4  main_func_sp            
ffffffff  __binit__               
ffffffff  __c_args__              
ffffffff  binit                   
UNDEFED   SHT$$INIT_ARRAY$$Base   
UNDEFED   SHT$$INIT_ARRAY$$Limit  

[120 symbols]
