******************************************************************************
                  TI ARM Linker PC v5.2.7                      
******************************************************************************
>> Linked Wed Feb 24 19:55:04 2016

OUTPUT FILE NAME:   <BCWattBalance.out>
ENTRY POINT SYMBOL: "_c_int00"  address: 00000e8d


MEMORY CONFIGURATION

         name            origin    length      used     unused   attr    fill
----------------------  --------  ---------  --------  --------  ----  --------
  FLASH                 00000000   00020000  00001416  0001ebea  R  X
  SRAM                  20000000   00008000  00000320  00007ce0  RW X


SEGMENT ALLOCATION MAP

run origin  load origin   length   init length attrs members
----------  ----------- ---------- ----------- ----- -------
00000000    00000000    00001418   00001418    r-x
  00000000    00000000    0000026c   0000026c    r-- .intvecs
  0000026c    0000026c    00000fa0   00000fa0    r-x .text
  0000120c    0000120c    00000182   00000182    r-- .const
  00001390    00001390    00000088   00000088    r-- .cinit
20000000    20000000    00000320   00000000    rw-
  20000000    20000000    00000200   00000000    rw- .stack
  20000200    20000200    000000a4   00000000    rw- .bss
  200002a4    200002a4    0000007c   00000000    rw- .data


SECTION ALLOCATION MAP

 output                                  attributes/
section   page    origin      length       input sections
--------  ----  ----------  ----------   ----------------
.intvecs   0    00000000    0000026c     
                  00000000    0000026c     tm4c123ge6pm_startup_ccs.obj (.intvecs)

.text      0    0000026c    00000fa0     
                  0000026c    0000049c     uartstdio.obj (.text)
                  00000708    00000132     driverlib.lib : gpio.obj (.text:GPIOPadConfigSet)
                  0000083a    00000002     rtsv7M4_T_le_v4SPD16_eabi.lib : i_div0.obj (.text)
                  0000083c    00000124     board_init.obj (.text)
                  00000960    00000124     console.obj (.text)
                  00000a84    000000f4     driverlib.lib : sysctl.obj (.text:SysCtlClockSet)
                  00000b78    000000ac     cmdline.obj (.text)
                  00000c24    0000009c     rtsv7M4_T_le_v4SPD16_eabi.lib : memcpy_t2.obj (.text)
                  00000cc0    0000007a                                   : memset_t2.obj (.text)
                  00000d3a    00000002     --HOLE-- [fill = 0]
                  00000d3c    00000078     main.obj (.text)
                  00000db4    0000006c     rtsv7M4_T_le_v4SPD16_eabi.lib : autoinit.obj (.text)
                  00000e20    0000006a                                   : copy_decompress_rle.obj (.text)
                  00000e8a    00000002     --HOLE-- [fill = 0]
                  00000e8c    00000050                                   : boot.obj (.text)
                  00000edc    0000004c                                   : cpy_tbl.obj (.text)
                  00000f28    00000048     driverlib.lib : gpio.obj (.text:GPIOPinConfigure)
                  00000f70    00000046                   : uart.obj (.text:UARTConfigSetExpClk)
                  00000fb6    00000002     --HOLE-- [fill = 0]
                  00000fb8    00000044     rtsv7M4_T_le_v4SPD16_eabi.lib : exit.obj (.text)
                  00000ffc    00000040     control.obj (.text)
                  0000103c    00000040     rtsv7M4_T_le_v4SPD16_eabi.lib : u_divt2.obj (.text)
                  0000107c    00000038     driverlib.lib : sysctl.obj (.text:SysCtlPeripheralPresent)
                  000010b4    00000034                   : sysctl.obj (.text:SysCtlPeripheralEnable)
                  000010e8    0000002a                   : gpio.obj (.text:GPIODirModeSet)
                  00001112    00000002     --HOLE-- [fill = 0]
                  00001114    00000020                   : uart.obj (.text:UARTDisable)
                  00001134    00000018                   : gpio.obj (.text:GPIOPinTypeGPIOOutput)
                  0000114c    00000018     rtsv7M4_T_le_v4SPD16_eabi.lib : args_main.obj (.text)
                  00001164    00000018                                   : strcmp.obj (.text)
                  0000117c    00000014     driverlib.lib : uart.obj (.text:UARTEnable)
                  00001190    00000014     rtsv7M4_T_le_v4SPD16_eabi.lib : _lock.obj (.text)
                  000011a4    00000012     driverlib.lib : gpio.obj (.text:GPIOPinTypeUART)
                  000011b6    0000000e     rtsv7M4_T_le_v4SPD16_eabi.lib : copy_decompress_none.obj (.text:decompress:none)
                  000011c4    0000000c                                   : copy_zero_init.obj (.text:decompress:ZI)
                  000011d0    0000000c     tm4c123ge6pm_startup_ccs.obj (.text)
                  000011dc    0000000a     driverlib.lib : uart.obj (.text:UARTCharGet)
                  000011e6    0000000a                   : uart.obj (.text:UARTCharPut)
                  000011f0    00000006                   : gpio.obj (.text:GPIOPinWrite)
                  000011f6    00000006                   : sysctl.obj (.text:SysCtlDelay)
                  000011fc    00000006                   : uart.obj (.text:UARTClockSourceSet)
                  00001202    00000006     rtsv7M4_T_le_v4SPD16_eabi.lib : copy_decompress_rle.obj (.text:decompress:rle24)
                  00001208    00000004                                   : pre_init.obj (.text)

.const     0    0000120c    00000182     
                  0000120c    000000c4     console.obj (.const:.string)
                  000012d0    00000090     driverlib.lib : gpio.obj (.const:g_pui32GPIOBaseAddrs)
                  00001360    0000001c     uartstdio.obj (.const)
                  0000137c    00000012     uartstdio.obj (.const:.string)

.cinit     0    00001390    00000088     
                  00001390    00000064     (.cinit..data.load) [load image, compression = rle]
                  000013f4    0000000c     (__TI_handler_table)
                  00001400    00000008     (.cinit..bss.load) [load image, compression = zero_init]
                  00001408    00000010     (__TI_cinit_table)

.init_array 
*          0    00000000    00000000     UNINITIALIZED

.stack     0    20000000    00000200     UNINITIALIZED
                  20000000    00000200     --HOLE--

.bss       0    20000200    000000a4     UNINITIALIZED
                  20000200    00000080     main.obj (.bss:g_cInput)
                  20000280    00000024     cmdline.obj (.bss:g_ppcArgv)

.TI.noinit 
*          0    20000200    00000000     UNINITIALIZED

.data      0    200002a4    0000007c     UNINITIALIZED
                  200002a4    00000060     console.obj (.data:g_psCmdTable)
                  20000304    00000008     rtsv7M4_T_le_v4SPD16_eabi.lib : _lock.obj (.data)
                  2000030c    00000008                                   : exit.obj (.data)
                  20000314    00000005     uartstdio.obj (.data)
                  20000319    00000003     --HOLE--
                  2000031c    00000004     rtsv7M4_T_le_v4SPD16_eabi.lib : stkdepth_vars.obj (.data)

.TI.persistent 
*          0    200002a4    00000000     UNINITIALIZED


LINKER GENERATED COPY TABLES

__TI_cinit_table @ 00001408 records: 2, size/record: 8, table size: 16
	.data: load addr=00001390, load size=00000064 bytes, run addr=200002a4, run size=0000007c bytes, compression=rle
	.bss: load addr=00001400, load size=00000008 bytes, run addr=20000200, run size=000000a4 bytes, compression=zero_init


LINKER GENERATED HANDLER TABLE

__TI_handler_table @ 000013f4 records: 3, size/record: 4, table size: 12
	index: 0, handler: __TI_decompress_rle24
	index: 1, handler: __TI_decompress_none
	index: 2, handler: __TI_zero_init


GLOBAL SYMBOLS: SORTED ALPHABETICALLY BY Name 

address   name                    
-------   ----                    
00000fb9  C$$EXIT                 
00000961  CMD_help                
000009d1  CMD_laserAoff           
000009b7  CMD_laserAon            
00000a05  CMD_laserBoff           
000009eb  CMD_laserBon            
00000a1f  CMD_shutdown            
00000b79  CmdLineProcess          
00000863  ConfigureUART           
000010e9  GPIODirModeSet          
00000709  GPIOPadConfigSet        
00000f29  GPIOPinConfigure        
00001135  GPIOPinTypeGPIOOutput   
000011a5  GPIOPinTypeUART         
000011f1  GPIOPinWrite            
000011d1  ResetISR                
UNDEFED   SHT$$INIT_ARRAY$$Base   
UNDEFED   SHT$$INIT_ARRAY$$Limit  
00000a85  SysCtlClockSet          
000011f7  SysCtlDelay             
000010b5  SysCtlPeripheralEnable  
0000107d  SysCtlPeripheralPresent 
000011dd  UARTCharGet             
000011e7  UARTCharPut             
000011fd  UARTClockSourceSet      
00000f71  UARTConfigSetExpClk     
00001115  UARTDisable             
0000117d  UARTEnable              
0000026d  UARTStdioConfig         
000003b3  UARTgetc                
000002f9  UARTgets                
000006d3  UARTprintf              
000003d9  UARTvprintf             
000002b3  UARTwrite               
20000200  __STACK_END             
00000200  __STACK_SIZE            
20000200  __STACK_TOP             
00001408  __TI_CINIT_Base         
00001418  __TI_CINIT_Limit        
000013f4  __TI_Handler_Table_Base 
00001400  __TI_Handler_Table_Limit
00000db5  __TI_auto_init          
2000030c  __TI_cleanup_ptr        
000011b7  __TI_decompress_none    
00001203  __TI_decompress_rle24   
20000310  __TI_dtors_ptr          
00000000  __TI_static_base__      
000011c5  __TI_zero_init          
0000083b  __aeabi_idiv0           
00000cc1  __aeabi_memclr          
00000cc1  __aeabi_memclr4         
00000cc1  __aeabi_memclr8         
00000c25  __aeabi_memcpy          
00000c25  __aeabi_memcpy4         
00000c25  __aeabi_memcpy8         
00000cc3  __aeabi_memset          
00000cc3  __aeabi_memset4         
00000cc3  __aeabi_memset8         
0000103d  __aeabi_uidiv           
0000103d  __aeabi_uidivmod        
ffffffff  __binit__               
ffffffff  __c_args__              
20000000  __stack                 
0000114d  _args_main              
00000e8d  _c_int00                
20000304  _lock                   
0000119f  _nop                    
00001197  _register_lock          
00001191  _register_unlock        
00001209  _system_pre_init        
20000308  _unlock                 
00000fbd  abort                   
ffffffff  binit                   
0000083d  board_INIT              
00000edd  copy_in                 
00000ffd  disableLaserA           
0000100d  disableLaserB           
0000101d  enableLaserA            
0000102d  enableLaserB            
00000fc5  exit                    
00000000  g_pfnVectors            
200002a4  g_psCmdTable            
00000d3d  main                    
2000031c  main_func_sp            
00000c25  memcpy                  
00000cc9  memset                  
00001165  strcmp                  


GLOBAL SYMBOLS: SORTED BY Symbol Address 

address   name                    
-------   ----                    
00000000  __TI_static_base__      
00000000  g_pfnVectors            
00000200  __STACK_SIZE            
0000026d  UARTStdioConfig         
000002b3  UARTwrite               
000002f9  UARTgets                
000003b3  UARTgetc                
000003d9  UARTvprintf             
000006d3  UARTprintf              
00000709  GPIOPadConfigSet        
0000083b  __aeabi_idiv0           
0000083d  board_INIT              
00000863  ConfigureUART           
00000961  CMD_help                
000009b7  CMD_laserAon            
000009d1  CMD_laserAoff           
000009eb  CMD_laserBon            
00000a05  CMD_laserBoff           
00000a1f  CMD_shutdown            
00000a85  SysCtlClockSet          
00000b79  CmdLineProcess          
00000c25  __aeabi_memcpy          
00000c25  __aeabi_memcpy4         
00000c25  __aeabi_memcpy8         
00000c25  memcpy                  
00000cc1  __aeabi_memclr          
00000cc1  __aeabi_memclr4         
00000cc1  __aeabi_memclr8         
00000cc3  __aeabi_memset          
00000cc3  __aeabi_memset4         
00000cc3  __aeabi_memset8         
00000cc9  memset                  
00000d3d  main                    
00000db5  __TI_auto_init          
00000e8d  _c_int00                
00000edd  copy_in                 
00000f29  GPIOPinConfigure        
00000f71  UARTConfigSetExpClk     
00000fb9  C$$EXIT                 
00000fbd  abort                   
00000fc5  exit                    
00000ffd  disableLaserA           
0000100d  disableLaserB           
0000101d  enableLaserA            
0000102d  enableLaserB            
0000103d  __aeabi_uidiv           
0000103d  __aeabi_uidivmod        
0000107d  SysCtlPeripheralPresent 
000010b5  SysCtlPeripheralEnable  
000010e9  GPIODirModeSet          
00001115  UARTDisable             
00001135  GPIOPinTypeGPIOOutput   
0000114d  _args_main              
00001165  strcmp                  
0000117d  UARTEnable              
00001191  _register_unlock        
00001197  _register_lock          
0000119f  _nop                    
000011a5  GPIOPinTypeUART         
000011b7  __TI_decompress_none    
000011c5  __TI_zero_init          
000011d1  ResetISR                
000011dd  UARTCharGet             
000011e7  UARTCharPut             
000011f1  GPIOPinWrite            
000011f7  SysCtlDelay             
000011fd  UARTClockSourceSet      
00001203  __TI_decompress_rle24   
00001209  _system_pre_init        
000013f4  __TI_Handler_Table_Base 
00001400  __TI_Handler_Table_Limit
00001408  __TI_CINIT_Base         
00001418  __TI_CINIT_Limit        
20000000  __stack                 
20000200  __STACK_END             
20000200  __STACK_TOP             
200002a4  g_psCmdTable            
20000304  _lock                   
20000308  _unlock                 
2000030c  __TI_cleanup_ptr        
20000310  __TI_dtors_ptr          
2000031c  main_func_sp            
ffffffff  __binit__               
ffffffff  __c_args__              
ffffffff  binit                   
UNDEFED   SHT$$INIT_ARRAY$$Base   
UNDEFED   SHT$$INIT_ARRAY$$Limit  

[87 symbols]
