******************************************************************************
                  TI ARM Linker PC v5.2.7                      
******************************************************************************
>> Linked Mon May 16 19:22:21 2016

OUTPUT FILE NAME:   <BCWattBalance-Rev1.out>
ENTRY POINT SYMBOL: "_c_int00"  address: 00001c25


MEMORY CONFIGURATION

         name            origin    length      used     unused   attr    fill
----------------------  --------  ---------  --------  --------  ----  --------
  FLASH                 00000000   00020000  0000278c  0001d874  R  X
  SRAM                  20000000   00008000  00000cd0  00007330  RW X


SEGMENT ALLOCATION MAP

run origin  load origin   length   init length attrs members
----------  ----------- ---------- ----------- ----- -------
00000000    00000000    00002790   00002790    r-x
  00000000    00000000    0000026c   0000026c    r-- .intvecs
  0000026c    0000026c    00001f50   00001f50    r-x .text
  000021c0    000021c0    000004a0   000004a0    r-- .const
  00002660    00002660    00000130   00000130    r-- .cinit
20000000    20000000    00000cd0   00000000    rw-
  20000000    20000000    00000aac   00000000    rw- .data
  20000aac    20000aac    00000200   00000000    rw- .stack
  20000cac    20000cac    00000024   00000000    rw- .bss


SECTION ALLOCATION MAP

 output                                  attributes/
section   page    origin      length       input sections
--------  ----  ----------  ----------   ----------------
.intvecs   0    00000000    0000026c     
                  00000000    0000026c     tm4c123ge6pm_startup_ccs.obj (.intvecs)

.text      0    0000026c    00001f50     
                  0000026c    000004cc     main.obj (.text)
                  00000738    00000298     console.obj (.text)
                  000009d0    00000290     rtsv7M4_T_le_v4SPD16_eabi.lib : xsin.obj (.text)
                  00000c60    00000268     uartstdio.obj (.text)
                  00000ec8    000001b6     rtsv7M4_T_le_v4SPD16_eabi.lib : fd_add_t2.obj (.text)
                  0000107e    00000002                                   : _lock.obj (.text)
                  00001080    0000017c                                   : fmod.obj (.text)
                  000011fc    00000132     driverlib.lib : gpio.obj (.text:GPIOPadConfigSet)
                  0000132e    00000002     rtsv7M4_T_le_v4SPD16_eabi.lib : i_div0.obj (.text)
                  00001330    00000110     driverlib.lib : sysctl.obj (.text:SysCtlClockGet)
                  00001440    00000110     control.obj (.text)
                  00001550    000000fc     rtsv7M4_T_le_v4SPD16_eabi.lib : fd_mul_t2.obj (.text)
                  0000164c    000000f4     driverlib.lib : sysctl.obj (.text:SysCtlClockSet)
                  00001740    000000e8     rtsv7M4_T_le_v4SPD16_eabi.lib : xdscale.obj (.text)
                  00001828    000000be                                   : xdnorm.obj (.text)
                  000018e6    0000009c                                   : memcpy_t2.obj (.text)
                  00001982    00000086                                   : fd_cmp_t2.obj (.text:__aeabi_cdcmple)
                  00001a08    0000007a                                   : memset_t2.obj (.text)
                  00001a82    00000002     --HOLE-- [fill = 0]
                  00001a84    0000006c                                   : autoinit.obj (.text)
                  00001af0    0000006a                                   : copy_decompress_rle.obj (.text)
                  00001b5a    00000002     --HOLE-- [fill = 0]
                  00001b5c    00000068     driverlib.lib : interrupt.obj (.text:IntEnable)
                  00001bc4    00000060                   : timer.obj (.text:TimerConfigure)
                  00001c24    00000050     rtsv7M4_T_le_v4SPD16_eabi.lib : boot.obj (.text)
                  00001c74    0000004c                                   : atoi.obj (.text)
                  00001cc0    0000004c                                   : cpy_tbl.obj (.text)
                  00001d0c    00000048     driverlib.lib : gpio.obj (.text:GPIOPinConfigure)
                  00001d54    00000048     rtsv7M4_T_le_v4SPD16_eabi.lib : fd_toi_t2.obj (.text)
                  00001d9c    00000046     driverlib.lib : uart.obj (.text:UARTConfigSetExpClk)
                  00001de2    00000002     --HOLE-- [fill = 0]
                  00001de4    00000044     rtsv7M4_T_le_v4SPD16_eabi.lib : exit.obj (.text)
                  00001e28    00000044                                   : fd_tou_t2.obj (.text)
                  00001e6c    00000044                                   : feraiseexcept.obj (.text)
                  00001eb0    00000040                                   : u_divt2.obj (.text)
                  00001ef0    0000003c                                   : signal.obj (.text)
                  00001f2c    00000038     driverlib.lib : sysctl.obj (.text:SysCtlPeripheralPresent)
                  00001f64    00000034                   : sysctl.obj (.text:SysCtlPeripheralEnable)
                  00001f98    0000002e     rtsv7M4_T_le_v4SPD16_eabi.lib : i_tofd_t2.obj (.text)
                  00001fc6    0000002a     driverlib.lib : gpio.obj (.text:GPIODirModeSet)
                  00001ff0    00000022                   : pwm.obj (.text:PWMGenConfigure)
                  00002012    00000002     --HOLE-- [fill = 0]
                  00002014    00000020                   : uart.obj (.text:UARTDisable)
                  00002034    00000020     rtsv7M4_T_le_v4SPD16_eabi.lib : u_tofd_t2.obj (.text)
                  00002054    0000001e     driverlib.lib : pwm.obj (.text:PWMPulseWidthSet)
                  00002072    00000018                   : gpio.obj (.text:GPIOPinTypeGPIOOutput)
                  0000208a    00000002     --HOLE-- [fill = 0]
                  0000208c    00000018     rtsv7M4_T_le_v4SPD16_eabi.lib : args_main.obj (.text)
                  000020a4    00000014     driverlib.lib : sysctl.obj (.text:SysCtlPWMClockSet)
                  000020b8    00000014                   : uart.obj (.text:UARTEnable)
                  000020cc    00000012                   : gpio.obj (.text:GPIOPinTypePWM)
                  000020de    00000012                   : gpio.obj (.text:GPIOPinTypeUART)
                  000020f0    00000012                   : pwm.obj (.text:PWMOutputState)
                  00002102    00000012                   : timer.obj (.text:TimerLoadSet)
                  00002114    00000010                   : interrupt.obj (.text:IntMasterEnable)
                  00002124    00000010                   : pwm.obj (.text:PWMGenPeriodSet)
                  00002134    0000000e                   : timer.obj (.text:TimerEnable)
                  00002142    0000000e     rtsv7M4_T_le_v4SPD16_eabi.lib : copy_decompress_none.obj (.text:decompress:none)
                  00002150    0000000c     driverlib.lib : cpu.obj (.text:CPUcpsie)
                  0000215c    0000000c                   : pwm.obj (.text:PWMGenEnable)
                  00002168    0000000c     rtsv7M4_T_le_v4SPD16_eabi.lib : copy_zero_init.obj (.text:decompress:ZI)
                  00002174    0000000c     tm4c123ge6pm_startup_ccs.obj (.text)
                  00002180    0000000a     driverlib.lib : uart.obj (.text:UARTCharGet)
                  0000218a    0000000a                   : uart.obj (.text:UARTCharPut)
                  00002194    00000008                   : timer.obj (.text:TimerIntEnable)
                  0000219c    00000006                   : gpio.obj (.text:GPIOPinWrite)
                  000021a2    00000006                   : sysctl.obj (.text:SysCtlDelay)
                  000021a8    00000006                   : uart.obj (.text:UARTClockSourceSet)
                  000021ae    00000006     rtsv7M4_T_le_v4SPD16_eabi.lib : copy_decompress_rle.obj (.text:decompress:rle24)
                  000021b4    00000004     driverlib.lib : timer.obj (.text:TimerIntClear)
                  000021b8    00000004     rtsv7M4_T_le_v4SPD16_eabi.lib : pre_init.obj (.text)

.const     0    000021c0    000004a0     
                  000021c0    000001b4     <whole-program> (.const:.string)
                  00002374    00000101     rtsv7M4_T_le_v4SPD16_eabi.lib : ctype.obj (.const:.string:_ctypes_)
                  00002475    00000003     --HOLE-- [fill = 0]
                  00002478    00000090     driverlib.lib : gpio.obj (.const:g_pui32GPIOBaseAddrs)
                  00002508    00000070                   : interrupt.obj (.const)
                  00002578    0000006c                   : sysctl.obj (.const:g_pui32Xtals)
                  000025e4    00000004     --HOLE-- [fill = 0]
                  000025e8    00000060     rtsv7M4_T_le_v4SPD16_eabi.lib : xsin.obj (.const)
                  00002648    00000018     uartstdio.obj (.const)

.cinit     0    00002660    00000130     
                  00002660    00000106     (.cinit..data.load) [load image, compression = rle]
                  00002766    00000002     --HOLE-- [fill = 0]
                  00002768    0000000c     (__TI_handler_table)
                  00002774    00000004     --HOLE-- [fill = 0]
                  00002778    00000008     (.cinit..bss.load) [load image, compression = zero_init]
                  00002780    00000010     (__TI_cinit_table)

.init_array 
*          0    00000000    00000000     UNINITIALIZED

.data      0    20000000    00000aac     UNINITIALIZED
                  20000000    00000808     sine_table.obj (.data)
                  20000808    000000c0     console.obj (.data:g_psCmdTable)
                  200008c8    000000b0     rtsv7M4_T_le_v4SPD16_eabi.lib : signal.obj (.data:sigtable$29)
                  20000978    00000088     main.obj (.data)
                  20000a00    00000080     rtsv7M4_T_le_v4SPD16_eabi.lib : xvalues.obj (.data)
                  20000a80    00000008                                   : _lock.obj (.data)
                  20000a88    00000008                                   : exit.obj (.data)
                  20000a90    00000008                                   : feraiseexcept.obj (.data)
                  20000a98    00000008     uartstdio.obj (.data)
                  20000aa0    00000004     control.obj (.data)
                  20000aa4    00000004     rtsv7M4_T_le_v4SPD16_eabi.lib : errno.obj (.data)
                  20000aa8    00000004                                   : stkdepth_vars.obj (.data)

.TI.persistent 
*          0    20000000    00000000     UNINITIALIZED

.stack     0    20000aac    00000200     UNINITIALIZED
                  20000aac    00000200     --HOLE--

.bss       0    20000cac    00000024     UNINITIALIZED
                  20000cac    00000024     cmdline.obj (.bss:g_ppcArgv$5)

.TI.noinit 
*          0    20000cac    00000000     UNINITIALIZED


LINKER GENERATED COPY TABLES

__TI_cinit_table @ 00002780 records: 2, size/record: 8, table size: 16
	.data: load addr=00002660, load size=00000106 bytes, run addr=20000000, run size=00000aac bytes, compression=rle
	.bss: load addr=00002778, load size=00000008 bytes, run addr=20000cac, run size=00000024 bytes, compression=zero_init


LINKER GENERATED HANDLER TABLE

__TI_handler_table @ 00002768 records: 3, size/record: 4, table size: 12
	index: 0, handler: __TI_decompress_rle24
	index: 1, handler: __TI_decompress_none
	index: 2, handler: __TI_zero_init


GLOBAL SYMBOLS: SORTED ALPHABETICALLY BY Name 

address   name                    
-------   ----                    
00001de5  C$$EXIT                 
000007c3  CMD_PWMfrequency        
000007e5  CMD_PWMoff              
0000082d  CMD_coilAoff            
00000865  CMD_coilAon             
00000817  CMD_coilBoff            
00000843  CMD_coilBon             
00000765  CMD_help                
00000893  CMD_laserAoff           
000008cf  CMD_laserAon            
00000875  CMD_laserBoff           
000008b1  CMD_laserBon            
0000078b  CMD_relayNormal         
000007a7  CMD_relayOn             
00000739  CMD_shutdown            
000007f5  CMD_signalPWM           
00002151  CPUcpsie                
00001fc7  GPIODirModeSet          
000011fd  GPIOPadConfigSet        
00001d0d  GPIOPinConfigure        
00002073  GPIOPinTypeGPIOOutput   
000020cd  GPIOPinTypePWM          
000020df  GPIOPinTypeUART         
0000219d  GPIOPinWrite            
00001b5d  IntEnable               
00002115  IntMasterEnable         
00001ff1  PWMGenConfigure         
0000215d  PWMGenEnable            
00002125  PWMGenPeriodSet         
000020f1  PWMOutputState          
00002055  PWMPulseWidthSet        
20000aa0  PWMfactor               
00001481  PWMoff                  
00002175  ResetISR                
UNDEFED   SHT$$INIT_ARRAY$$Base   
UNDEFED   SHT$$INIT_ARRAY$$Limit  
00001331  SysCtlClockGet          
0000164d  SysCtlClockSet          
000021a3  SysCtlDelay             
000020a5  SysCtlPWMClockSet       
00001f65  SysCtlPeripheralEnable  
00001f2d  SysCtlPeripheralPresent 
00001bc5  TimerConfigure          
00002135  TimerEnable             
000021b5  TimerIntClear           
00002195  TimerIntEnable          
00002103  TimerLoadSet            
00002181  UARTCharGet             
0000218b  UARTCharPut             
000021a9  UARTClockSourceSet      
00001d9d  UARTConfigSetExpClk     
00002015  UARTDisable             
000020b9  UARTEnable              
00000c61  UARTStdioConfig         
00000cbf  UARTprintf              
00000c95  UARTwrite               
20000a00  _Denorm                 
00001829  _Dnorm                  
00001741  _Dscale                 
20000a10  _Eps                    
20000aa4  _Errno                  
20000a90  _Fenv                   
20000a20  _Hugeval                
20000a70  _Inf                    
20000a50  _Nan                    
20000a60  _Rteps                  
000009d1  _Sin                    
20000a30  _Snan                   
20000a94  _Tls_setup__Fenv        
20000a40  _Xbig                   
20000a48  _Zero                   
20000cac  __STACK_END             
00000200  __STACK_SIZE            
20000cac  __STACK_TOP             
00002780  __TI_CINIT_Base         
00002790  __TI_CINIT_Limit        
00002768  __TI_Handler_Table_Base 
00002774  __TI_Handler_Table_Limit
00001a85  __TI_auto_init          
20000a88  __TI_cleanup_ptr        
00002143  __TI_decompress_none    
000021af  __TI_decompress_rle24   
20000a8c  __TI_dtors_ptr          
00000000  __TI_static_base__      
00002169  __TI_zero_init          
00001983  __aeabi_cdcmpeq         
00001983  __aeabi_cdcmple         
00001d55  __aeabi_d2iz            
00001e29  __aeabi_d2uiz           
00000ed3  __aeabi_dadd            
00001551  __aeabi_dmul            
00000ec9  __aeabi_dsub            
00001f99  __aeabi_i2d             
0000132f  __aeabi_idiv0           
00001a09  __aeabi_memclr          
00001a09  __aeabi_memclr4         
00001a09  __aeabi_memclr8         
000018e7  __aeabi_memcpy          
000018e7  __aeabi_memcpy4         
000018e7  __aeabi_memcpy8         
00001a0b  __aeabi_memset          
00001a0b  __aeabi_memset4         
00001a0b  __aeabi_memset8         
00002035  __aeabi_ui2d            
00001eb1  __aeabi_uidiv           
00001eb1  __aeabi_uidivmod        
ffffffff  __binit__               
ffffffff  __c_args__              
20000aac  __stack                 
0000208d  _args_main              
00001c25  _c_int00                
00002374  _ctypes_                
20000a80  _lock                   
0000107f  _nop                    
000021b9  _system_pre_init        
20000a84  _unlock                 
00001de9  abort                   
00001c75  atoi                    
ffffffff  binit                   
000005a9  clockInterrupt          
00001cc1  copy_in                 
0000146d  disableCoilA            
00001477  disableCoilB            
00001441  disableLaserA           
00001457  disableLaserB           
00001495  enableCoilA             
00001df1  exit                    
00001e6d  feraiseexcept           
00001081  fmod                    
00000000  g_pfnVectors            
20000808  g_psCmdTable            
0000026d  main                    
20000aa8  main_func_sp            
000018e7  memcpy                  
00001a11  memset                  
00001ef1  signal                  
000014af  signalPWM               


GLOBAL SYMBOLS: SORTED BY Symbol Address 

address   name                    
-------   ----                    
00000000  __TI_static_base__      
00000000  g_pfnVectors            
00000200  __STACK_SIZE            
0000026d  main                    
000005a9  clockInterrupt          
00000739  CMD_shutdown            
00000765  CMD_help                
0000078b  CMD_relayNormal         
000007a7  CMD_relayOn             
000007c3  CMD_PWMfrequency        
000007e5  CMD_PWMoff              
000007f5  CMD_signalPWM           
00000817  CMD_coilBoff            
0000082d  CMD_coilAoff            
00000843  CMD_coilBon             
00000865  CMD_coilAon             
00000875  CMD_laserBoff           
00000893  CMD_laserAoff           
000008b1  CMD_laserBon            
000008cf  CMD_laserAon            
000009d1  _Sin                    
00000c61  UARTStdioConfig         
00000c95  UARTwrite               
00000cbf  UARTprintf              
00000ec9  __aeabi_dsub            
00000ed3  __aeabi_dadd            
0000107f  _nop                    
00001081  fmod                    
000011fd  GPIOPadConfigSet        
0000132f  __aeabi_idiv0           
00001331  SysCtlClockGet          
00001441  disableLaserA           
00001457  disableLaserB           
0000146d  disableCoilA            
00001477  disableCoilB            
00001481  PWMoff                  
00001495  enableCoilA             
000014af  signalPWM               
00001551  __aeabi_dmul            
0000164d  SysCtlClockSet          
00001741  _Dscale                 
00001829  _Dnorm                  
000018e7  __aeabi_memcpy          
000018e7  __aeabi_memcpy4         
000018e7  __aeabi_memcpy8         
000018e7  memcpy                  
00001983  __aeabi_cdcmpeq         
00001983  __aeabi_cdcmple         
00001a09  __aeabi_memclr          
00001a09  __aeabi_memclr4         
00001a09  __aeabi_memclr8         
00001a0b  __aeabi_memset          
00001a0b  __aeabi_memset4         
00001a0b  __aeabi_memset8         
00001a11  memset                  
00001a85  __TI_auto_init          
00001b5d  IntEnable               
00001bc5  TimerConfigure          
00001c25  _c_int00                
00001c75  atoi                    
00001cc1  copy_in                 
00001d0d  GPIOPinConfigure        
00001d55  __aeabi_d2iz            
00001d9d  UARTConfigSetExpClk     
00001de5  C$$EXIT                 
00001de9  abort                   
00001df1  exit                    
00001e29  __aeabi_d2uiz           
00001e6d  feraiseexcept           
00001eb1  __aeabi_uidiv           
00001eb1  __aeabi_uidivmod        
00001ef1  signal                  
00001f2d  SysCtlPeripheralPresent 
00001f65  SysCtlPeripheralEnable  
00001f99  __aeabi_i2d             
00001fc7  GPIODirModeSet          
00001ff1  PWMGenConfigure         
00002015  UARTDisable             
00002035  __aeabi_ui2d            
00002055  PWMPulseWidthSet        
00002073  GPIOPinTypeGPIOOutput   
0000208d  _args_main              
000020a5  SysCtlPWMClockSet       
000020b9  UARTEnable              
000020cd  GPIOPinTypePWM          
000020df  GPIOPinTypeUART         
000020f1  PWMOutputState          
00002103  TimerLoadSet            
00002115  IntMasterEnable         
00002125  PWMGenPeriodSet         
00002135  TimerEnable             
00002143  __TI_decompress_none    
00002151  CPUcpsie                
0000215d  PWMGenEnable            
00002169  __TI_zero_init          
00002175  ResetISR                
00002181  UARTCharGet             
0000218b  UARTCharPut             
00002195  TimerIntEnable          
0000219d  GPIOPinWrite            
000021a3  SysCtlDelay             
000021a9  UARTClockSourceSet      
000021af  __TI_decompress_rle24   
000021b5  TimerIntClear           
000021b9  _system_pre_init        
00002374  _ctypes_                
00002768  __TI_Handler_Table_Base 
00002774  __TI_Handler_Table_Limit
00002780  __TI_CINIT_Base         
00002790  __TI_CINIT_Limit        
20000808  g_psCmdTable            
20000a00  _Denorm                 
20000a10  _Eps                    
20000a20  _Hugeval                
20000a30  _Snan                   
20000a40  _Xbig                   
20000a48  _Zero                   
20000a50  _Nan                    
20000a60  _Rteps                  
20000a70  _Inf                    
20000a80  _lock                   
20000a84  _unlock                 
20000a88  __TI_cleanup_ptr        
20000a8c  __TI_dtors_ptr          
20000a90  _Fenv                   
20000a94  _Tls_setup__Fenv        
20000aa0  PWMfactor               
20000aa4  _Errno                  
20000aa8  main_func_sp            
20000aac  __stack                 
20000cac  __STACK_END             
20000cac  __STACK_TOP             
ffffffff  __binit__               
ffffffff  __c_args__              
ffffffff  binit                   
UNDEFED   SHT$$INIT_ARRAY$$Base   
UNDEFED   SHT$$INIT_ARRAY$$Limit  

[137 symbols]
