<?xml version="1.0"?>
<link_info>
   <banner>TI ARM Linker PC v5.2.7</banner>
   <copyright>Copyright (c) 1996-2015 Texas Instruments Incorporated</copyright>
   <link_time>0x573a562d</link_time>
   <link_errors>0x0</link_errors>
   <output_file>BCWattBalance-Rev1.out</output_file>
   <entry_point>
      <name>_c_int00</name>
      <address>0x1c25</address>
   </entry_point>
   <input_file_list>
      <input_file id="fl-15c">
         <path>C:\Users\lostlazy\AppData\Local\Temp\</path>
         <kind>object</kind>
         <file>039162</file>
         <name>039162</name>
      </input_file>
      <input_file id="fl-7">
         <path>.\</path>
         <kind>object</kind>
         <file>tm4c123ge6pm_startup_ccs.obj</file>
         <name>tm4c123ge6pm_startup_ccs.obj</name>
      </input_file>
      <input_file id="fl-10">
         <path>C:\ti\TivaWare_C_Series-2.1.2.111\driverlib\ccs\Debug\</path>
         <kind>archive</kind>
         <file>driverlib.lib</file>
         <name>gpio.obj</name>
      </input_file>
      <input_file id="fl-11">
         <path>C:\ti\TivaWare_C_Series-2.1.2.111\driverlib\ccs\Debug\</path>
         <kind>archive</kind>
         <file>driverlib.lib</file>
         <name>interrupt.obj</name>
      </input_file>
      <input_file id="fl-12">
         <path>C:\ti\TivaWare_C_Series-2.1.2.111\driverlib\ccs\Debug\</path>
         <kind>archive</kind>
         <file>driverlib.lib</file>
         <name>pwm.obj</name>
      </input_file>
      <input_file id="fl-13">
         <path>C:\ti\TivaWare_C_Series-2.1.2.111\driverlib\ccs\Debug\</path>
         <kind>archive</kind>
         <file>driverlib.lib</file>
         <name>sysctl.obj</name>
      </input_file>
      <input_file id="fl-14">
         <path>C:\ti\TivaWare_C_Series-2.1.2.111\driverlib\ccs\Debug\</path>
         <kind>archive</kind>
         <file>driverlib.lib</file>
         <name>timer.obj</name>
      </input_file>
      <input_file id="fl-15">
         <path>C:\ti\TivaWare_C_Series-2.1.2.111\driverlib\ccs\Debug\</path>
         <kind>archive</kind>
         <file>driverlib.lib</file>
         <name>uart.obj</name>
      </input_file>
      <input_file id="fl-16">
         <path>C:\ti\TivaWare_C_Series-2.1.2.111\driverlib\ccs\Debug\</path>
         <kind>archive</kind>
         <file>driverlib.lib</file>
         <name>cpu.obj</name>
      </input_file>
      <input_file id="fl-139">
         <path>C:\ti\ccsv6\tools\compiler\ti-cgt-arm_5.2.7\lib\</path>
         <kind>archive</kind>
         <file>rtsv7M4_T_le_v4SPD16_eabi.lib</file>
         <name>boot.obj</name>
      </input_file>
      <input_file id="fl-13e">
         <path>C:\ti\ccsv6\tools\compiler\ti-cgt-arm_5.2.7\lib\</path>
         <kind>archive</kind>
         <file>rtsv7M4_T_le_v4SPD16_eabi.lib</file>
         <name>exit.obj</name>
      </input_file>
      <input_file id="fl-13f">
         <path>C:\ti\ccsv6\tools\compiler\ti-cgt-arm_5.2.7\lib\</path>
         <kind>archive</kind>
         <file>rtsv7M4_T_le_v4SPD16_eabi.lib</file>
         <name>fd_add_t2.obj</name>
      </input_file>
      <input_file id="fl-140">
         <path>C:\ti\ccsv6\tools\compiler\ti-cgt-arm_5.2.7\lib\</path>
         <kind>archive</kind>
         <file>rtsv7M4_T_le_v4SPD16_eabi.lib</file>
         <name>fd_cmp_t2.obj</name>
      </input_file>
      <input_file id="fl-141">
         <path>C:\ti\ccsv6\tools\compiler\ti-cgt-arm_5.2.7\lib\</path>
         <kind>archive</kind>
         <file>rtsv7M4_T_le_v4SPD16_eabi.lib</file>
         <name>fd_mul_t2.obj</name>
      </input_file>
      <input_file id="fl-142">
         <path>C:\ti\ccsv6\tools\compiler\ti-cgt-arm_5.2.7\lib\</path>
         <kind>archive</kind>
         <file>rtsv7M4_T_le_v4SPD16_eabi.lib</file>
         <name>fd_toi_t2.obj</name>
      </input_file>
      <input_file id="fl-143">
         <path>C:\ti\ccsv6\tools\compiler\ti-cgt-arm_5.2.7\lib\</path>
         <kind>archive</kind>
         <file>rtsv7M4_T_le_v4SPD16_eabi.lib</file>
         <name>fd_tou_t2.obj</name>
      </input_file>
      <input_file id="fl-144">
         <path>C:\ti\ccsv6\tools\compiler\ti-cgt-arm_5.2.7\lib\</path>
         <kind>archive</kind>
         <file>rtsv7M4_T_le_v4SPD16_eabi.lib</file>
         <name>memcpy_t2.obj</name>
      </input_file>
      <input_file id="fl-145">
         <path>C:\ti\ccsv6\tools\compiler\ti-cgt-arm_5.2.7\lib\</path>
         <kind>archive</kind>
         <file>rtsv7M4_T_le_v4SPD16_eabi.lib</file>
         <name>memset_t2.obj</name>
      </input_file>
      <input_file id="fl-14a">
         <path>C:\ti\ccsv6\tools\compiler\ti-cgt-arm_5.2.7\lib\</path>
         <kind>archive</kind>
         <file>rtsv7M4_T_le_v4SPD16_eabi.lib</file>
         <name>u_divt2.obj</name>
      </input_file>
      <input_file id="fl-14b">
         <path>C:\ti\ccsv6\tools\compiler\ti-cgt-arm_5.2.7\lib\</path>
         <kind>archive</kind>
         <file>rtsv7M4_T_le_v4SPD16_eabi.lib</file>
         <name>u_tofd_t2.obj</name>
      </input_file>
      <input_file id="fl-14f">
         <path>C:\ti\ccsv6\tools\compiler\ti-cgt-arm_5.2.7\lib\</path>
         <kind>archive</kind>
         <file>rtsv7M4_T_le_v4SPD16_eabi.lib</file>
         <name>args_main.obj</name>
      </input_file>
      <input_file id="fl-150">
         <path>C:\ti\ccsv6\tools\compiler\ti-cgt-arm_5.2.7\lib\</path>
         <kind>archive</kind>
         <file>rtsv7M4_T_le_v4SPD16_eabi.lib</file>
         <name>autoinit.obj</name>
      </input_file>
      <input_file id="fl-154">
         <path>C:\ti\ccsv6\tools\compiler\ti-cgt-arm_5.2.7\lib\</path>
         <kind>archive</kind>
         <file>rtsv7M4_T_le_v4SPD16_eabi.lib</file>
         <name>i_tofd_t2.obj</name>
      </input_file>
   </input_file_list>
   <object_component_list>
      <object_component id="oc-f">
         <name>.intvecs</name>
         <load_address>0x0</load_address>
         <run_address>0x0</run_address>
         <size>0x26c</size>
         <input_file_ref idref="fl-7"/>
      </object_component>
      <object_component id="oc-30">
         <name>.text</name>
         <load_address>0x26c</load_address>
         <run_address>0x26c</run_address>
         <size>0x4cc</size>
         <input_file_ref idref="fl-5"/>
      </object_component>
      <object_component id="oc-217">
         <name>.text</name>
         <load_address>0x738</load_address>
         <run_address>0x738</run_address>
         <size>0x298</size>
         <input_file_ref idref="fl-3"/>
      </object_component>
      <object_component id="oc-fd">
         <name>.text</name>
         <load_address>0x9d0</load_address>
         <run_address>0x9d0</run_address>
         <size>0x290</size>
         <input_file_ref idref="fl-14c"/>
      </object_component>
      <object_component id="oc-94">
         <name>.text</name>
         <load_address>0xc60</load_address>
         <run_address>0xc60</run_address>
         <size>0x268</size>
         <input_file_ref idref="fl-9"/>
      </object_component>
      <object_component id="oc-103">
         <name>.text</name>
         <load_address>0xec8</load_address>
         <run_address>0xec8</run_address>
         <size>0x1b6</size>
         <input_file_ref idref="fl-13f"/>
      </object_component>
      <object_component id="oc-233">
         <name>.text</name>
         <load_address>0x107e</load_address>
         <run_address>0x107e</run_address>
         <size>0x2</size>
         <input_file_ref idref="fl-14e"/>
      </object_component>
      <object_component id="oc-1e8">
         <name>.text</name>
         <load_address>0x1080</load_address>
         <run_address>0x1080</run_address>
         <size>0x17c</size>
         <input_file_ref idref="fl-152"/>
      </object_component>
      <object_component id="oc-1a3">
         <name>.text:GPIOPadConfigSet</name>
         <load_address>0x11fc</load_address>
         <run_address>0x11fc</run_address>
         <size>0x132</size>
         <input_file_ref idref="fl-10"/>
      </object_component>
      <object_component id="oc-259">
         <name>.text</name>
         <load_address>0x132e</load_address>
         <run_address>0x132e</run_address>
         <size>0x2</size>
         <input_file_ref idref="fl-153"/>
      </object_component>
      <object_component id="oc-8e">
         <name>.text:SysCtlClockGet</name>
         <load_address>0x1330</load_address>
         <run_address>0x1330</run_address>
         <size>0x110</size>
         <input_file_ref idref="fl-13"/>
      </object_component>
      <object_component id="oc-128">
         <name>.text</name>
         <load_address>0x1440</load_address>
         <run_address>0x1440</run_address>
         <size>0x110</size>
         <input_file_ref idref="fl-4"/>
      </object_component>
      <object_component id="oc-e1">
         <name>.text</name>
         <load_address>0x1550</load_address>
         <run_address>0x1550</run_address>
         <size>0xfc</size>
         <input_file_ref idref="fl-141"/>
      </object_component>
      <object_component id="oc-70">
         <name>.text:SysCtlClockSet</name>
         <load_address>0x164c</load_address>
         <run_address>0x164c</run_address>
         <size>0xf4</size>
         <input_file_ref idref="fl-13"/>
      </object_component>
      <object_component id="oc-271">
         <name>.text</name>
         <load_address>0x1740</load_address>
         <run_address>0x1740</run_address>
         <size>0xe8</size>
         <input_file_ref idref="fl-156"/>
      </object_component>
      <object_component id="oc-26b">
         <name>.text</name>
         <load_address>0x1828</load_address>
         <run_address>0x1828</run_address>
         <size>0xbe</size>
         <input_file_ref idref="fl-155"/>
      </object_component>
      <object_component id="oc-39">
         <name>.text</name>
         <load_address>0x18e6</load_address>
         <run_address>0x18e6</run_address>
         <size>0x9c</size>
         <input_file_ref idref="fl-144"/>
      </object_component>
      <object_component id="oc-12e">
         <name>.text:__aeabi_cdcmple</name>
         <load_address>0x1982</load_address>
         <run_address>0x1982</run_address>
         <size>0x86</size>
         <input_file_ref idref="fl-140"/>
      </object_component>
      <object_component id="oc-4d">
         <name>.text</name>
         <load_address>0x1a08</load_address>
         <run_address>0x1a08</run_address>
         <size>0x7a</size>
         <input_file_ref idref="fl-145"/>
      </object_component>
      <object_component id="oc-59">
         <name>.text</name>
         <load_address>0x1a84</load_address>
         <run_address>0x1a84</run_address>
         <size>0x6c</size>
         <input_file_ref idref="fl-150"/>
      </object_component>
      <object_component id="oc-46">
         <name>.text</name>
         <load_address>0x1af0</load_address>
         <run_address>0x1af0</run_address>
         <size>0x6a</size>
         <input_file_ref idref="fl-13b"/>
      </object_component>
      <object_component id="oc-f1">
         <name>.text:IntEnable</name>
         <load_address>0x1b5c</load_address>
         <run_address>0x1b5c</run_address>
         <size>0x68</size>
         <input_file_ref idref="fl-11"/>
      </object_component>
      <object_component id="oc-d6">
         <name>.text:TimerConfigure</name>
         <load_address>0x1bc4</load_address>
         <run_address>0x1bc4</run_address>
         <size>0x60</size>
         <input_file_ref idref="fl-14"/>
      </object_component>
      <object_component id="oc-24">
         <name>.text</name>
         <load_address>0x1c24</load_address>
         <run_address>0x1c24</run_address>
         <size>0x50</size>
         <input_file_ref idref="fl-139"/>
      </object_component>
      <object_component id="oc-28b">
         <name>.text</name>
         <load_address>0x1c74</load_address>
         <run_address>0x1c74</run_address>
         <size>0x4c</size>
         <input_file_ref idref="fl-138"/>
      </object_component>
      <object_component id="oc-17f">
         <name>.text</name>
         <load_address>0x1cc0</load_address>
         <run_address>0x1cc0</run_address>
         <size>0x4c</size>
         <input_file_ref idref="fl-151"/>
      </object_component>
      <object_component id="oc-7c">
         <name>.text:GPIOPinConfigure</name>
         <load_address>0x1d0c</load_address>
         <run_address>0x1d0c</run_address>
         <size>0x48</size>
         <input_file_ref idref="fl-10"/>
      </object_component>
      <object_component id="oc-123">
         <name>.text</name>
         <load_address>0x1d54</load_address>
         <run_address>0x1d54</run_address>
         <size>0x48</size>
         <input_file_ref idref="fl-142"/>
      </object_component>
      <object_component id="oc-1b6">
         <name>.text:UARTConfigSetExpClk</name>
         <load_address>0x1d9c</load_address>
         <run_address>0x1d9c</run_address>
         <size>0x46</size>
         <input_file_ref idref="fl-15"/>
      </object_component>
      <object_component id="oc-65">
         <name>.text</name>
         <load_address>0x1de4</load_address>
         <run_address>0x1de4</run_address>
         <size>0x44</size>
         <input_file_ref idref="fl-13e"/>
      </object_component>
      <object_component id="oc-e6">
         <name>.text</name>
         <load_address>0x1e28</load_address>
         <run_address>0x1e28</run_address>
         <size>0x44</size>
         <input_file_ref idref="fl-143"/>
      </object_component>
      <object_component id="oc-1f3">
         <name>.text</name>
         <load_address>0x1e6c</load_address>
         <run_address>0x1e6c</run_address>
         <size>0x44</size>
         <input_file_ref idref="fl-159"/>
      </object_component>
      <object_component id="oc-1c2">
         <name>.text</name>
         <load_address>0x1eb0</load_address>
         <run_address>0x1eb0</run_address>
         <size>0x40</size>
         <input_file_ref idref="fl-14a"/>
      </object_component>
      <object_component id="oc-279">
         <name>.text</name>
         <load_address>0x1ef0</load_address>
         <run_address>0x1ef0</run_address>
         <size>0x3c</size>
         <input_file_ref idref="fl-15b"/>
      </object_component>
      <object_component id="oc-1b0">
         <name>.text:SysCtlPeripheralPresent</name>
         <load_address>0x1f2c</load_address>
         <run_address>0x1f2c</run_address>
         <size>0x38</size>
         <input_file_ref idref="fl-13"/>
      </object_component>
      <object_component id="oc-76">
         <name>.text:SysCtlPeripheralEnable</name>
         <load_address>0x1f64</load_address>
         <run_address>0x1f64</run_address>
         <size>0x34</size>
         <input_file_ref idref="fl-13"/>
      </object_component>
      <object_component id="oc-1ee">
         <name>.text</name>
         <load_address>0x1f98</load_address>
         <run_address>0x1f98</run_address>
         <size>0x2e</size>
         <input_file_ref idref="fl-154"/>
      </object_component>
      <object_component id="oc-19d">
         <name>.text:GPIODirModeSet</name>
         <load_address>0x1fc6</load_address>
         <run_address>0x1fc6</run_address>
         <size>0x2a</size>
         <input_file_ref idref="fl-10"/>
      </object_component>
      <object_component id="oc-b8">
         <name>.text:PWMGenConfigure</name>
         <load_address>0x1ff0</load_address>
         <run_address>0x1ff0</run_address>
         <size>0x22</size>
         <input_file_ref idref="fl-12"/>
      </object_component>
      <object_component id="oc-251">
         <name>.text:UARTDisable</name>
         <load_address>0x2014</load_address>
         <run_address>0x2014</run_address>
         <size>0x20</size>
         <input_file_ref idref="fl-15"/>
      </object_component>
      <object_component id="oc-dc">
         <name>.text</name>
         <load_address>0x2034</load_address>
         <run_address>0x2034</run_address>
         <size>0x20</size>
         <input_file_ref idref="fl-14b"/>
      </object_component>
      <object_component id="oc-c4">
         <name>.text:PWMPulseWidthSet</name>
         <load_address>0x2054</load_address>
         <run_address>0x2054</run_address>
         <size>0x1e</size>
         <input_file_ref idref="fl-12"/>
      </object_component>
      <object_component id="oc-a6">
         <name>.text:GPIOPinTypeGPIOOutput</name>
         <load_address>0x2072</load_address>
         <run_address>0x2072</run_address>
         <size>0x18</size>
         <input_file_ref idref="fl-10"/>
      </object_component>
      <object_component id="oc-5f">
         <name>.text</name>
         <load_address>0x208c</load_address>
         <run_address>0x208c</run_address>
         <size>0x18</size>
         <input_file_ref idref="fl-14f"/>
      </object_component>
      <object_component id="oc-a0">
         <name>.text:SysCtlPWMClockSet</name>
         <load_address>0x20a4</load_address>
         <run_address>0x20a4</run_address>
         <size>0x14</size>
         <input_file_ref idref="fl-13"/>
      </object_component>
      <object_component id="oc-1bc">
         <name>.text:UARTEnable</name>
         <load_address>0x20b8</load_address>
         <run_address>0x20b8</run_address>
         <size>0x14</size>
         <input_file_ref idref="fl-15"/>
      </object_component>
      <object_component id="oc-b2">
         <name>.text:GPIOPinTypePWM</name>
         <load_address>0x20cc</load_address>
         <run_address>0x20cc</run_address>
         <size>0x12</size>
         <input_file_ref idref="fl-10"/>
      </object_component>
      <object_component id="oc-82">
         <name>.text:GPIOPinTypeUART</name>
         <load_address>0x20de</load_address>
         <run_address>0x20de</run_address>
         <size>0x12</size>
         <input_file_ref idref="fl-10"/>
      </object_component>
      <object_component id="oc-ca">
         <name>.text:PWMOutputState</name>
         <load_address>0x20f0</load_address>
         <run_address>0x20f0</run_address>
         <size>0x12</size>
         <input_file_ref idref="fl-12"/>
      </object_component>
      <object_component id="oc-eb">
         <name>.text:TimerLoadSet</name>
         <load_address>0x2102</load_address>
         <run_address>0x2102</run_address>
         <size>0x12</size>
         <input_file_ref idref="fl-14"/>
      </object_component>
      <object_component id="oc-9a">
         <name>.text:IntMasterEnable</name>
         <load_address>0x2114</load_address>
         <run_address>0x2114</run_address>
         <size>0x10</size>
         <input_file_ref idref="fl-11"/>
      </object_component>
      <object_component id="oc-be">
         <name>.text:PWMGenPeriodSet</name>
         <load_address>0x2124</load_address>
         <run_address>0x2124</run_address>
         <size>0x10</size>
         <input_file_ref idref="fl-12"/>
      </object_component>
      <object_component id="oc-108">
         <name>.text:TimerEnable</name>
         <load_address>0x2134</load_address>
         <run_address>0x2134</run_address>
         <size>0xe</size>
         <input_file_ref idref="fl-14"/>
      </object_component>
      <object_component id="oc-12">
         <name>.text:decompress:none</name>
         <load_address>0x2142</load_address>
         <run_address>0x2142</run_address>
         <size>0xe</size>
         <input_file_ref idref="fl-13a"/>
      </object_component>
      <object_component id="oc-1cb">
         <name>.text:CPUcpsie</name>
         <load_address>0x2150</load_address>
         <run_address>0x2150</run_address>
         <size>0xc</size>
         <input_file_ref idref="fl-16"/>
      </object_component>
      <object_component id="oc-d0">
         <name>.text:PWMGenEnable</name>
         <load_address>0x215c</load_address>
         <run_address>0x215c</run_address>
         <size>0xc</size>
         <input_file_ref idref="fl-12"/>
      </object_component>
      <object_component id="oc-1e">
         <name>.text:decompress:ZI</name>
         <load_address>0x2168</load_address>
         <run_address>0x2168</run_address>
         <size>0xc</size>
         <input_file_ref idref="fl-13c"/>
      </object_component>
      <object_component id="oc-2a">
         <name>.text</name>
         <load_address>0x2174</load_address>
         <run_address>0x2174</run_address>
         <size>0xc</size>
         <input_file_ref idref="fl-7"/>
      </object_component>
      <object_component id="oc-114">
         <name>.text:UARTCharGet</name>
         <load_address>0x2180</load_address>
         <run_address>0x2180</run_address>
         <size>0xa</size>
         <input_file_ref idref="fl-15"/>
      </object_component>
      <object_component id="oc-10e">
         <name>.text:UARTCharPut</name>
         <load_address>0x218a</load_address>
         <run_address>0x218a</run_address>
         <size>0xa</size>
         <input_file_ref idref="fl-15"/>
      </object_component>
      <object_component id="oc-f7">
         <name>.text:TimerIntEnable</name>
         <load_address>0x2194</load_address>
         <run_address>0x2194</run_address>
         <size>0x8</size>
         <input_file_ref idref="fl-14"/>
      </object_component>
      <object_component id="oc-ac">
         <name>.text:GPIOPinWrite</name>
         <load_address>0x219c</load_address>
         <run_address>0x219c</run_address>
         <size>0x6</size>
         <input_file_ref idref="fl-10"/>
      </object_component>
      <object_component id="oc-194">
         <name>.text:SysCtlDelay</name>
         <load_address>0x21a2</load_address>
         <run_address>0x21a2</run_address>
         <size>0x6</size>
         <input_file_ref idref="fl-13"/>
      </object_component>
      <object_component id="oc-88">
         <name>.text:UARTClockSourceSet</name>
         <load_address>0x21a8</load_address>
         <run_address>0x21a8</run_address>
         <size>0x6</size>
         <input_file_ref idref="fl-15"/>
      </object_component>
      <object_component id="oc-18">
         <name>.text:decompress:rle24</name>
         <load_address>0x21ae</load_address>
         <run_address>0x21ae</run_address>
         <size>0x6</size>
         <input_file_ref idref="fl-13b"/>
      </object_component>
      <object_component id="oc-11d">
         <name>.text:TimerIntClear</name>
         <load_address>0x21b4</load_address>
         <run_address>0x21b4</run_address>
         <size>0x4</size>
         <input_file_ref idref="fl-14"/>
      </object_component>
      <object_component id="oc-53">
         <name>.text</name>
         <load_address>0x21b8</load_address>
         <run_address>0x21b8</run_address>
         <size>0x4</size>
         <input_file_ref idref="fl-146"/>
      </object_component>
      <object_component id="oc-216">
         <name>.const:.string</name>
         <load_address>0x21c0</load_address>
         <run_address>0x21c0</run_address>
         <size>0x1b4</size>
         <input_file_ref idref="fl-15c"/>
      </object_component>
      <object_component id="oc-29d">
         <name>.const:.string:_ctypes_</name>
         <load_address>0x2374</load_address>
         <run_address>0x2374</run_address>
         <size>0x101</size>
         <input_file_ref idref="fl-13d"/>
      </object_component>
      <object_component id="oc-198">
         <name>.const:g_pui32GPIOBaseAddrs</name>
         <load_address>0x2478</load_address>
         <run_address>0x2478</run_address>
         <size>0x90</size>
         <input_file_ref idref="fl-10"/>
      </object_component>
      <object_component id="oc-1e2">
         <name>.const</name>
         <load_address>0x2508</load_address>
         <run_address>0x2508</run_address>
         <size>0x70</size>
         <input_file_ref idref="fl-11"/>
      </object_component>
      <object_component id="oc-1ac">
         <name>.const:g_pui32Xtals</name>
         <load_address>0x2578</load_address>
         <run_address>0x2578</run_address>
         <size>0x6c</size>
         <input_file_ref idref="fl-13"/>
      </object_component>
      <object_component id="oc-1fc">
         <name>.const</name>
         <load_address>0x25e8</load_address>
         <run_address>0x25e8</run_address>
         <size>0x60</size>
         <input_file_ref idref="fl-14c"/>
      </object_component>
      <object_component id="oc-1c7">
         <name>.const</name>
         <load_address>0x2648</load_address>
         <run_address>0x2648</run_address>
         <size>0x18</size>
         <input_file_ref idref="fl-9"/>
      </object_component>
      <object_component id="oc-2c8">
         <name>.cinit..data.load</name>
         <load_address>0x2660</load_address>
         <run_address>0x2660</run_address>
         <size>0x106</size>
      </object_component>
      <object_component id="oc-2c6">
         <name>__TI_handler_table</name>
         <load_address>0x2768</load_address>
         <run_address>0x2768</run_address>
         <size>0xc</size>
      </object_component>
      <object_component id="oc-2c9">
         <name>.cinit..bss.load</name>
         <load_address>0x2778</load_address>
         <run_address>0x2778</run_address>
         <size>0x8</size>
      </object_component>
      <object_component id="oc-2c7">
         <name>__TI_cinit_table</name>
         <load_address>0x2780</load_address>
         <run_address>0x2780</run_address>
         <size>0x10</size>
      </object_component>
      <object_component id="oc-29">
         <name>.stack</name>
         <uninitialized>true</uninitialized>
         <run_address>0x20000aac</run_address>
         <size>0x0</size>
         <input_file_ref idref="fl-139"/>
      </object_component>
      <object_component id="oc-2ca">
         <name>.stack</name>
         <uninitialized>true</uninitialized>
         <run_address>0x20000aac</run_address>
         <size>0x0</size>
      </object_component>
      <object_component id="oc-136">
         <name>.bss:g_ppcArgv$5</name>
         <uninitialized>true</uninitialized>
         <run_address>0x20000cac</run_address>
         <size>0x24</size>
         <input_file_ref idref="fl-8"/>
      </object_component>
      <object_component id="oc-18c">
         <name>.data</name>
         <load_address>0x20000a88</load_address>
         <run_address>0x20000a88</run_address>
         <size>0x8</size>
         <input_file_ref idref="fl-13e"/>
      </object_component>
      <object_component id="oc-13c">
         <name>.data:g_psCmdTable</name>
         <load_address>0x20000808</load_address>
         <run_address>0x20000808</run_address>
         <size>0xc0</size>
         <input_file_ref idref="fl-3"/>
      </object_component>
      <object_component id="oc-20b">
         <name>.data</name>
         <load_address>0x20000aa0</load_address>
         <run_address>0x20000aa0</run_address>
         <size>0x4</size>
         <input_file_ref idref="fl-4"/>
      </object_component>
      <object_component id="oc-6b">
         <name>.data</name>
         <load_address>0x20000aa8</load_address>
         <run_address>0x20000aa8</run_address>
         <size>0x4</size>
         <input_file_ref idref="fl-148"/>
      </object_component>
      <object_component id="oc-1f9">
         <name>.data</name>
         <load_address>0x20000a00</load_address>
         <run_address>0x20000a00</run_address>
         <size>0x80</size>
         <input_file_ref idref="fl-14d"/>
      </object_component>
      <object_component id="oc-1ff">
         <name>.data</name>
         <load_address>0x20000aa4</load_address>
         <run_address>0x20000aa4</run_address>
         <size>0x4</size>
         <input_file_ref idref="fl-158"/>
      </object_component>
      <object_component id="oc-297">
         <name>.data:sigtable$29</name>
         <load_address>0x200008c8</load_address>
         <run_address>0x200008c8</run_address>
         <size>0xb0</size>
         <input_file_ref idref="fl-15b"/>
      </object_component>
      <object_component id="oc-133">
         <name>.data</name>
         <load_address>0x20000978</load_address>
         <run_address>0x20000978</run_address>
         <size>0x88</size>
         <input_file_ref idref="fl-5"/>
      </object_component>
      <object_component id="oc-11a">
         <name>.data</name>
         <load_address>0x20000000</load_address>
         <run_address>0x20000000</run_address>
         <size>0x808</size>
         <input_file_ref idref="fl-6"/>
      </object_component>
      <object_component id="oc-139">
         <name>.data</name>
         <load_address>0x20000a98</load_address>
         <run_address>0x20000a98</run_address>
         <size>0x8</size>
         <input_file_ref idref="fl-9"/>
      </object_component>
      <object_component id="oc-189">
         <name>.data</name>
         <load_address>0x20000a80</load_address>
         <run_address>0x20000a80</run_address>
         <size>0x8</size>
         <input_file_ref idref="fl-14e"/>
      </object_component>
      <object_component id="oc-27f">
         <name>.data</name>
         <load_address>0x20000a90</load_address>
         <run_address>0x20000a90</run_address>
         <size>0x8</size>
         <input_file_ref idref="fl-159"/>
      </object_component>
      <object_component id="oc-38">
         <name>.debug_info</name>
         <load_address>0x0</load_address>
         <run_address>0x0</run_address>
         <size>0x137</size>
         <input_file_ref idref="fl-7"/>
      </object_component>
      <object_component id="oc-10">
         <name>.debug_info</name>
         <load_address>0x137</load_address>
         <run_address>0x137</run_address>
         <size>0xf8</size>
         <input_file_ref idref="fl-7"/>
      </object_component>
      <object_component id="oc-2b">
         <name>.debug_info</name>
         <load_address>0x22f</load_address>
         <run_address>0x22f</run_address>
         <size>0x274</size>
         <input_file_ref idref="fl-7"/>
      </object_component>
      <object_component id="oc-14c">
         <name>.debug_info</name>
         <load_address>0x4a3</load_address>
         <run_address>0x4a3</run_address>
         <size>0x84</size>
         <input_file_ref idref="fl-7"/>
      </object_component>
      <object_component id="oc-19c">
         <name>.debug_info</name>
         <load_address>0x527</load_address>
         <run_address>0x527</run_address>
         <size>0x230</size>
         <input_file_ref idref="fl-10"/>
      </object_component>
      <object_component id="oc-199">
         <name>.debug_info</name>
         <load_address>0x757</load_address>
         <run_address>0x757</run_address>
         <size>0x15b</size>
         <input_file_ref idref="fl-10"/>
      </object_component>
      <object_component id="oc-ad">
         <name>.debug_info</name>
         <load_address>0x8b2</load_address>
         <run_address>0x8b2</run_address>
         <size>0x2a3</size>
         <input_file_ref idref="fl-10"/>
      </object_component>
      <object_component id="oc-19e">
         <name>.debug_info</name>
         <load_address>0xb55</load_address>
         <run_address>0xb55</run_address>
         <size>0x2b3</size>
         <input_file_ref idref="fl-10"/>
      </object_component>
      <object_component id="oc-1a4">
         <name>.debug_info</name>
         <load_address>0xe08</load_address>
         <run_address>0xe08</run_address>
         <size>0x316</size>
         <input_file_ref idref="fl-10"/>
      </object_component>
      <object_component id="oc-83">
         <name>.debug_info</name>
         <load_address>0x111e</load_address>
         <run_address>0x111e</run_address>
         <size>0x27b</size>
         <input_file_ref idref="fl-10"/>
      </object_component>
      <object_component id="oc-b3">
         <name>.debug_info</name>
         <load_address>0x1399</load_address>
         <run_address>0x1399</run_address>
         <size>0x279</size>
         <input_file_ref idref="fl-10"/>
      </object_component>
      <object_component id="oc-a7">
         <name>.debug_info</name>
         <load_address>0x1612</load_address>
         <run_address>0x1612</run_address>
         <size>0x2b7</size>
         <input_file_ref idref="fl-10"/>
      </object_component>
      <object_component id="oc-7e">
         <name>.debug_info</name>
         <load_address>0x18c9</load_address>
         <run_address>0x18c9</run_address>
         <size>0x280</size>
         <input_file_ref idref="fl-10"/>
      </object_component>
      <object_component id="oc-1e6">
         <name>.debug_info</name>
         <load_address>0x1b49</load_address>
         <run_address>0x1b49</run_address>
         <size>0x20e</size>
         <input_file_ref idref="fl-11"/>
      </object_component>
      <object_component id="oc-1e3">
         <name>.debug_info</name>
         <load_address>0x1d57</load_address>
         <run_address>0x1d57</run_address>
         <size>0x210</size>
         <input_file_ref idref="fl-11"/>
      </object_component>
      <object_component id="oc-9b">
         <name>.debug_info</name>
         <load_address>0x1f67</load_address>
         <run_address>0x1f67</run_address>
         <size>0x23e</size>
         <input_file_ref idref="fl-11"/>
      </object_component>
      <object_component id="oc-f2">
         <name>.debug_info</name>
         <load_address>0x21a5</load_address>
         <run_address>0x21a5</run_address>
         <size>0x268</size>
         <input_file_ref idref="fl-11"/>
      </object_component>
      <object_component id="oc-1d7">
         <name>.debug_info</name>
         <load_address>0x240d</load_address>
         <run_address>0x240d</run_address>
         <size>0x1ed</size>
         <input_file_ref idref="fl-12"/>
      </object_component>
      <object_component id="oc-c5">
         <name>.debug_info</name>
         <load_address>0x25fa</load_address>
         <run_address>0x25fa</run_address>
         <size>0x2f6</size>
         <input_file_ref idref="fl-12"/>
      </object_component>
      <object_component id="oc-cb">
         <name>.debug_info</name>
         <load_address>0x28f0</load_address>
         <run_address>0x28f0</run_address>
         <size>0x2c4</size>
         <input_file_ref idref="fl-12"/>
      </object_component>
      <object_component id="oc-bf">
         <name>.debug_info</name>
         <load_address>0x2bb4</load_address>
         <run_address>0x2bb4</run_address>
         <size>0x2b6</size>
         <input_file_ref idref="fl-12"/>
      </object_component>
      <object_component id="oc-d1">
         <name>.debug_info</name>
         <load_address>0x2e6a</load_address>
         <run_address>0x2e6a</run_address>
         <size>0x276</size>
         <input_file_ref idref="fl-12"/>
      </object_component>
      <object_component id="oc-b9">
         <name>.debug_info</name>
         <load_address>0x30e0</load_address>
         <run_address>0x30e0</run_address>
         <size>0x2b3</size>
         <input_file_ref idref="fl-12"/>
      </object_component>
      <object_component id="oc-196">
         <name>.debug_info</name>
         <load_address>0x3393</load_address>
         <run_address>0x3393</run_address>
         <size>0x27f</size>
         <input_file_ref idref="fl-13"/>
      </object_component>
      <object_component id="oc-1ad">
         <name>.debug_info</name>
         <load_address>0x3612</load_address>
         <run_address>0x3612</run_address>
         <size>0x14d</size>
         <input_file_ref idref="fl-13"/>
      </object_component>
      <object_component id="oc-1b1">
         <name>.debug_info</name>
         <load_address>0x375f</load_address>
         <run_address>0x375f</run_address>
         <size>0x283</size>
         <input_file_ref idref="fl-13"/>
      </object_component>
      <object_component id="oc-77">
         <name>.debug_info</name>
         <load_address>0x39e2</load_address>
         <run_address>0x39e2</run_address>
         <size>0x27d</size>
         <input_file_ref idref="fl-13"/>
      </object_component>
      <object_component id="oc-a1">
         <name>.debug_info</name>
         <load_address>0x3c5f</load_address>
         <run_address>0x3c5f</run_address>
         <size>0x263</size>
         <input_file_ref idref="fl-13"/>
      </object_component>
      <object_component id="oc-71">
         <name>.debug_info</name>
         <load_address>0x3ec2</load_address>
         <run_address>0x3ec2</run_address>
         <size>0x2db</size>
         <input_file_ref idref="fl-13"/>
      </object_component>
      <object_component id="oc-8f">
         <name>.debug_info</name>
         <load_address>0x419d</load_address>
         <run_address>0x419d</run_address>
         <size>0x2b5</size>
         <input_file_ref idref="fl-13"/>
      </object_component>
      <object_component id="oc-241">
         <name>.debug_info</name>
         <load_address>0x4452</load_address>
         <run_address>0x4452</run_address>
         <size>0x5f</size>
         <input_file_ref idref="fl-13"/>
      </object_component>
      <object_component id="oc-1dd">
         <name>.debug_info</name>
         <load_address>0x44b1</load_address>
         <run_address>0x44b1</run_address>
         <size>0x223</size>
         <input_file_ref idref="fl-14"/>
      </object_component>
      <object_component id="oc-ec">
         <name>.debug_info</name>
         <load_address>0x46d4</load_address>
         <run_address>0x46d4</run_address>
         <size>0x2ba</size>
         <input_file_ref idref="fl-14"/>
      </object_component>
      <object_component id="oc-f8">
         <name>.debug_info</name>
         <load_address>0x498e</load_address>
         <run_address>0x498e</run_address>
         <size>0x294</size>
         <input_file_ref idref="fl-14"/>
      </object_component>
      <object_component id="oc-11e">
         <name>.debug_info</name>
         <load_address>0x4c22</load_address>
         <run_address>0x4c22</run_address>
         <size>0x292</size>
         <input_file_ref idref="fl-14"/>
      </object_component>
      <object_component id="oc-109">
         <name>.debug_info</name>
         <load_address>0x4eb4</load_address>
         <run_address>0x4eb4</run_address>
         <size>0x27f</size>
         <input_file_ref idref="fl-14"/>
      </object_component>
      <object_component id="oc-d7">
         <name>.debug_info</name>
         <load_address>0x5133</load_address>
         <run_address>0x5133</run_address>
         <size>0x28c</size>
         <input_file_ref idref="fl-14"/>
      </object_component>
      <object_component id="oc-1ab">
         <name>.debug_info</name>
         <load_address>0x53bf</load_address>
         <run_address>0x53bf</run_address>
         <size>0x227</size>
         <input_file_ref idref="fl-15"/>
      </object_component>
      <object_component id="oc-1bd">
         <name>.debug_info</name>
         <load_address>0x55e6</load_address>
         <run_address>0x55e6</run_address>
         <size>0x247</size>
         <input_file_ref idref="fl-15"/>
      </object_component>
      <object_component id="oc-252">
         <name>.debug_info</name>
         <load_address>0x582d</load_address>
         <run_address>0x582d</run_address>
         <size>0x249</size>
         <input_file_ref idref="fl-15"/>
      </object_component>
      <object_component id="oc-1b7">
         <name>.debug_info</name>
         <load_address>0x5a76</load_address>
         <run_address>0x5a76</run_address>
         <size>0x326</size>
         <input_file_ref idref="fl-15"/>
      </object_component>
      <object_component id="oc-89">
         <name>.debug_info</name>
         <load_address>0x5d9c</load_address>
         <run_address>0x5d9c</run_address>
         <size>0x291</size>
         <input_file_ref idref="fl-15"/>
      </object_component>
      <object_component id="oc-10f">
         <name>.debug_info</name>
         <load_address>0x602d</load_address>
         <run_address>0x602d</run_address>
         <size>0x273</size>
         <input_file_ref idref="fl-15"/>
      </object_component>
      <object_component id="oc-115">
         <name>.debug_info</name>
         <load_address>0x62a0</load_address>
         <run_address>0x62a0</run_address>
         <size>0x24d</size>
         <input_file_ref idref="fl-15"/>
      </object_component>
      <object_component id="oc-1cc">
         <name>.debug_info</name>
         <load_address>0x64ed</load_address>
         <run_address>0x64ed</run_address>
         <size>0x212</size>
         <input_file_ref idref="fl-16"/>
      </object_component>
      <object_component id="oc-25">
         <name>.debug_info</name>
         <load_address>0x66ff</load_address>
         <run_address>0x66ff</run_address>
         <size>0x169</size>
         <input_file_ref idref="fl-139"/>
      </object_component>
      <object_component id="oc-190">
         <name>.debug_info</name>
         <load_address>0x6868</load_address>
         <run_address>0x6868</run_address>
         <size>0x1a7</size>
         <input_file_ref idref="fl-13e"/>
      </object_component>
      <object_component id="oc-18d">
         <name>.debug_info</name>
         <load_address>0x6a0f</load_address>
         <run_address>0x6a0f</run_address>
         <size>0x14c</size>
         <input_file_ref idref="fl-13e"/>
      </object_component>
      <object_component id="oc-66">
         <name>.debug_info</name>
         <load_address>0x6b5b</load_address>
         <run_address>0x6b5b</run_address>
         <size>0x223</size>
         <input_file_ref idref="fl-13e"/>
      </object_component>
      <object_component id="oc-105">
         <name>.debug_info</name>
         <load_address>0x6d7e</load_address>
         <run_address>0x6d7e</run_address>
         <size>0x15e</size>
         <input_file_ref idref="fl-13f"/>
      </object_component>
      <object_component id="oc-12f">
         <name>.debug_info</name>
         <load_address>0x6edc</load_address>
         <run_address>0x6edc</run_address>
         <size>0x13a</size>
         <input_file_ref idref="fl-140"/>
      </object_component>
      <object_component id="oc-e2">
         <name>.debug_info</name>
         <load_address>0x7016</load_address>
         <run_address>0x7016</run_address>
         <size>0x14c</size>
         <input_file_ref idref="fl-141"/>
      </object_component>
      <object_component id="oc-124">
         <name>.debug_info</name>
         <load_address>0x7162</load_address>
         <run_address>0x7162</run_address>
         <size>0x140</size>
         <input_file_ref idref="fl-142"/>
      </object_component>
      <object_component id="oc-e7">
         <name>.debug_info</name>
         <load_address>0x72a2</load_address>
         <run_address>0x72a2</run_address>
         <size>0x14b</size>
         <input_file_ref idref="fl-143"/>
      </object_component>
      <object_component id="oc-3a">
         <name>.debug_info</name>
         <load_address>0x73ed</load_address>
         <run_address>0x73ed</run_address>
         <size>0x12b</size>
         <input_file_ref idref="fl-144"/>
      </object_component>
      <object_component id="oc-4e">
         <name>.debug_info</name>
         <load_address>0x7518</load_address>
         <run_address>0x7518</run_address>
         <size>0x159</size>
         <input_file_ref idref="fl-145"/>
      </object_component>
      <object_component id="oc-1c4">
         <name>.debug_info</name>
         <load_address>0x7671</load_address>
         <run_address>0x7671</run_address>
         <size>0x154</size>
         <input_file_ref idref="fl-14a"/>
      </object_component>
      <object_component id="oc-dd">
         <name>.debug_info</name>
         <load_address>0x77c5</load_address>
         <run_address>0x77c5</run_address>
         <size>0x140</size>
         <input_file_ref idref="fl-14b"/>
      </object_component>
      <object_component id="oc-188">
         <name>.debug_info</name>
         <load_address>0x7905</load_address>
         <run_address>0x7905</run_address>
         <size>0x17c</size>
         <input_file_ref idref="fl-14f"/>
      </object_component>
      <object_component id="oc-60">
         <name>.debug_info</name>
         <load_address>0x7a81</load_address>
         <run_address>0x7a81</run_address>
         <size>0x17d</size>
         <input_file_ref idref="fl-14f"/>
      </object_component>
      <object_component id="oc-22e">
         <name>.debug_info</name>
         <load_address>0x7bfe</load_address>
         <run_address>0x7bfe</run_address>
         <size>0x5e</size>
         <input_file_ref idref="fl-14f"/>
      </object_component>
      <object_component id="oc-186">
         <name>.debug_info</name>
         <load_address>0x7c5c</load_address>
         <run_address>0x7c5c</run_address>
         <size>0x2d3</size>
         <input_file_ref idref="fl-150"/>
      </object_component>
      <object_component id="oc-5a">
         <name>.debug_info</name>
         <load_address>0x7f2f</load_address>
         <run_address>0x7f2f</run_address>
         <size>0x18d</size>
         <input_file_ref idref="fl-150"/>
      </object_component>
      <object_component id="oc-227">
         <name>.debug_info</name>
         <load_address>0x80bc</load_address>
         <run_address>0x80bc</run_address>
         <size>0x39</size>
         <input_file_ref idref="fl-150"/>
      </object_component>
      <object_component id="oc-1ef">
         <name>.debug_info</name>
         <load_address>0x80f5</load_address>
         <run_address>0x80f5</run_address>
         <size>0x13e</size>
         <input_file_ref idref="fl-154"/>
      </object_component>
      <object_component id="oc-44">
         <name>.debug_info</name>
         <load_address>0x8233</load_address>
         <run_address>0x8233</run_address>
         <size>0xc49</size>
         <input_file_ref idref="fl-15c"/>
      </object_component>
      <object_component id="oc-13d">
         <name>.debug_info</name>
         <load_address>0x8e7c</load_address>
         <run_address>0x8e7c</run_address>
         <size>0xda</size>
         <input_file_ref idref="fl-15c"/>
      </object_component>
      <object_component id="oc-20c">
         <name>.debug_info</name>
         <load_address>0x8f56</load_address>
         <run_address>0x8f56</run_address>
         <size>0xd4</size>
         <input_file_ref idref="fl-15c"/>
      </object_component>
      <object_component id="oc-137">
         <name>.debug_info</name>
         <load_address>0x902a</load_address>
         <run_address>0x902a</run_address>
         <size>0xd5</size>
         <input_file_ref idref="fl-15c"/>
      </object_component>
      <object_component id="oc-29e">
         <name>.debug_info</name>
         <load_address>0x90ff</load_address>
         <run_address>0x90ff</run_address>
         <size>0xd2</size>
         <input_file_ref idref="fl-15c"/>
      </object_component>
      <object_component id="oc-6c">
         <name>.debug_info</name>
         <load_address>0x91d1</load_address>
         <run_address>0x91d1</run_address>
         <size>0xda</size>
         <input_file_ref idref="fl-15c"/>
      </object_component>
      <object_component id="oc-1fa">
         <name>.debug_info</name>
         <load_address>0x92ab</load_address>
         <run_address>0x92ab</run_address>
         <size>0x1aa</size>
         <input_file_ref idref="fl-15c"/>
      </object_component>
      <object_component id="oc-200">
         <name>.debug_info</name>
         <load_address>0x9455</load_address>
         <run_address>0x9455</run_address>
         <size>0xce</size>
         <input_file_ref idref="fl-15c"/>
      </object_component>
      <object_component id="oc-298">
         <name>.debug_info</name>
         <load_address>0x9523</load_address>
         <run_address>0x9523</run_address>
         <size>0xd4</size>
         <input_file_ref idref="fl-15c"/>
      </object_component>
      <object_component id="oc-134">
         <name>.debug_info</name>
         <load_address>0x95f7</load_address>
         <run_address>0x95f7</run_address>
         <size>0xf3</size>
         <input_file_ref idref="fl-15c"/>
      </object_component>
      <object_component id="oc-11b">
         <name>.debug_info</name>
         <load_address>0x96ea</load_address>
         <run_address>0x96ea</run_address>
         <size>0x11f</size>
         <input_file_ref idref="fl-15c"/>
      </object_component>
      <object_component id="oc-13a">
         <name>.debug_info</name>
         <load_address>0x9809</load_address>
         <run_address>0x9809</run_address>
         <size>0xd7</size>
         <input_file_ref idref="fl-15c"/>
      </object_component>
      <object_component id="oc-1c8">
         <name>.debug_info</name>
         <load_address>0x98e0</load_address>
         <run_address>0x98e0</run_address>
         <size>0x111</size>
         <input_file_ref idref="fl-15c"/>
      </object_component>
      <object_component id="oc-1fd">
         <name>.debug_info</name>
         <load_address>0x99f1</load_address>
         <run_address>0x99f1</run_address>
         <size>0xdb</size>
         <input_file_ref idref="fl-15c"/>
      </object_component>
      <object_component id="oc-18a">
         <name>.debug_info</name>
         <load_address>0x9acc</load_address>
         <run_address>0x9acc</run_address>
         <size>0xeb</size>
         <input_file_ref idref="fl-15c"/>
      </object_component>
      <object_component id="oc-280">
         <name>.debug_info</name>
         <load_address>0x9bb7</load_address>
         <run_address>0x9bb7</run_address>
         <size>0xfd</size>
         <input_file_ref idref="fl-15c"/>
      </object_component>
      <object_component id="oc-96">
         <name>.debug_info</name>
         <load_address>0x9cb4</load_address>
         <run_address>0x9cb4</run_address>
         <size>0x47c</size>
         <input_file_ref idref="fl-15c"/>
      </object_component>
      <object_component id="oc-12a">
         <name>.debug_info</name>
         <load_address>0xa130</load_address>
         <run_address>0xa130</run_address>
         <size>0x421</size>
         <input_file_ref idref="fl-15c"/>
      </object_component>
      <object_component id="oc-235">
         <name>.debug_info</name>
         <load_address>0xa551</load_address>
         <run_address>0xa551</run_address>
         <size>0xf0</size>
         <input_file_ref idref="fl-15c"/>
      </object_component>
      <object_component id="oc-219">
         <name>.debug_info</name>
         <load_address>0xa641</load_address>
         <run_address>0xa641</run_address>
         <size>0xb1c</size>
         <input_file_ref idref="fl-15c"/>
      </object_component>
      <object_component id="oc-28d">
         <name>.debug_info</name>
         <load_address>0xb15d</load_address>
         <run_address>0xb15d</run_address>
         <size>0x13f</size>
         <input_file_ref idref="fl-15c"/>
      </object_component>
      <object_component id="oc-27b">
         <name>.debug_info</name>
         <load_address>0xb29c</load_address>
         <run_address>0xb29c</run_address>
         <size>0x155</size>
         <input_file_ref idref="fl-15c"/>
      </object_component>
      <object_component id="oc-1f5">
         <name>.debug_info</name>
         <load_address>0xb3f1</load_address>
         <run_address>0xb3f1</run_address>
         <size>0x16c</size>
         <input_file_ref idref="fl-15c"/>
      </object_component>
      <object_component id="oc-26d">
         <name>.debug_info</name>
         <load_address>0xb55d</load_address>
         <run_address>0xb55d</run_address>
         <size>0x138</size>
         <input_file_ref idref="fl-15c"/>
      </object_component>
      <object_component id="oc-273">
         <name>.debug_info</name>
         <load_address>0xb695</load_address>
         <run_address>0xb695</run_address>
         <size>0x182</size>
         <input_file_ref idref="fl-15c"/>
      </object_component>
      <object_component id="oc-1ea">
         <name>.debug_info</name>
         <load_address>0xb817</load_address>
         <run_address>0xb817</run_address>
         <size>0x28e</size>
         <input_file_ref idref="fl-15c"/>
      </object_component>
      <object_component id="oc-ff">
         <name>.debug_info</name>
         <load_address>0xbaa5</load_address>
         <run_address>0xbaa5</run_address>
         <size>0x467</size>
         <input_file_ref idref="fl-15c"/>
      </object_component>
      <object_component id="oc-32">
         <name>.debug_info</name>
         <load_address>0xbf0c</load_address>
         <run_address>0xbf0c</run_address>
         <size>0x86e</size>
         <input_file_ref idref="fl-15c"/>
      </object_component>
      <object_component id="oc-181">
         <name>.debug_info</name>
         <load_address>0xc77a</load_address>
         <run_address>0xc77a</run_address>
         <size>0x14e</size>
         <input_file_ref idref="fl-15c"/>
      </object_component>
      <object_component id="oc-55">
         <name>.debug_info</name>
         <load_address>0xc8c8</load_address>
         <run_address>0xc8c8</run_address>
         <size>0x112</size>
         <input_file_ref idref="fl-15c"/>
      </object_component>
      <object_component id="oc-25b">
         <name>.debug_info</name>
         <load_address>0xc9da</load_address>
         <run_address>0xc9da</run_address>
         <size>0x113</size>
         <input_file_ref idref="fl-15c"/>
      </object_component>
      <object_component id="oc-20">
         <name>.debug_info</name>
         <load_address>0xcaed</load_address>
         <run_address>0xcaed</run_address>
         <size>0x16e</size>
         <input_file_ref idref="fl-15c"/>
      </object_component>
      <object_component id="oc-48">
         <name>.debug_info</name>
         <load_address>0xcc5b</load_address>
         <run_address>0xcc5b</run_address>
         <size>0x209</size>
         <input_file_ref idref="fl-15c"/>
      </object_component>
      <object_component id="oc-1a">
         <name>.debug_info</name>
         <load_address>0xce64</load_address>
         <run_address>0xce64</run_address>
         <size>0x173</size>
         <input_file_ref idref="fl-15c"/>
      </object_component>
      <object_component id="oc-14">
         <name>.debug_info</name>
         <load_address>0xcfd7</load_address>
         <run_address>0xcfd7</run_address>
         <size>0x19d</size>
         <input_file_ref idref="fl-15c"/>
      </object_component>
      <object_component id="oc-159">
         <name>.debug_info</name>
         <load_address>0xd174</load_address>
         <run_address>0xd174</run_address>
         <size>0x72</size>
         <input_file_ref idref="fl-15c"/>
      </object_component>
      <object_component id="oc-172">
         <name>.debug_info</name>
         <load_address>0xd1e6</load_address>
         <run_address>0xd1e6</run_address>
         <size>0x162</size>
         <input_file_ref idref="fl-15c"/>
      </object_component>
      <object_component id="oc-15e">
         <name>.debug_info</name>
         <load_address>0xd348</load_address>
         <run_address>0xd348</run_address>
         <size>0xa0</size>
         <input_file_ref idref="fl-15c"/>
      </object_component>
      <object_component id="oc-140">
         <name>.debug_info</name>
         <load_address>0xd3e8</load_address>
         <run_address>0xd3e8</run_address>
         <size>0x8b</size>
         <input_file_ref idref="fl-15c"/>
      </object_component>
      <object_component id="oc-168">
         <name>.debug_info</name>
         <load_address>0xd473</load_address>
         <run_address>0xd473</run_address>
         <size>0x2c</size>
         <input_file_ref idref="fl-15c"/>
      </object_component>
      <object_component id="oc-16d">
         <name>.debug_info</name>
         <load_address>0xd49f</load_address>
         <run_address>0xd49f</run_address>
         <size>0x2c</size>
         <input_file_ref idref="fl-15c"/>
      </object_component>
      <object_component id="oc-145">
         <name>.debug_info</name>
         <load_address>0xd4cb</load_address>
         <run_address>0xd4cb</run_address>
         <size>0x18b</size>
         <input_file_ref idref="fl-15c"/>
      </object_component>
      <object_component id="oc-3f">
         <name>.debug_info</name>
         <load_address>0xd656</load_address>
         <run_address>0xd656</run_address>
         <size>0x46</size>
         <input_file_ref idref="fl-15c"/>
      </object_component>
      <object_component id="oc-163">
         <name>.debug_info</name>
         <load_address>0xd69c</load_address>
         <run_address>0xd69c</run_address>
         <size>0x6f</size>
         <input_file_ref idref="fl-15c"/>
      </object_component>
      <object_component id="oc-21f">
         <name>.debug_info</name>
         <load_address>0xd70b</load_address>
         <run_address>0xd70b</run_address>
         <size>0x2c</size>
         <input_file_ref idref="fl-15c"/>
      </object_component>
      <object_component id="oc-152">
         <name>.debug_info</name>
         <load_address>0xd737</load_address>
         <run_address>0xd737</run_address>
         <size>0x2c</size>
         <input_file_ref idref="fl-15c"/>
      </object_component>
      <object_component id="oc-177">
         <name>.debug_info</name>
         <load_address>0xd763</load_address>
         <run_address>0xd763</run_address>
         <size>0xcd</size>
         <input_file_ref idref="fl-15c"/>
      </object_component>
      <object_component id="oc-2cb">
         <name>.debug_info</name>
         <load_address>0xd830</load_address>
         <run_address>0xd830</run_address>
         <size>0xb2</size>
      </object_component>
      <object_component id="oc-14b">
         <name>.debug_line</name>
         <load_address>0x0</load_address>
         <run_address>0x0</run_address>
         <size>0x41</size>
         <input_file_ref idref="fl-7"/>
      </object_component>
      <object_component id="oc-37">
         <name>.debug_line</name>
         <load_address>0x41</load_address>
         <run_address>0x41</run_address>
         <size>0x41</size>
         <input_file_ref idref="fl-7"/>
      </object_component>
      <object_component id="oc-2e">
         <name>.debug_line</name>
         <load_address>0x82</load_address>
         <run_address>0x82</run_address>
         <size>0x9b</size>
         <input_file_ref idref="fl-7"/>
      </object_component>
      <object_component id="oc-14f">
         <name>.debug_line</name>
         <load_address>0x11d</load_address>
         <run_address>0x11d</run_address>
         <size>0x20</size>
         <input_file_ref idref="fl-7"/>
      </object_component>
      <object_component id="oc-249">
         <name>.debug_line</name>
         <load_address>0x13d</load_address>
         <run_address>0x13d</run_address>
         <size>0x82</size>
         <input_file_ref idref="fl-10"/>
      </object_component>
      <object_component id="oc-247">
         <name>.debug_line</name>
         <load_address>0x1bf</load_address>
         <run_address>0x1bf</run_address>
         <size>0x7d</size>
         <input_file_ref idref="fl-10"/>
      </object_component>
      <object_component id="oc-b0">
         <name>.debug_line</name>
         <load_address>0x23c</load_address>
         <run_address>0x23c</run_address>
         <size>0x92</size>
         <input_file_ref idref="fl-10"/>
      </object_component>
      <object_component id="oc-1a1">
         <name>.debug_line</name>
         <load_address>0x2ce</load_address>
         <run_address>0x2ce</run_address>
         <size>0x95</size>
         <input_file_ref idref="fl-10"/>
      </object_component>
      <object_component id="oc-1a7">
         <name>.debug_line</name>
         <load_address>0x363</load_address>
         <run_address>0x363</run_address>
         <size>0xd1</size>
         <input_file_ref idref="fl-10"/>
      </object_component>
      <object_component id="oc-86">
         <name>.debug_line</name>
         <load_address>0x434</load_address>
         <run_address>0x434</run_address>
         <size>0x93</size>
         <input_file_ref idref="fl-10"/>
      </object_component>
      <object_component id="oc-b6">
         <name>.debug_line</name>
         <load_address>0x4c7</load_address>
         <run_address>0x4c7</run_address>
         <size>0x93</size>
         <input_file_ref idref="fl-10"/>
      </object_component>
      <object_component id="oc-aa">
         <name>.debug_line</name>
         <load_address>0x55a</load_address>
         <run_address>0x55a</run_address>
         <size>0x99</size>
         <input_file_ref idref="fl-10"/>
      </object_component>
      <object_component id="oc-81">
         <name>.debug_line</name>
         <load_address>0x5f3</load_address>
         <run_address>0x5f3</run_address>
         <size>0xa7</size>
         <input_file_ref idref="fl-10"/>
      </object_component>
      <object_component id="oc-26a">
         <name>.debug_line</name>
         <load_address>0x69a</load_address>
         <run_address>0x69a</run_address>
         <size>0x7c</size>
         <input_file_ref idref="fl-11"/>
      </object_component>
      <object_component id="oc-268">
         <name>.debug_line</name>
         <load_address>0x716</load_address>
         <run_address>0x716</run_address>
         <size>0x82</size>
         <input_file_ref idref="fl-11"/>
      </object_component>
      <object_component id="oc-9e">
         <name>.debug_line</name>
         <load_address>0x798</load_address>
         <run_address>0x798</run_address>
         <size>0x97</size>
         <input_file_ref idref="fl-11"/>
      </object_component>
      <object_component id="oc-f5">
         <name>.debug_line</name>
         <load_address>0x82f</load_address>
         <run_address>0x82f</run_address>
         <size>0xc2</size>
         <input_file_ref idref="fl-11"/>
      </object_component>
      <object_component id="oc-264">
         <name>.debug_line</name>
         <load_address>0x8f1</load_address>
         <run_address>0x8f1</run_address>
         <size>0x82</size>
         <input_file_ref idref="fl-12"/>
      </object_component>
      <object_component id="oc-c8">
         <name>.debug_line</name>
         <load_address>0x973</load_address>
         <run_address>0x973</run_address>
         <size>0x9e</size>
         <input_file_ref idref="fl-12"/>
      </object_component>
      <object_component id="oc-ce">
         <name>.debug_line</name>
         <load_address>0xa11</load_address>
         <run_address>0xa11</run_address>
         <size>0x95</size>
         <input_file_ref idref="fl-12"/>
      </object_component>
      <object_component id="oc-c2">
         <name>.debug_line</name>
         <load_address>0xaa6</load_address>
         <run_address>0xaa6</run_address>
         <size>0x96</size>
         <input_file_ref idref="fl-12"/>
      </object_component>
      <object_component id="oc-d4">
         <name>.debug_line</name>
         <load_address>0xb3c</load_address>
         <run_address>0xb3c</run_address>
         <size>0x91</size>
         <input_file_ref idref="fl-12"/>
      </object_component>
      <object_component id="oc-bc">
         <name>.debug_line</name>
         <load_address>0xbcd</load_address>
         <run_address>0xbcd</run_address>
         <size>0x9b</size>
         <input_file_ref idref="fl-12"/>
      </object_component>
      <object_component id="oc-240">
         <name>.debug_line</name>
         <load_address>0xc68</load_address>
         <run_address>0xc68</run_address>
         <size>0x13d</size>
         <input_file_ref idref="fl-13"/>
      </object_component>
      <object_component id="oc-24f">
         <name>.debug_line</name>
         <load_address>0xda5</load_address>
         <run_address>0xda5</run_address>
         <size>0x7f</size>
         <input_file_ref idref="fl-13"/>
      </object_component>
      <object_component id="oc-1b4">
         <name>.debug_line</name>
         <load_address>0xe24</load_address>
         <run_address>0xe24</run_address>
         <size>0x94</size>
         <input_file_ref idref="fl-13"/>
      </object_component>
      <object_component id="oc-7a">
         <name>.debug_line</name>
         <load_address>0xeb8</load_address>
         <run_address>0xeb8</run_address>
         <size>0x94</size>
         <input_file_ref idref="fl-13"/>
      </object_component>
      <object_component id="oc-a4">
         <name>.debug_line</name>
         <load_address>0xf4c</load_address>
         <run_address>0xf4c</run_address>
         <size>0x94</size>
         <input_file_ref idref="fl-13"/>
      </object_component>
      <object_component id="oc-74">
         <name>.debug_line</name>
         <load_address>0xfe0</load_address>
         <run_address>0xfe0</run_address>
         <size>0xee</size>
         <input_file_ref idref="fl-13"/>
      </object_component>
      <object_component id="oc-92">
         <name>.debug_line</name>
         <load_address>0x10ce</load_address>
         <run_address>0x10ce</run_address>
         <size>0x11a</size>
         <input_file_ref idref="fl-13"/>
      </object_component>
      <object_component id="oc-244">
         <name>.debug_line</name>
         <load_address>0x11e8</load_address>
         <run_address>0x11e8</run_address>
         <size>0x7f</size>
         <input_file_ref idref="fl-13"/>
      </object_component>
      <object_component id="oc-266">
         <name>.debug_line</name>
         <load_address>0x1267</load_address>
         <run_address>0x1267</run_address>
         <size>0x82</size>
         <input_file_ref idref="fl-14"/>
      </object_component>
      <object_component id="oc-ef">
         <name>.debug_line</name>
         <load_address>0x12e9</load_address>
         <run_address>0x12e9</run_address>
         <size>0x9c</size>
         <input_file_ref idref="fl-14"/>
      </object_component>
      <object_component id="oc-fb">
         <name>.debug_line</name>
         <load_address>0x1385</load_address>
         <run_address>0x1385</run_address>
         <size>0x93</size>
         <input_file_ref idref="fl-14"/>
      </object_component>
      <object_component id="oc-121">
         <name>.debug_line</name>
         <load_address>0x1418</load_address>
         <run_address>0x1418</run_address>
         <size>0x93</size>
         <input_file_ref idref="fl-14"/>
      </object_component>
      <object_component id="oc-10c">
         <name>.debug_line</name>
         <load_address>0x14ab</load_address>
         <run_address>0x14ab</run_address>
         <size>0x93</size>
         <input_file_ref idref="fl-14"/>
      </object_component>
      <object_component id="oc-da">
         <name>.debug_line</name>
         <load_address>0x153e</load_address>
         <run_address>0x153e</run_address>
         <size>0xb7</size>
         <input_file_ref idref="fl-14"/>
      </object_component>
      <object_component id="oc-24d">
         <name>.debug_line</name>
         <load_address>0x15f5</load_address>
         <run_address>0x15f5</run_address>
         <size>0x82</size>
         <input_file_ref idref="fl-15"/>
      </object_component>
      <object_component id="oc-1c0">
         <name>.debug_line</name>
         <load_address>0x1677</load_address>
         <run_address>0x1677</run_address>
         <size>0x93</size>
         <input_file_ref idref="fl-15"/>
      </object_component>
      <object_component id="oc-255">
         <name>.debug_line</name>
         <load_address>0x170a</load_address>
         <run_address>0x170a</run_address>
         <size>0x96</size>
         <input_file_ref idref="fl-15"/>
      </object_component>
      <object_component id="oc-1ba">
         <name>.debug_line</name>
         <load_address>0x17a0</load_address>
         <run_address>0x17a0</run_address>
         <size>0xb3</size>
         <input_file_ref idref="fl-15"/>
      </object_component>
      <object_component id="oc-8c">
         <name>.debug_line</name>
         <load_address>0x1853</load_address>
         <run_address>0x1853</run_address>
         <size>0x92</size>
         <input_file_ref idref="fl-15"/>
      </object_component>
      <object_component id="oc-112">
         <name>.debug_line</name>
         <load_address>0x18e5</load_address>
         <run_address>0x18e5</run_address>
         <size>0x93</size>
         <input_file_ref idref="fl-15"/>
      </object_component>
      <object_component id="oc-118">
         <name>.debug_line</name>
         <load_address>0x1978</load_address>
         <run_address>0x1978</run_address>
         <size>0x93</size>
         <input_file_ref idref="fl-15"/>
      </object_component>
      <object_component id="oc-1cf">
         <name>.debug_line</name>
         <load_address>0x1a0b</load_address>
         <run_address>0x1a0b</run_address>
         <size>0x91</size>
         <input_file_ref idref="fl-16"/>
      </object_component>
      <object_component id="oc-28">
         <name>.debug_line</name>
         <load_address>0x1a9c</load_address>
         <run_address>0x1a9c</run_address>
         <size>0x52</size>
         <input_file_ref idref="fl-139"/>
      </object_component>
      <object_component id="oc-23e">
         <name>.debug_line</name>
         <load_address>0x1aee</load_address>
         <run_address>0x1aee</run_address>
         <size>0xa4</size>
         <input_file_ref idref="fl-13e"/>
      </object_component>
      <object_component id="oc-23c">
         <name>.debug_line</name>
         <load_address>0x1b92</load_address>
         <run_address>0x1b92</run_address>
         <size>0x2a</size>
         <input_file_ref idref="fl-13e"/>
      </object_component>
      <object_component id="oc-69">
         <name>.debug_line</name>
         <load_address>0x1bbc</load_address>
         <run_address>0x1bbc</run_address>
         <size>0x7a</size>
         <input_file_ref idref="fl-13e"/>
      </object_component>
      <object_component id="oc-104">
         <name>.debug_line</name>
         <load_address>0x1c36</load_address>
         <run_address>0x1c36</run_address>
         <size>0xd2</size>
         <input_file_ref idref="fl-13f"/>
      </object_component>
      <object_component id="oc-132">
         <name>.debug_line</name>
         <load_address>0x1d08</load_address>
         <run_address>0x1d08</run_address>
         <size>0x77</size>
         <input_file_ref idref="fl-140"/>
      </object_component>
      <object_component id="oc-e5">
         <name>.debug_line</name>
         <load_address>0x1d7f</load_address>
         <run_address>0x1d7f</run_address>
         <size>0x8e</size>
         <input_file_ref idref="fl-141"/>
      </object_component>
      <object_component id="oc-127">
         <name>.debug_line</name>
         <load_address>0x1e0d</load_address>
         <run_address>0x1e0d</run_address>
         <size>0x5a</size>
         <input_file_ref idref="fl-142"/>
      </object_component>
      <object_component id="oc-ea">
         <name>.debug_line</name>
         <load_address>0x1e67</load_address>
         <run_address>0x1e67</run_address>
         <size>0x59</size>
         <input_file_ref idref="fl-143"/>
      </object_component>
      <object_component id="oc-3d">
         <name>.debug_line</name>
         <load_address>0x1ec0</load_address>
         <run_address>0x1ec0</run_address>
         <size>0x88</size>
         <input_file_ref idref="fl-144"/>
      </object_component>
      <object_component id="oc-51">
         <name>.debug_line</name>
         <load_address>0x1f48</load_address>
         <run_address>0x1f48</run_address>
         <size>0x79</size>
         <input_file_ref idref="fl-145"/>
      </object_component>
      <object_component id="oc-1c3">
         <name>.debug_line</name>
         <load_address>0x1fc1</load_address>
         <run_address>0x1fc1</run_address>
         <size>0x5b</size>
         <input_file_ref idref="fl-14a"/>
      </object_component>
      <object_component id="oc-e0">
         <name>.debug_line</name>
         <load_address>0x201c</load_address>
         <run_address>0x201c</run_address>
         <size>0x4c</size>
         <input_file_ref idref="fl-14b"/>
      </object_component>
      <object_component id="oc-22d">
         <name>.debug_line</name>
         <load_address>0x2068</load_address>
         <run_address>0x2068</run_address>
         <size>0x2b</size>
         <input_file_ref idref="fl-14f"/>
      </object_component>
      <object_component id="oc-63">
         <name>.debug_line</name>
         <load_address>0x2093</load_address>
         <run_address>0x2093</run_address>
         <size>0x50</size>
         <input_file_ref idref="fl-14f"/>
      </object_component>
      <object_component id="oc-231">
         <name>.debug_line</name>
         <load_address>0x20e3</load_address>
         <run_address>0x20e3</run_address>
         <size>0x2b</size>
         <input_file_ref idref="fl-14f"/>
      </object_component>
      <object_component id="oc-226">
         <name>.debug_line</name>
         <load_address>0x210e</load_address>
         <run_address>0x210e</run_address>
         <size>0xb4</size>
         <input_file_ref idref="fl-150"/>
      </object_component>
      <object_component id="oc-5d">
         <name>.debug_line</name>
         <load_address>0x21c2</load_address>
         <run_address>0x21c2</run_address>
         <size>0x79</size>
         <input_file_ref idref="fl-150"/>
      </object_component>
      <object_component id="oc-22a">
         <name>.debug_line</name>
         <load_address>0x223b</load_address>
         <run_address>0x223b</run_address>
         <size>0x2e</size>
         <input_file_ref idref="fl-150"/>
      </object_component>
      <object_component id="oc-1f2">
         <name>.debug_line</name>
         <load_address>0x2269</load_address>
         <run_address>0x2269</run_address>
         <size>0x50</size>
         <input_file_ref idref="fl-154"/>
      </object_component>
      <object_component id="oc-158">
         <name>.debug_line</name>
         <load_address>0x22b9</load_address>
         <run_address>0x22b9</run_address>
         <size>0x1fe</size>
         <input_file_ref idref="fl-15c"/>
      </object_component>
      <object_component id="oc-21e">
         <name>.debug_line</name>
         <load_address>0x24b7</load_address>
         <run_address>0x24b7</run_address>
         <size>0x30</size>
         <input_file_ref idref="fl-15c"/>
      </object_component>
      <object_component id="oc-28a">
         <name>.debug_line</name>
         <load_address>0x24e7</load_address>
         <run_address>0x24e7</run_address>
         <size>0x30</size>
         <input_file_ref idref="fl-15c"/>
      </object_component>
      <object_component id="oc-213">
         <name>.debug_line</name>
         <load_address>0x2517</load_address>
         <run_address>0x2517</run_address>
         <size>0x35</size>
         <input_file_ref idref="fl-15c"/>
      </object_component>
      <object_component id="oc-2a4">
         <name>.debug_line</name>
         <load_address>0x254c</load_address>
         <run_address>0x254c</run_address>
         <size>0x58</size>
         <input_file_ref idref="fl-15c"/>
      </object_component>
      <object_component id="oc-193">
         <name>.debug_line</name>
         <load_address>0x25a4</load_address>
         <run_address>0x25a4</run_address>
         <size>0x33</size>
         <input_file_ref idref="fl-15c"/>
      </object_component>
      <object_component id="oc-284">
         <name>.debug_line</name>
         <load_address>0x25d7</load_address>
         <run_address>0x25d7</run_address>
         <size>0x2d</size>
         <input_file_ref idref="fl-15c"/>
      </object_component>
      <object_component id="oc-288">
         <name>.debug_line</name>
         <load_address>0x2604</load_address>
         <run_address>0x2604</run_address>
         <size>0x58</size>
         <input_file_ref idref="fl-15c"/>
      </object_component>
      <object_component id="oc-2a2">
         <name>.debug_line</name>
         <load_address>0x265c</load_address>
         <run_address>0x265c</run_address>
         <size>0x2c</size>
         <input_file_ref idref="fl-15c"/>
      </object_component>
      <object_component id="oc-211">
         <name>.debug_line</name>
         <load_address>0x2688</load_address>
         <run_address>0x2688</run_address>
         <size>0x2d</size>
         <input_file_ref idref="fl-15c"/>
      </object_component>
      <object_component id="oc-208">
         <name>.debug_line</name>
         <load_address>0x26b5</load_address>
         <run_address>0x26b5</run_address>
         <size>0x33</size>
         <input_file_ref idref="fl-15c"/>
      </object_component>
      <object_component id="oc-215">
         <name>.debug_line</name>
         <load_address>0x26e8</load_address>
         <run_address>0x26e8</run_address>
         <size>0x37</size>
         <input_file_ref idref="fl-15c"/>
      </object_component>
      <object_component id="oc-261">
         <name>.debug_line</name>
         <load_address>0x271f</load_address>
         <run_address>0x271f</run_address>
         <size>0x37</size>
         <input_file_ref idref="fl-15c"/>
      </object_component>
      <object_component id="oc-286">
         <name>.debug_line</name>
         <load_address>0x2756</load_address>
         <run_address>0x2756</run_address>
         <size>0x2c</size>
         <input_file_ref idref="fl-15c"/>
[...]
      </symbol>
      <symbol id="sm-2a2">
         <name>clockInterrupt</name>
         <value>0x5a9</value>
         <object_component_ref idref="oc-30"/>
      </symbol>
      <symbol id="sm-2a3">
         <name>_Zero</name>
         <value>0x20000a48</value>
         <object_component_ref idref="oc-1f9"/>
      </symbol>
      <symbol id="sm-2a4">
         <name>_ctypes_</name>
         <value>0x2374</value>
         <object_component_ref idref="oc-29d"/>
      </symbol>
      <symbol id="sm-2a5">
         <name>_Hugeval</name>
         <value>0x20000a20</value>
         <object_component_ref idref="oc-1f9"/>
      </symbol>
      <symbol id="sm-2a6">
         <name>CMD_laserAoff</name>
         <value>0x893</value>
         <object_component_ref idref="oc-217"/>
      </symbol>
      <symbol id="sm-2a7">
         <name>enableCoilA</name>
         <value>0x1495</value>
         <object_component_ref idref="oc-128"/>
      </symbol>
      <symbol id="sm-2a8">
         <name>disableLaserA</name>
         <value>0x1441</value>
         <object_component_ref idref="oc-128"/>
      </symbol>
      <symbol id="sm-2a9">
         <name>disableLaserB</name>
         <value>0x1457</value>
         <object_component_ref idref="oc-128"/>
      </symbol>
      <symbol id="sm-2aa">
         <name>copy_in</name>
         <value>0x1cc1</value>
         <object_component_ref idref="oc-17f"/>
      </symbol>
      <symbol id="sm-2ab">
         <name>UARTStdioConfig</name>
         <value>0xc61</value>
         <object_component_ref idref="oc-94"/>
      </symbol>
      <symbol id="sm-2ac">
         <name>PWMoff</name>
         <value>0x1481</value>
         <object_component_ref idref="oc-128"/>
      </symbol>
      <symbol id="sm-2ad">
         <name>CMD_coilBon</name>
         <value>0x843</value>
         <object_component_ref idref="oc-217"/>
      </symbol>
      <symbol id="sm-2ae">
         <name>atoi</name>
         <value>0x1c75</value>
         <object_component_ref idref="oc-28b"/>
      </symbol>
      <symbol id="sm-2af">
         <name>_nop</name>
         <value>0x107f</value>
         <object_component_ref idref="oc-233"/>
      </symbol>
      <symbol id="sm-2b0">
         <name>CMD_PWMfrequency</name>
         <value>0x7c3</value>
         <object_component_ref idref="oc-217"/>
      </symbol>
      <symbol id="sm-2b1">
         <name>CMD_help</name>
         <value>0x765</value>
         <object_component_ref idref="oc-217"/>
      </symbol>
      <symbol id="sm-2b2">
         <name>fmod</name>
         <value>0x1081</value>
         <object_component_ref idref="oc-1e8"/>
      </symbol>
      <symbol id="sm-2b3">
         <name>_Snan</name>
         <value>0x20000a30</value>
         <object_component_ref idref="oc-1f9"/>
      </symbol>
      <symbol id="sm-2b4">
         <name>CMD_coilBoff</name>
         <value>0x817</value>
         <object_component_ref idref="oc-217"/>
      </symbol>
      <symbol id="sm-2b5">
         <name>feraiseexcept</name>
         <value>0x1e6d</value>
         <object_component_ref idref="oc-1f3"/>
      </symbol>
      <symbol id="sm-2b6">
         <name>CMD_laserBoff</name>
         <value>0x875</value>
         <object_component_ref idref="oc-217"/>
      </symbol>
      <symbol id="sm-2b7">
         <name>__aeabi_idiv0</name>
         <value>0x132f</value>
         <object_component_ref idref="oc-259"/>
      </symbol>
      <symbol id="sm-2b8">
         <name>_Errno</name>
         <value>0x20000aa4</value>
         <object_component_ref idref="oc-1ff"/>
      </symbol>
      <symbol id="sm-2b9">
         <name>CMD_laserAon</name>
         <value>0x8cf</value>
         <object_component_ref idref="oc-217"/>
      </symbol>
      <symbol id="sm-2ba">
         <name>__TI_zero_init</name>
         <value>0x2169</value>
         <object_component_ref idref="oc-1e"/>
      </symbol>
      <symbol id="sm-2bb">
         <name>_Nan</name>
         <value>0x20000a50</value>
         <object_component_ref idref="oc-1f9"/>
      </symbol>
      <symbol id="sm-2bc">
         <name>CMD_coilAon</name>
         <value>0x865</value>
         <object_component_ref idref="oc-217"/>
      </symbol>
      <symbol id="sm-2bd">
         <name>CMD_shutdown</name>
         <value>0x739</value>
         <object_component_ref idref="oc-217"/>
      </symbol>
      <symbol id="sm-2be">
         <name>_Inf</name>
         <value>0x20000a70</value>
         <object_component_ref idref="oc-1f9"/>
      </symbol>
      <symbol id="sm-2bf">
         <name>CMD_relayOn</name>
         <value>0x7a7</value>
         <object_component_ref idref="oc-217"/>
      </symbol>
      <symbol id="sm-2c0">
         <name>main</name>
         <value>0x26d</value>
         <object_component_ref idref="oc-30"/>
      </symbol>
      <symbol id="sm-2c1">
         <name>_Xbig</name>
         <value>0x20000a40</value>
         <object_component_ref idref="oc-1f9"/>
      </symbol>
      <symbol id="sm-2c2">
         <name>_lock</name>
         <value>0x20000a80</value>
         <object_component_ref idref="oc-189"/>
      </symbol>
      <symbol id="sm-2c3">
         <name>_Eps</name>
         <value>0x20000a10</value>
         <object_component_ref idref="oc-1f9"/>
      </symbol>
      <symbol id="sm-2c4">
         <name>CMD_PWMoff</name>
         <value>0x7e5</value>
         <object_component_ref idref="oc-217"/>
      </symbol>
      <symbol id="sm-2c5">
         <name>_Dnorm</name>
         <value>0x1829</value>
         <object_component_ref idref="oc-26b"/>
      </symbol>
      <symbol id="sm-2c6">
         <name>disableCoilB</name>
         <value>0x1477</value>
         <object_component_ref idref="oc-128"/>
      </symbol>
      <symbol id="sm-2c7">
         <name>disableCoilA</name>
         <value>0x146d</value>
         <object_component_ref idref="oc-128"/>
      </symbol>
      <symbol id="sm-2c8">
         <name>CMD_relayNormal</name>
         <value>0x78b</value>
         <object_component_ref idref="oc-217"/>
      </symbol>
      <symbol id="sm-2c9">
         <name>_unlock</name>
         <value>0x20000a84</value>
         <object_component_ref idref="oc-189"/>
      </symbol>
      <symbol id="sm-2ca">
         <name>signalPWM</name>
         <value>0x14af</value>
         <object_component_ref idref="oc-128"/>
      </symbol>
      <symbol id="sm-2cb">
         <name>CMD_signalPWM</name>
         <value>0x7f5</value>
         <object_component_ref idref="oc-217"/>
      </symbol>
      <symbol id="sm-2cc">
         <name>CMD_laserBon</name>
         <value>0x8b1</value>
         <object_component_ref idref="oc-217"/>
      </symbol>
      <symbol id="sm-2cd">
         <name>_Denorm</name>
         <value>0x20000a00</value>
         <object_component_ref idref="oc-1f9"/>
      </symbol>
      <symbol id="sm-2ce">
         <name>PWMfactor</name>
         <value>0x20000aa0</value>
         <object_component_ref idref="oc-20b"/>
      </symbol>
      <symbol id="sm-2cf">
         <name>_Tls_setup__Fenv</name>
         <value>0x20000a94</value>
         <object_component_ref idref="oc-27f"/>
      </symbol>
      <symbol id="sm-2d0">
         <name>main_func_sp</name>
         <value>0x20000aa8</value>
         <object_component_ref idref="oc-6b"/>
      </symbol>
      <symbol id="sm-2d1">
         <name>_Fenv</name>
         <value>0x20000a90</value>
         <object_component_ref idref="oc-27f"/>
      </symbol>
      <symbol id="sm-2d2">
         <name>UARTwrite</name>
         <value>0xc95</value>
         <object_component_ref idref="oc-94"/>
      </symbol>
      <symbol id="sm-2d3">
         <name>CMD_coilAoff</name>
         <value>0x82d</value>
         <object_component_ref idref="oc-217"/>
      </symbol>
      <symbol id="sm-2d4">
         <name>g_psCmdTable</name>
         <value>0x20000808</value>
         <object_component_ref idref="oc-13c"/>
      </symbol>
      <symbol id="sm-2d5">
         <name>_Sin</name>
         <value>0x9d1</value>
         <object_component_ref idref="oc-fd"/>
      </symbol>
      <symbol id="sm-2d6">
         <name>UARTprintf</name>
         <value>0xcbf</value>
         <object_component_ref idref="oc-94"/>
      </symbol>
      <symbol id="sm-2d7">
         <name>__TI_decompress_none</name>
         <value>0x2143</value>
         <object_component_ref idref="oc-12"/>
      </symbol>
      <symbol id="sm-2d8">
         <name>_system_pre_init</name>
         <value>0x21b9</value>
         <object_component_ref idref="oc-53"/>
      </symbol>
      <symbol id="sm-2d9">
         <name>signal</name>
         <value>0x1ef1</value>
         <object_component_ref idref="oc-279"/>
      </symbol>
      <symbol id="sm-2fa">
         <name>ResetISR</name>
         <value>0x2175</value>
         <object_component_ref idref="oc-2a"/>
      </symbol>
      <symbol id="sm-2fb">
         <name>g_pfnVectors</name>
         <value>0x0</value>
         <object_component_ref idref="oc-f"/>
      </symbol>
      <symbol id="sm-345">
         <name>GPIOPinTypePWM</name>
         <value>0x20cd</value>
         <object_component_ref idref="oc-b2"/>
      </symbol>
      <symbol id="sm-346">
         <name>GPIOPinConfigure</name>
         <value>0x1d0d</value>
         <object_component_ref idref="oc-7c"/>
      </symbol>
      <symbol id="sm-347">
         <name>GPIOPinTypeUART</name>
         <value>0x20df</value>
         <object_component_ref idref="oc-82"/>
      </symbol>
      <symbol id="sm-348">
         <name>GPIOPinTypeGPIOOutput</name>
         <value>0x2073</value>
         <object_component_ref idref="oc-a6"/>
      </symbol>
      <symbol id="sm-349">
         <name>GPIODirModeSet</name>
         <value>0x1fc7</value>
         <object_component_ref idref="oc-19d"/>
      </symbol>
      <symbol id="sm-34a">
         <name>GPIOPinWrite</name>
         <value>0x219d</value>
         <object_component_ref idref="oc-ac"/>
      </symbol>
      <symbol id="sm-34b">
         <name>GPIOPadConfigSet</name>
         <value>0x11fd</value>
         <object_component_ref idref="oc-1a3"/>
      </symbol>
      <symbol id="sm-37b">
         <name>IntEnable</name>
         <value>0x1b5d</value>
         <object_component_ref idref="oc-f1"/>
      </symbol>
      <symbol id="sm-37c">
         <name>IntMasterEnable</name>
         <value>0x2115</value>
         <object_component_ref idref="oc-9a"/>
      </symbol>
      <symbol id="sm-3a9">
         <name>PWMGenPeriodSet</name>
         <value>0x2125</value>
         <object_component_ref idref="oc-be"/>
      </symbol>
      <symbol id="sm-3aa">
         <name>PWMPulseWidthSet</name>
         <value>0x2055</value>
         <object_component_ref idref="oc-c4"/>
      </symbol>
      <symbol id="sm-3ab">
         <name>PWMOutputState</name>
         <value>0x20f1</value>
         <object_component_ref idref="oc-ca"/>
      </symbol>
      <symbol id="sm-3ac">
         <name>PWMGenEnable</name>
         <value>0x215d</value>
         <object_component_ref idref="oc-d0"/>
      </symbol>
      <symbol id="sm-3ad">
         <name>PWMGenConfigure</name>
         <value>0x1ff1</value>
         <object_component_ref idref="oc-b8"/>
      </symbol>
      <symbol id="sm-414">
         <name>SysCtlPeripheralPresent</name>
         <value>0x1f2d</value>
         <object_component_ref idref="oc-1b0"/>
      </symbol>
      <symbol id="sm-415">
         <name>SysCtlClockSet</name>
         <value>0x164d</value>
         <object_component_ref idref="oc-70"/>
      </symbol>
      <symbol id="sm-416">
         <name>SysCtlDelay</name>
         <value>0x21a3</value>
         <object_component_ref idref="oc-194"/>
      </symbol>
      <symbol id="sm-417">
         <name>SysCtlPeripheralEnable</name>
         <value>0x1f65</value>
         <object_component_ref idref="oc-76"/>
      </symbol>
      <symbol id="sm-418">
         <name>SysCtlClockGet</name>
         <value>0x1331</value>
         <object_component_ref idref="oc-8e"/>
      </symbol>
      <symbol id="sm-419">
         <name>SysCtlPWMClockSet</name>
         <value>0x20a5</value>
         <object_component_ref idref="oc-a0"/>
      </symbol>
      <symbol id="sm-44d">
         <name>TimerLoadSet</name>
         <value>0x2103</value>
         <object_component_ref idref="oc-eb"/>
      </symbol>
      <symbol id="sm-44e">
         <name>TimerEnable</name>
         <value>0x2135</value>
         <object_component_ref idref="oc-108"/>
      </symbol>
      <symbol id="sm-44f">
         <name>TimerIntEnable</name>
         <value>0x2195</value>
         <object_component_ref idref="oc-f7"/>
      </symbol>
      <symbol id="sm-450">
         <name>TimerConfigure</name>
         <value>0x1bc5</value>
         <object_component_ref idref="oc-d6"/>
      </symbol>
      <symbol id="sm-451">
         <name>TimerIntClear</name>
         <value>0x21b5</value>
         <object_component_ref idref="oc-11d"/>
      </symbol>
      <symbol id="sm-48c">
         <name>UARTConfigSetExpClk</name>
         <value>0x1d9d</value>
         <object_component_ref idref="oc-1b6"/>
      </symbol>
      <symbol id="sm-48d">
         <name>UARTDisable</name>
         <value>0x2015</value>
         <object_component_ref idref="oc-251"/>
      </symbol>
      <symbol id="sm-48e">
         <name>UARTClockSourceSet</name>
         <value>0x21a9</value>
         <object_component_ref idref="oc-88"/>
      </symbol>
      <symbol id="sm-48f">
         <name>UARTCharPut</name>
         <value>0x218b</value>
         <object_component_ref idref="oc-10e"/>
      </symbol>
      <symbol id="sm-490">
         <name>UARTEnable</name>
         <value>0x20b9</value>
         <object_component_ref idref="oc-1bc"/>
      </symbol>
      <symbol id="sm-491">
         <name>UARTCharGet</name>
         <value>0x2181</value>
         <object_component_ref idref="oc-114"/>
      </symbol>
      <symbol id="sm-49b">
         <name>CPUcpsie</name>
         <value>0x2151</value>
         <object_component_ref idref="oc-1cb"/>
      </symbol>
      <symbol id="sm-4ad">
         <name>_c_int00</name>
         <value>0x1c25</value>
         <object_component_ref idref="oc-24"/>
      </symbol>
      <symbol id="sm-4ae">
         <name>__stack</name>
         <value>0x20000aac</value>
         <object_component_ref idref="oc-29"/>
      </symbol>
      <symbol id="sm-4cd">
         <name>C$$EXIT</name>
         <value>0x1de5</value>
         <object_component_ref idref="oc-65"/>
      </symbol>
      <symbol id="sm-4ce">
         <name>abort</name>
         <value>0x1de9</value>
         <object_component_ref idref="oc-65"/>
      </symbol>
      <symbol id="sm-4cf">
         <name>exit</name>
         <value>0x1df1</value>
         <object_component_ref idref="oc-65"/>
      </symbol>
      <symbol id="sm-4d0">
         <name>__TI_dtors_ptr</name>
         <value>0x20000a8c</value>
         <object_component_ref idref="oc-18c"/>
      </symbol>
      <symbol id="sm-4d1">
         <name>__TI_cleanup_ptr</name>
         <value>0x20000a88</value>
         <object_component_ref idref="oc-18c"/>
      </symbol>
      <symbol id="sm-4f5">
         <name>__aeabi_dsub</name>
         <value>0xec9</value>
         <object_component_ref idref="oc-103"/>
      </symbol>
      <symbol id="sm-4f6">
         <name>__aeabi_dadd</name>
         <value>0xed3</value>
         <object_component_ref idref="oc-103"/>
      </symbol>
      <symbol id="sm-50d">
         <name>__aeabi_cdcmpeq</name>
         <value>0x1983</value>
         <object_component_ref idref="oc-12e"/>
      </symbol>
      <symbol id="sm-50e">
         <name>__aeabi_cdcmple</name>
         <value>0x1983</value>
         <object_component_ref idref="oc-12e"/>
      </symbol>
      <symbol id="sm-525">
         <name>__aeabi_dmul</name>
         <value>0x1551</value>
         <object_component_ref idref="oc-e1"/>
      </symbol>
      <symbol id="sm-533">
         <name>__aeabi_d2iz</name>
         <value>0x1d55</value>
         <object_component_ref idref="oc-123"/>
      </symbol>
      <symbol id="sm-540">
         <name>__aeabi_d2uiz</name>
         <value>0x1e29</value>
         <object_component_ref idref="oc-e6"/>
      </symbol>
      <symbol id="sm-55b">
         <name>memcpy</name>
         <value>0x18e7</value>
         <object_component_ref idref="oc-39"/>
      </symbol>
      <symbol id="sm-55c">
         <name>__aeabi_memcpy</name>
         <value>0x18e7</value>
         <object_component_ref idref="oc-39"/>
      </symbol>
      <symbol id="sm-55d">
         <name>__aeabi_memcpy8</name>
         <value>0x18e7</value>
         <object_component_ref idref="oc-39"/>
      </symbol>
      <symbol id="sm-55e">
         <name>__aeabi_memcpy4</name>
         <value>0x18e7</value>
         <object_component_ref idref="oc-39"/>
      </symbol>
      <symbol id="sm-56d">
         <name>__aeabi_memset</name>
         <value>0x1a0b</value>
         <object_component_ref idref="oc-4d"/>
      </symbol>
      <symbol id="sm-56e">
         <name>memset</name>
         <value>0x1a11</value>
         <object_component_ref idref="oc-4d"/>
      </symbol>
      <symbol id="sm-56f">
         <name>__aeabi_memset8</name>
         <value>0x1a0b</value>
         <object_component_ref idref="oc-4d"/>
      </symbol>
      <symbol id="sm-570">
         <name>__aeabi_memset4</name>
         <value>0x1a0b</value>
         <object_component_ref idref="oc-4d"/>
      </symbol>
      <symbol id="sm-571">
         <name>__aeabi_memclr8</name>
         <value>0x1a09</value>
         <object_component_ref idref="oc-4d"/>
      </symbol>
      <symbol id="sm-572">
         <name>__aeabi_memclr4</name>
         <value>0x1a09</value>
         <object_component_ref idref="oc-4d"/>
      </symbol>
      <symbol id="sm-573">
         <name>__aeabi_memclr</name>
         <value>0x1a09</value>
         <object_component_ref idref="oc-4d"/>
      </symbol>
      <symbol id="sm-585">
         <name>__aeabi_uidivmod</name>
         <value>0x1eb1</value>
         <object_component_ref idref="oc-1c2"/>
      </symbol>
      <symbol id="sm-586">
         <name>__aeabi_uidiv</name>
         <value>0x1eb1</value>
         <object_component_ref idref="oc-1c2"/>
      </symbol>
      <symbol id="sm-592">
         <name>__aeabi_ui2d</name>
         <value>0x2035</value>
         <object_component_ref idref="oc-dc"/>
      </symbol>
      <symbol id="sm-5a7">
         <name>_args_main</name>
         <value>0x208d</value>
         <object_component_ref idref="oc-5f"/>
      </symbol>
      <symbol id="sm-5c8">
         <name>__TI_auto_init</name>
         <value>0x1a85</value>
         <object_component_ref idref="oc-59"/>
      </symbol>
      <symbol id="sm-5d4">
         <name>__aeabi_i2d</name>
         <value>0x1f99</value>
         <object_component_ref idref="oc-1ee"/>
      </symbol>
      <symbol id="sm-5d5">
         <name>__TI_static_base__</name>
         <value>0x0</value>
      </symbol>
      <symbol id="sm-5d8">
         <name>SHT$$INIT_ARRAY$$Limit</name>
         <value>0x0</value>
      </symbol>
      <symbol id="sm-5d9">
         <name>SHT$$INIT_ARRAY$$Base</name>
         <value>0x0</value>
      </symbol>
   </symbol_table>
   <title>Link successful</title>
</link_info>
