******************************************************************************
                  TI ARM Linker PC v5.2.7                      
******************************************************************************
>> Linked Mon May 16 19:22:04 2016

OUTPUT FILE NAME:   <BCWattBalance-Rev1.out>
ENTRY POINT SYMBOL: "_c_int00"  address: 00001d25


MEMORY CONFIGURATION

         name            origin    length      used     unused   attr    fill
----------------------  --------  ---------  --------  --------  ----  --------
  FLASH                 00000000   00020000  0000294a  0001d6b6  R  X
  SRAM                  20000000   00008000  00000cd0  00007330  RW X


SEGMENT ALLOCATION MAP

run origin  load origin   length   init length attrs members
----------  ----------- ---------- ----------- ----- -------
00000000    00000000    00002950   00002950    r-x
  00000000    00000000    0000026c   0000026c    r-- .intvecs
  0000026c    0000026c    000020e4   000020e4    r-x .text
  00002350    00002350    000004d2   000004d2    r-- .const
  00002828    00002828    00000128   00000128    r-- .cinit
20000000    20000000    00000cd0   00000000    rw-
  20000000    20000000    000008a8   00000000    rw- .bss
  200008a8    200008a8    00000228   00000000    rw- .data
  20000ad0    20000ad0    00000200   00000000    rw- .stack


SECTION ALLOCATION MAP

 output                                  attributes/
section   page    origin      length       input sections
--------  ----  ----------  ----------   ----------------
.intvecs   0    00000000    0000026c     
                  00000000    0000026c     tm4c123ge6pm_startup_ccs.obj (.intvecs)

.text      0    0000026c    000020e4     
                  0000026c    00000330     uartstdio.obj (.text)
                  0000059c    00000294     rtsv7M4_T_le_v4SPD16_eabi.lib : xsin.obj (.text)
                  00000830    00000214     board_init.obj (.text)
                  00000a44    000001b6     rtsv7M4_T_le_v4SPD16_eabi.lib : fd_add_t2.obj (.text)
                  00000bfa    00000002                                   : i_div0.obj (.text)
                  00000bfc    000001b4     console.obj (.text)
                  00000db0    000001ac     control.obj (.text)
                  00000f5c    00000198     main.obj (.text)
                  000010f4    00000174     rtsv7M4_T_le_v4SPD16_eabi.lib : fmod.obj (.text)
                  00001268    00000132     driverlib.lib : gpio.obj (.text:GPIOPadConfigSet)
                  0000139a    00000002     --HOLE-- [fill = 0]
                  0000139c    00000118     sine_table.obj (.text)
                  000014b4    00000110     driverlib.lib : sysctl.obj (.text:SysCtlClockGet)
                  000015c4    00000110     rtsv7M4_T_le_v4SPD16_eabi.lib : xdscale.obj (.text)
                  000016d4    000000fc                                   : fd_mul_t2.obj (.text)
                  000017d0    000000f4     driverlib.lib : sysctl.obj (.text:SysCtlClockSet)
                  000018c4    000000be     rtsv7M4_T_le_v4SPD16_eabi.lib : xdnorm.obj (.text)
                  00001982    0000009c                                   : memcpy_t2.obj (.text)
                  00001a1e    00000086                                   : fd_cmp_t2.obj (.text:__aeabi_cdcmple)
                  00001aa4    0000007a                                   : memset_t2.obj (.text)
                  00001b1e    00000002     --HOLE-- [fill = 0]
                  00001b20    0000006c                                   : autoinit.obj (.text)
                  00001b8c    0000006a                                   : copy_decompress_rle.obj (.text)
                  00001bf6    00000002     --HOLE-- [fill = 0]
                  00001bf8    00000068     driverlib.lib : interrupt.obj (.text:IntEnable)
                  00001c60    00000064     cmdline.obj (.text)
                  00001cc4    00000060     driverlib.lib : timer.obj (.text:TimerConfigure)
                  00001d24    00000050     rtsv7M4_T_le_v4SPD16_eabi.lib : boot.obj (.text)
                  00001d74    0000004c                                   : atoi.obj (.text)
                  00001dc0    0000004c                                   : cpy_tbl.obj (.text)
                  00001e0c    00000048     driverlib.lib : gpio.obj (.text:GPIOPinConfigure)
                  00001e54    00000048     rtsv7M4_T_le_v4SPD16_eabi.lib : fd_toi_t2.obj (.text)
                  00001e9c    00000046     driverlib.lib : uart.obj (.text:UARTConfigSetExpClk)
                  00001ee2    00000002     --HOLE-- [fill = 0]
                  00001ee4    00000044     rtsv7M4_T_le_v4SPD16_eabi.lib : exit.obj (.text)
                  00001f28    00000044                                   : fd_tou_t2.obj (.text)
                  00001f6c    00000040                                   : signal.obj (.text)
                  00001fac    00000040                                   : u_divt2.obj (.text)
                  00001fec    00000038     driverlib.lib : sysctl.obj (.text:SysCtlPeripheralPresent)
                  00002024    00000034                   : sysctl.obj (.text:SysCtlPeripheralEnable)
                  00002058    00000034     rtsv7M4_T_le_v4SPD16_eabi.lib : feraiseexcept.obj (.text)
                  0000208c    00000030                                   : xferaise.obj (.text)
                  000020bc    0000002e                                   : i_tofd_t2.obj (.text)
                  000020ea    0000002e                                   : raise.obj (.text)
                  00002118    0000002a     driverlib.lib : gpio.obj (.text:GPIODirModeSet)
                  00002142    00000022                   : pwm.obj (.text:PWMGenConfigure)
                  00002164    00000020                   : uart.obj (.text:UARTDisable)
                  00002184    00000020     rtsv7M4_T_le_v4SPD16_eabi.lib : u_tofd_t2.obj (.text)
                  000021a4    0000001e     driverlib.lib : pwm.obj (.text:PWMPulseWidthSet)
                  000021c2    0000001a     rtsv7M4_T_le_v4SPD16_eabi.lib : sin.obj (.text)
                  000021dc    00000018     driverlib.lib : gpio.obj (.text:GPIOPinTypeGPIOOutput)
                  000021f4    00000018     rtsv7M4_T_le_v4SPD16_eabi.lib : args_main.obj (.text)
                  0000220c    00000018                                   : strcmp.obj (.text)
                  00002224    00000014     driverlib.lib : sysctl.obj (.text:SysCtlPWMClockSet)
                  00002238    00000014                   : uart.obj (.text:UARTEnable)
                  0000224c    00000014     rtsv7M4_T_le_v4SPD16_eabi.lib : _lock.obj (.text)
                  00002260    00000012     driverlib.lib : gpio.obj (.text:GPIOPinTypePWM)
                  00002272    00000012                   : gpio.obj (.text:GPIOPinTypeUART)
                  00002284    00000012                   : pwm.obj (.text:PWMOutputState)
                  00002296    00000012                   : timer.obj (.text:TimerLoadSet)
                  000022a8    00000010                   : interrupt.obj (.text:IntMasterEnable)
                  000022b8    00000010                   : pwm.obj (.text:PWMGenPeriodSet)
                  000022c8    0000000e                   : timer.obj (.text:TimerEnable)
                  000022d6    0000000e     rtsv7M4_T_le_v4SPD16_eabi.lib : copy_decompress_none.obj (.text:decompress:none)
                  000022e4    0000000c     driverlib.lib : cpu.obj (.text:CPUcpsie)
                  000022f0    0000000c                   : pwm.obj (.text:PWMGenEnable)
                  000022fc    0000000c     rtsv7M4_T_le_v4SPD16_eabi.lib : copy_zero_init.obj (.text:decompress:ZI)
                  00002308    0000000c     tm4c123ge6pm_startup_ccs.obj (.text)
                  00002314    0000000a     driverlib.lib : uart.obj (.text:UARTCharGet)
                  0000231e    0000000a                   : uart.obj (.text:UARTCharPut)
                  00002328    00000008                   : timer.obj (.text:TimerIntEnable)
                  00002330    00000006                   : gpio.obj (.text:GPIOPinWrite)
                  00002336    00000006                   : sysctl.obj (.text:SysCtlDelay)
                  0000233c    00000006                   : uart.obj (.text:UARTClockSourceSet)
                  00002342    00000006     rtsv7M4_T_le_v4SPD16_eabi.lib : copy_decompress_rle.obj (.text:decompress:rle24)
                  00002348    00000004     driverlib.lib : timer.obj (.text:TimerIntClear)
                  0000234c    00000004     rtsv7M4_T_le_v4SPD16_eabi.lib : pre_init.obj (.text)

.const     0    00002350    000004d2     
                  00002350    000001b4     console.obj (.const:.string)
                  00002504    00000101     rtsv7M4_T_le_v4SPD16_eabi.lib : ctype.obj (.const:.string:_ctypes_)
                  00002605    00000003     --HOLE-- [fill = 0]
                  00002608    00000090     driverlib.lib : gpio.obj (.const:g_pui32GPIOBaseAddrs)
                  00002698    00000080     rtsv7M4_T_le_v4SPD16_eabi.lib : xsin.obj (.const)
                  00002718    00000070     driverlib.lib : interrupt.obj (.const)
                  00002788    0000006c                   : sysctl.obj (.const:g_pui32Xtals)
                  000027f4    0000001c     uartstdio.obj (.const)
                  00002810    00000012     uartstdio.obj (.const:.string)

.cinit     0    00002828    00000128     
                  00002828    000000ff     (.cinit..data.load) [load image, compression = rle]
                  00002927    00000001     --HOLE-- [fill = 0]
                  00002928    0000000c     (__TI_handler_table)
                  00002934    00000004     --HOLE-- [fill = 0]
                  00002938    00000008     (.cinit..bss.load) [load image, compression = zero_init]
                  00002940    00000010     (__TI_cinit_table)

.init_array 
*          0    00000000    00000000     UNINITIALIZED

.bss       0    20000000    000008a8     UNINITIALIZED
                  20000000    00000800     sine_table.obj (.bss:sineTable)
                  20000800    00000080     main.obj (.bss:g_cInput)
                  20000880    00000024     cmdline.obj (.bss:g_ppcArgv)
                  200008a4    00000004     (.common:RUNNING)

.data      0    200008a8    00000228     UNINITIALIZED
                  200008a8    000000c0     console.obj (.data:g_psCmdTable)
                  20000968    000000b0     rtsv7M4_T_le_v4SPD16_eabi.lib : signal.obj (.data:sigtable)
                  20000a18    00000080                                   : xvalues.obj (.data)
                  20000a98    00000008                                   : _lock.obj (.data)
                  20000aa0    00000008                                   : exit.obj (.data)
                  20000aa8    00000008                                   : feraiseexcept.obj (.data)
                  20000ab0    00000008     sine_table.obj (.data)
                  20000ab8    00000005     uartstdio.obj (.data)
                  20000abd    00000003     --HOLE--
                  20000ac0    00000004     control.obj (.data)
                  20000ac4    00000004     main.obj (.data)
                  20000ac8    00000004     rtsv7M4_T_le_v4SPD16_eabi.lib : errno.obj (.data)
                  20000acc    00000004                                   : stkdepth_vars.obj (.data)

.TI.noinit 
*          0    20000000    00000000     UNINITIALIZED

.TI.persistent 
*          0    200008a8    00000000     UNINITIALIZED

.stack     0    20000ad0    00000200     UNINITIALIZED
                  20000ad0    00000200     --HOLE--


LINKER GENERATED COPY TABLES

__TI_cinit_table @ 00002940 records: 2, size/record: 8, table size: 16
	.data: load addr=00002828, load size=000000ff bytes, run addr=200008a8, run size=00000228 bytes, compression=rle
	.bss: load addr=00002938, load size=00000008 bytes, run addr=20000000, run size=000008a8 bytes, compression=zero_init


LINKER GENERATED HANDLER TABLE

__TI_handler_table @ 00002928 records: 3, size/record: 4, table size: 12
	index: 0, handler: __TI_decompress_rle24
	index: 1, handler: __TI_decompress_none
	index: 2, handler: __TI_zero_init


GLOBAL SYMBOLS: SORTED ALPHABETICALLY BY Name 

address   name                    
-------   ----                    
00001ee5  C$$EXIT                 
00000d11  CMD_PWMfrequency        
00000d01  CMD_PWMoff              
00000c9f  CMD_coilAoff            
00000c7f  CMD_coilAon             
00000caf  CMD_coilBoff            
00000c8f  CMD_coilBon             
00000bfd  CMD_help                
00000c4f  CMD_laserAoff           
00000c3f  CMD_laserAon            
00000c6f  CMD_laserBoff           
00000c5f  CMD_laserBon            
00000d31  CMD_relayNormal         
00000d21  CMD_relayOn             
00000cbf  CMD_shutdown            
00000cdf  CMD_signalPWM           
000022e5  CPUcpsie                
00001c61  CmdLineProcess          
00000919  ConfigureUART           
00002119  GPIODirModeSet          
00001269  GPIOPadConfigSet        
00001e0d  GPIOPinConfigure        
000021dd  GPIOPinTypeGPIOOutput   
00002261  GPIOPinTypePWM          
00002273  GPIOPinTypeUART         
00002331  GPIOPinWrite            
00001bf9  IntEnable               
000022a9  IntMasterEnable         
00002143  PWMGenConfigure         
000022f1  PWMGenEnable            
000022b9  PWMGenPeriodSet         
00002285  PWMOutputState          
000021a5  PWMPulseWidthSet        
20000ac0  PWMfactor               
00000eab  PWMfrequency            
00000e97  PWMoff                  
00002309  ResetISR                
UNDEFED   SHT$$INIT_ARRAY$$Base   
UNDEFED   SHT$$INIT_ARRAY$$Limit  
000014b5  SysCtlClockGet          
000017d1  SysCtlClockSet          
00002337  SysCtlDelay             
00002225  SysCtlPWMClockSet       
00002025  SysCtlPeripheralEnable  
00001fed  SysCtlPeripheralPresent 
00001cc5  TimerConfigure          
000022c9  TimerEnable             
00002349  TimerIntClear           
00002329  TimerIntEnable          
00002297  TimerLoadSet            
00002315  UARTCharGet             
0000231f  UARTCharPut             
0000233d  UARTClockSourceSet      
00001e9d  UARTConfigSetExpClk     
00002165  UARTDisable             
00002239  UARTEnable              
0000026d  UARTStdioConfig         
00000351  UARTgetc                
000002d9  UARTgets                
00000565  UARTprintf              
0000035f  UARTvprintf             
000002ab  UARTwrite               
20000a18  _Denorm                 
000018c5  _Dnorm                  
000015c5  _Dscale                 
20000a28  _Eps                    
20000ac8  _Errno                  
20000aa8  _Fenv                   
0000208d  _Feraise                
20000a38  _Hugeval                
20000a48  _Inf                    
20000a58  _Nan                    
20000a78  _Rteps                  
0000059d  _Sin                    
20000a68  _Snan                   
20000aac  _Tls_setup__Fenv        
20000a88  _Xbig                   
20000a90  _Zero                   
20000cd0  __STACK_END             
00000200  __STACK_SIZE            
20000cd0  __STACK_TOP             
00002940  __TI_CINIT_Base         
00002950  __TI_CINIT_Limit        
00002928  __TI_Handler_Table_Base 
00002934  __TI_Handler_Table_Limit
00001b21  __TI_auto_init          
20000aa0  __TI_cleanup_ptr        
000022d7  __TI_decompress_none    
00002343  __TI_decompress_rle24   
20000aa4  __TI_dtors_ptr          
00000000  __TI_static_base__      
000022fd  __TI_zero_init          
00001a1f  __aeabi_cdcmpeq         
00001a1f  __aeabi_cdcmple         
00001e55  __aeabi_d2iz            
00001f29  __aeabi_d2uiz           
00000a4f  __aeabi_dadd            
000016d5  __aeabi_dmul            
00000a45  __aeabi_dsub            
000020bd  __aeabi_i2d             
00000bfb  __aeabi_idiv0           
00001aa5  __aeabi_memclr          
00001aa5  __aeabi_memclr4         
00001aa5  __aeabi_memclr8         
00001983  __aeabi_memcpy          
00001983  __aeabi_memcpy4         
00001983  __aeabi_memcpy8         
00001aa7  __aeabi_memset          
00001aa7  __aeabi_memset4         
00001aa7  __aeabi_memset8         
00002185  __aeabi_ui2d            
00001fad  __aeabi_uidiv           
00001fad  __aeabi_uidivmod        
ffffffff  __binit__               
ffffffff  __c_args__              
20000ad0  __stack                 
000021f5  _args_main              
00001d25  _c_int00                
00002504  _ctypes_                
20000a98  _lock                   
0000225b  _nop                    
00002253  _register_lock          
0000224d  _register_unlock        
0000234d  _system_pre_init        
20000a9c  _unlock                 
00001ee9  abort                   
00001d75  atoi                    
ffffffff  binit                   
00000881  board_INIT              
0000103d  clockInterrupt          
00000ffd  continueRunning         
00001dc1  copy_in                 
00000e09  disableCoilA            
00000e13  disableCoilB            
00000db1  disableLaserA           
00000dc7  disableLaserB           
00000e1d  enableCoilA             
00000e2f  enableCoilB             
00000ddd  enableLaserA            
00000df3  enableLaserB            
00001ef1  exit                    
00002059  feraiseexcept           
000010f5  fmod                    
00000000  g_pfnVectors            
200008a8  g_psCmdTable            
0000139d  generateSineTable       
000013dd  increment               
00000fb5  initClock               
00000f65  main                    
20000acc  main_func_sp            
00001983  memcpy                  
00001aad  memset                  
00000f5d  messages                
000020eb  raise                   
00000ec5  relayEnable             
00000ed9  relayNormal             
00001f6d  signal                  
00000e41  signalPWM               
000021c3  sin                     
0000220d  strcmp                  
00000831  systemInit              


GLOBAL SYMBOLS: SORTED BY Symbol Address 

address   name                    
-------   ----                    
00000000  __TI_static_base__      
00000000  g_pfnVectors            
00000200  __STACK_SIZE            
0000026d  UARTStdioConfig         
000002ab  UARTwrite               
000002d9  UARTgets                
00000351  UARTgetc                
0000035f  UARTvprintf             
00000565  UARTprintf              
0000059d  _Sin                    
00000831  systemInit              
00000881  board_INIT              
00000919  ConfigureUART           
00000a45  __aeabi_dsub            
00000a4f  __aeabi_dadd            
00000bfb  __aeabi_idiv0           
00000bfd  CMD_help                
00000c3f  CMD_laserAon            
00000c4f  CMD_laserAoff           
00000c5f  CMD_laserBon            
00000c6f  CMD_laserBoff           
00000c7f  CMD_coilAon             
00000c8f  CMD_coilBon             
00000c9f  CMD_coilAoff            
00000caf  CMD_coilBoff            
00000cbf  CMD_shutdown            
00000cdf  CMD_signalPWM           
00000d01  CMD_PWMoff              
00000d11  CMD_PWMfrequency        
00000d21  CMD_relayOn             
00000d31  CMD_relayNormal         
00000db1  disableLaserA           
00000dc7  disableLaserB           
00000ddd  enableLaserA            
00000df3  enableLaserB            
00000e09  disableCoilA            
00000e13  disableCoilB            
00000e1d  enableCoilA             
00000e2f  enableCoilB             
00000e41  signalPWM               
00000e97  PWMoff                  
00000eab  PWMfrequency            
00000ec5  relayEnable             
00000ed9  relayNormal             
00000f5d  messages                
00000f65  main                    
00000fb5  initClock               
00000ffd  continueRunning         
0000103d  clockInterrupt          
000010f5  fmod                    
00001269  GPIOPadConfigSet        
0000139d  generateSineTable       
000013dd  increment               
000014b5  SysCtlClockGet          
000015c5  _Dscale                 
000016d5  __aeabi_dmul            
000017d1  SysCtlClockSet          
000018c5  _Dnorm                  
00001983  __aeabi_memcpy          
00001983  __aeabi_memcpy4         
00001983  __aeabi_memcpy8         
00001983  memcpy                  
00001a1f  __aeabi_cdcmpeq         
00001a1f  __aeabi_cdcmple         
00001aa5  __aeabi_memclr          
00001aa5  __aeabi_memclr4         
00001aa5  __aeabi_memclr8         
00001aa7  __aeabi_memset          
00001aa7  __aeabi_memset4         
00001aa7  __aeabi_memset8         
00001aad  memset                  
00001b21  __TI_auto_init          
00001bf9  IntEnable               
00001c61  CmdLineProcess          
00001cc5  TimerConfigure          
00001d25  _c_int00                
00001d75  atoi                    
00001dc1  copy_in                 
00001e0d  GPIOPinConfigure        
00001e55  __aeabi_d2iz            
00001e9d  UARTConfigSetExpClk     
00001ee5  C$$EXIT                 
00001ee9  abort                   
00001ef1  exit                    
00001f29  __aeabi_d2uiz           
00001f6d  signal                  
00001fad  __aeabi_uidiv           
00001fad  __aeabi_uidivmod        
00001fed  SysCtlPeripheralPresent 
00002025  SysCtlPeripheralEnable  
00002059  feraiseexcept           
0000208d  _Feraise                
000020bd  __aeabi_i2d             
000020eb  raise                   
00002119  GPIODirModeSet          
00002143  PWMGenConfigure         
00002165  UARTDisable             
00002185  __aeabi_ui2d            
000021a5  PWMPulseWidthSet        
000021c3  sin                     
000021dd  GPIOPinTypeGPIOOutput   
000021f5  _args_main              
0000220d  strcmp                  
00002225  SysCtlPWMClockSet       
00002239  UARTEnable              
0000224d  _register_unlock        
00002253  _register_lock          
0000225b  _nop                    
00002261  GPIOPinTypePWM          
00002273  GPIOPinTypeUART         
00002285  PWMOutputState          
00002297  TimerLoadSet            
000022a9  IntMasterEnable         
000022b9  PWMGenPeriodSet         
000022c9  TimerEnable             
000022d7  __TI_decompress_none    
000022e5  CPUcpsie                
000022f1  PWMGenEnable            
000022fd  __TI_zero_init          
00002309  ResetISR                
00002315  UARTCharGet             
0000231f  UARTCharPut             
00002329  TimerIntEnable          
00002331  GPIOPinWrite            
00002337  SysCtlDelay             
0000233d  UARTClockSourceSet      
00002343  __TI_decompress_rle24   
00002349  TimerIntClear           
0000234d  _system_pre_init        
00002504  _ctypes_                
00002928  __TI_Handler_Table_Base 
00002934  __TI_Handler_Table_Limit
00002940  __TI_CINIT_Base         
00002950  __TI_CINIT_Limit        
200008a8  g_psCmdTable            
20000a18  _Denorm                 
20000a28  _Eps                    
20000a38  _Hugeval                
20000a48  _Inf                    
20000a58  _Nan                    
20000a68  _Snan                   
20000a78  _Rteps                  
20000a88  _Xbig                   
20000a90  _Zero                   
20000a98  _lock                   
20000a9c  _unlock                 
20000aa0  __TI_cleanup_ptr        
20000aa4  __TI_dtors_ptr          
20000aa8  _Fenv                   
20000aac  _Tls_setup__Fenv        
20000ac0  PWMfactor               
20000ac8  _Errno                  
20000acc  main_func_sp            
20000ad0  __stack                 
20000cd0  __STACK_END             
20000cd0  __STACK_TOP             
ffffffff  __binit__               
ffffffff  __c_args__              
ffffffff  binit                   
UNDEFED   SHT$$INIT_ARRAY$$Base   
UNDEFED   SHT$$INIT_ARRAY$$Limit  

[161 symbols]
