******************************************************************************
                  TI ARM Linker PC v5.2.7                      
******************************************************************************
>> Linked Mon May 16 19:22:12 2016

OUTPUT FILE NAME:   <BCWattBalance-Rev1.out>
ENTRY POINT SYMBOL: "_c_int00"  address: 00001cdd


MEMORY CONFIGURATION

         name            origin    length      used     unused   attr    fill
----------------------  --------  ---------  --------  --------  ----  --------
  FLASH                 00000000   00020000  00002902  0001d6fe  R  X
  SRAM                  20000000   00008000  00000cd0  00007330  RW X


SEGMENT ALLOCATION MAP

run origin  load origin   length   init length attrs members
----------  ----------- ---------- ----------- ----- -------
00000000    00000000    00002908   00002908    r-x
  00000000    00000000    0000026c   0000026c    r-- .intvecs
  0000026c    0000026c    0000209c   0000209c    r-x .text
  00002308    00002308    000004d2   000004d2    r-- .const
  000027e0    000027e0    00000128   00000128    r-- .cinit
20000000    20000000    00000cd0   00000000    rw-
  20000000    20000000    000008a8   00000000    rw- .bss
  200008a8    200008a8    00000228   00000000    rw- .data
  20000ad0    20000ad0    00000200   00000000    rw- .stack


SECTION ALLOCATION MAP

 output                                  attributes/
section   page    origin      length       input sections
--------  ----  ----------  ----------   ----------------
.intvecs   0    00000000    0000026c     
                  00000000    0000026c     tm4c123ge6pm_startup_ccs.obj (.intvecs)

.text      0    0000026c    0000209c     
                  0000026c    00000310     uartstdio.obj (.text)
                  0000057c    00000294     rtsv7M4_T_le_v4SPD16_eabi.lib : xsin.obj (.text)
                  00000810    00000214     board_init.obj (.text)
                  00000a24    000001b6     rtsv7M4_T_le_v4SPD16_eabi.lib : fd_add_t2.obj (.text)
                  00000bda    00000002                                   : i_div0.obj (.text)
                  00000bdc    0000019c     control.obj (.text)
                  00000d78    00000198     console.obj (.text)
                  00000f10    00000194     main.obj (.text)
                  000010a4    00000174     rtsv7M4_T_le_v4SPD16_eabi.lib : fmod.obj (.text)
                  00001218    00000132     driverlib.lib : gpio.obj (.text:GPIOPadConfigSet)
                  0000134a    00000002     --HOLE-- [fill = 0]
                  0000134c    00000120     sine_table.obj (.text)
                  0000146c    00000110     driverlib.lib : sysctl.obj (.text:SysCtlClockGet)
                  0000157c    00000110     rtsv7M4_T_le_v4SPD16_eabi.lib : xdscale.obj (.text)
                  0000168c    000000fc                                   : fd_mul_t2.obj (.text)
                  00001788    000000f4     driverlib.lib : sysctl.obj (.text:SysCtlClockSet)
                  0000187c    000000be     rtsv7M4_T_le_v4SPD16_eabi.lib : xdnorm.obj (.text)
                  0000193a    0000009c                                   : memcpy_t2.obj (.text)
                  000019d6    00000086                                   : fd_cmp_t2.obj (.text:__aeabi_cdcmple)
                  00001a5c    0000007a                                   : memset_t2.obj (.text)
                  00001ad6    00000002     --HOLE-- [fill = 0]
                  00001ad8    0000006c                                   : autoinit.obj (.text)
                  00001b44    0000006a                                   : copy_decompress_rle.obj (.text)
                  00001bae    00000002     --HOLE-- [fill = 0]
                  00001bb0    00000068     driverlib.lib : interrupt.obj (.text:IntEnable)
                  00001c18    00000064     cmdline.obj (.text)
                  00001c7c    00000060     driverlib.lib : timer.obj (.text:TimerConfigure)
                  00001cdc    00000050     rtsv7M4_T_le_v4SPD16_eabi.lib : boot.obj (.text)
                  00001d2c    0000004c                                   : atoi.obj (.text)
                  00001d78    0000004c                                   : cpy_tbl.obj (.text)
                  00001dc4    00000048     driverlib.lib : gpio.obj (.text:GPIOPinConfigure)
                  00001e0c    00000048     rtsv7M4_T_le_v4SPD16_eabi.lib : fd_toi_t2.obj (.text)
                  00001e54    00000046     driverlib.lib : uart.obj (.text:UARTConfigSetExpClk)
                  00001e9a    00000002     --HOLE-- [fill = 0]
                  00001e9c    00000044     rtsv7M4_T_le_v4SPD16_eabi.lib : exit.obj (.text)
                  00001ee0    00000044                                   : fd_tou_t2.obj (.text)
                  00001f24    00000040                                   : signal.obj (.text)
                  00001f64    00000040                                   : u_divt2.obj (.text)
                  00001fa4    00000038     driverlib.lib : sysctl.obj (.text:SysCtlPeripheralPresent)
                  00001fdc    00000034                   : sysctl.obj (.text:SysCtlPeripheralEnable)
                  00002010    00000034     rtsv7M4_T_le_v4SPD16_eabi.lib : feraiseexcept.obj (.text)
                  00002044    00000030                                   : xferaise.obj (.text)
                  00002074    0000002e                                   : i_tofd_t2.obj (.text)
                  000020a2    0000002e                                   : raise.obj (.text)
                  000020d0    0000002a     driverlib.lib : gpio.obj (.text:GPIODirModeSet)
                  000020fa    00000022                   : pwm.obj (.text:PWMGenConfigure)
                  0000211c    00000020                   : uart.obj (.text:UARTDisable)
                  0000213c    00000020     rtsv7M4_T_le_v4SPD16_eabi.lib : u_tofd_t2.obj (.text)
                  0000215c    0000001e     driverlib.lib : pwm.obj (.text:PWMPulseWidthSet)
                  0000217a    0000001a     rtsv7M4_T_le_v4SPD16_eabi.lib : sin.obj (.text)
                  00002194    00000018     driverlib.lib : gpio.obj (.text:GPIOPinTypeGPIOOutput)
                  000021ac    00000018     rtsv7M4_T_le_v4SPD16_eabi.lib : args_main.obj (.text)
                  000021c4    00000018                                   : strcmp.obj (.text)
                  000021dc    00000014     driverlib.lib : sysctl.obj (.text:SysCtlPWMClockSet)
                  000021f0    00000014                   : uart.obj (.text:UARTEnable)
                  00002204    00000014     rtsv7M4_T_le_v4SPD16_eabi.lib : _lock.obj (.text)
                  00002218    00000012     driverlib.lib : gpio.obj (.text:GPIOPinTypePWM)
                  0000222a    00000012                   : gpio.obj (.text:GPIOPinTypeUART)
                  0000223c    00000012                   : pwm.obj (.text:PWMOutputState)
                  0000224e    00000012                   : timer.obj (.text:TimerLoadSet)
                  00002260    00000010                   : interrupt.obj (.text:IntMasterEnable)
                  00002270    00000010                   : pwm.obj (.text:PWMGenPeriodSet)
                  00002280    0000000e                   : timer.obj (.text:TimerEnable)
                  0000228e    0000000e     rtsv7M4_T_le_v4SPD16_eabi.lib : copy_decompress_none.obj (.text:decompress:none)
                  0000229c    0000000c     driverlib.lib : cpu.obj (.text:CPUcpsie)
                  000022a8    0000000c                   : pwm.obj (.text:PWMGenEnable)
                  000022b4    0000000c     rtsv7M4_T_le_v4SPD16_eabi.lib : copy_zero_init.obj (.text:decompress:ZI)
                  000022c0    0000000c     tm4c123ge6pm_startup_ccs.obj (.text)
                  000022cc    0000000a     driverlib.lib : uart.obj (.text:UARTCharGet)
                  000022d6    0000000a                   : uart.obj (.text:UARTCharPut)
                  000022e0    00000008                   : timer.obj (.text:TimerIntEnable)
                  000022e8    00000006                   : gpio.obj (.text:GPIOPinWrite)
                  000022ee    00000006                   : sysctl.obj (.text:SysCtlDelay)
                  000022f4    00000006                   : uart.obj (.text:UARTClockSourceSet)
                  000022fa    00000006     rtsv7M4_T_le_v4SPD16_eabi.lib : copy_decompress_rle.obj (.text:decompress:rle24)
                  00002300    00000004     driverlib.lib : timer.obj (.text:TimerIntClear)
                  00002304    00000004     rtsv7M4_T_le_v4SPD16_eabi.lib : pre_init.obj (.text)

.const     0    00002308    000004d2     
                  00002308    000001b4     console.obj (.const:.string)
                  000024bc    00000101     rtsv7M4_T_le_v4SPD16_eabi.lib : ctype.obj (.const:.string:_ctypes_)
                  000025bd    00000003     --HOLE-- [fill = 0]
                  000025c0    00000090     driverlib.lib : gpio.obj (.const:g_pui32GPIOBaseAddrs)
                  00002650    00000080     rtsv7M4_T_le_v4SPD16_eabi.lib : xsin.obj (.const)
                  000026d0    00000070     driverlib.lib : interrupt.obj (.const)
                  00002740    0000006c                   : sysctl.obj (.const:g_pui32Xtals)
                  000027ac    0000001c     uartstdio.obj (.const)
                  000027c8    00000012     uartstdio.obj (.const:.string)

.cinit     0    000027e0    00000128     
                  000027e0    000000ff     (.cinit..data.load) [load image, compression = rle]
                  000028df    00000001     --HOLE-- [fill = 0]
                  000028e0    0000000c     (__TI_handler_table)
                  000028ec    00000004     --HOLE-- [fill = 0]
                  000028f0    00000008     (.cinit..bss.load) [load image, compression = zero_init]
                  000028f8    00000010     (__TI_cinit_table)

.init_array 
*          0    00000000    00000000     UNINITIALIZED

.bss       0    20000000    000008a8     UNINITIALIZED
                  20000000    00000800     sine_table.obj (.bss:sineTable)
                  20000800    00000080     main.obj (.bss:g_cInput)
                  20000880    00000024     cmdline.obj (.bss:g_ppcArgv)
                  200008a4    00000004     (.common:RUNNING)

.data      0    200008a8    00000228     UNINITIALIZED
                  200008a8    000000c0     console.obj (.data:g_psCmdTable)
                  20000968    000000b0     rtsv7M4_T_le_v4SPD16_eabi.lib : signal.obj (.data:sigtable)
                  20000a18    00000080                                   : xvalues.obj (.data)
                  20000a98    00000008                                   : _lock.obj (.data)
                  20000aa0    00000008                                   : exit.obj (.data)
                  20000aa8    00000008                                   : feraiseexcept.obj (.data)
                  20000ab0    00000008     sine_table.obj (.data)
                  20000ab8    00000005     uartstdio.obj (.data)
                  20000abd    00000003     --HOLE--
                  20000ac0    00000004     control.obj (.data)
                  20000ac4    00000004     main.obj (.data)
                  20000ac8    00000004     rtsv7M4_T_le_v4SPD16_eabi.lib : errno.obj (.data)
                  20000acc    00000004                                   : stkdepth_vars.obj (.data)

.TI.noinit 
*          0    20000000    00000000     UNINITIALIZED

.TI.persistent 
*          0    200008a8    00000000     UNINITIALIZED

.stack     0    20000ad0    00000200     UNINITIALIZED
                  20000ad0    00000200     --HOLE--


LINKER GENERATED COPY TABLES

__TI_cinit_table @ 000028f8 records: 2, size/record: 8, table size: 16
	.data: load addr=000027e0, load size=000000ff bytes, run addr=200008a8, run size=00000228 bytes, compression=rle
	.bss: load addr=000028f0, load size=00000008 bytes, run addr=20000000, run size=000008a8 bytes, compression=zero_init


LINKER GENERATED HANDLER TABLE

__TI_handler_table @ 000028e0 records: 3, size/record: 4, table size: 12
	index: 0, handler: __TI_decompress_rle24
	index: 1, handler: __TI_decompress_none
	index: 2, handler: __TI_zero_init


GLOBAL SYMBOLS: SORTED ALPHABETICALLY BY Name 

address   name                    
-------   ----                    
00001e9d  C$$EXIT                 
00000e91  CMD_PWMfrequency        
00000e81  CMD_PWMoff              
00000e71  CMD_coilAoff            
00000e61  CMD_coilAon             
00000e51  CMD_coilBoff            
00000e41  CMD_coilBon             
00000e1b  CMD_help                
00000e0b  CMD_laserAoff           
00000dfb  CMD_laserAon            
00000deb  CMD_laserBoff           
00000ddb  CMD_laserBon            
00000dcb  CMD_relayNormal         
00000dbb  CMD_relayOn             
00000d9b  CMD_shutdown            
00000d79  CMD_signalPWM           
0000229d  CPUcpsie                
00001c19  CmdLineProcess          
000008f9  ConfigureUART           
000020d1  GPIODirModeSet          
00001219  GPIOPadConfigSet        
00001dc5  GPIOPinConfigure        
00002195  GPIOPinTypeGPIOOutput   
00002219  GPIOPinTypePWM          
0000222b  GPIOPinTypeUART         
000022e9  GPIOPinWrite            
00001bb1  IntEnable               
00002261  IntMasterEnable         
000020fb  PWMGenConfigure         
000022a9  PWMGenEnable            
00002271  PWMGenPeriodSet         
0000223d  PWMOutputState          
0000215d  PWMPulseWidthSet        
20000ac0  PWMfactor               
00000cef  PWMfrequency            
00000cdb  PWMoff                  
000022c1  ResetISR                
UNDEFED   SHT$$INIT_ARRAY$$Base   
UNDEFED   SHT$$INIT_ARRAY$$Limit  
0000146d  SysCtlClockGet          
00001789  SysCtlClockSet          
000022ef  SysCtlDelay             
000021dd  SysCtlPWMClockSet       
00001fdd  SysCtlPeripheralEnable  
00001fa5  SysCtlPeripheralPresent 
00001c7d  TimerConfigure          
00002281  TimerEnable             
00002301  TimerIntClear           
000022e1  TimerIntEnable          
0000224f  TimerLoadSet            
000022cd  UARTCharGet             
000022d7  UARTCharPut             
000022f5  UARTClockSourceSet      
00001e55  UARTConfigSetExpClk     
0000211d  UARTDisable             
000021f1  UARTEnable              
00000509  UARTStdioConfig         
000004fb  UARTgetc                
00000483  UARTgets                
00000469  UARTprintf              
0000029f  UARTvprintf             
0000026d  UARTwrite               
20000a18  _Denorm                 
0000187d  _Dnorm                  
0000157d  _Dscale                 
20000a28  _Eps                    
20000ac8  _Errno                  
20000aa8  _Fenv                   
00002045  _Feraise                
20000a38  _Hugeval                
20000a48  _Inf                    
20000a58  _Nan                    
20000a78  _Rteps                  
0000057d  _Sin                    
20000a68  _Snan                   
20000aac  _Tls_setup__Fenv        
20000a88  _Xbig                   
20000a90  _Zero                   
20000cd0  __STACK_END             
00000200  __STACK_SIZE            
20000cd0  __STACK_TOP             
000028f8  __TI_CINIT_Base         
00002908  __TI_CINIT_Limit        
000028e0  __TI_Handler_Table_Base 
000028ec  __TI_Handler_Table_Limit
00001ad9  __TI_auto_init          
20000aa0  __TI_cleanup_ptr        
0000228f  __TI_decompress_none    
000022fb  __TI_decompress_rle24   
20000aa4  __TI_dtors_ptr          
00000000  __TI_static_base__      
000022b5  __TI_zero_init          
000019d7  __aeabi_cdcmpeq         
000019d7  __aeabi_cdcmple         
00001e0d  __aeabi_d2iz            
00001ee1  __aeabi_d2uiz           
00000a2f  __aeabi_dadd            
0000168d  __aeabi_dmul            
00000a25  __aeabi_dsub            
00002075  __aeabi_i2d             
00000bdb  __aeabi_idiv0           
00001a5d  __aeabi_memclr          
00001a5d  __aeabi_memclr4         
00001a5d  __aeabi_memclr8         
0000193b  __aeabi_memcpy          
0000193b  __aeabi_memcpy4         
0000193b  __aeabi_memcpy8         
00001a5f  __aeabi_memset          
00001a5f  __aeabi_memset4         
00001a5f  __aeabi_memset8         
0000213d  __aeabi_ui2d            
00001f65  __aeabi_uidiv           
00001f65  __aeabi_uidivmod        
ffffffff  __binit__               
ffffffff  __c_args__              
20000ad0  __stack                 
000021ad  _args_main              
00001cdd  _c_int00                
000024bc  _ctypes_                
20000a98  _lock                   
00002213  _nop                    
0000220b  _register_lock          
00002205  _register_unlock        
00002305  _system_pre_init        
20000a9c  _unlock                 
00001ea1  abort                   
00001d2d  atoi                    
ffffffff  binit                   
00000861  board_INIT              
00000fed  clockInterrupt          
00000fad  continueRunning         
00001d79  copy_in                 
00000bf9  disableCoilA            
00000bdd  disableCoilB            
00000cc5  disableLaserA           
00000caf  disableLaserB           
00000be7  enableCoilA             
00000c03  enableCoilB             
00000c99  enableLaserA            
00000c83  enableLaserB            
00001ea9  exit                    
00002011  feraiseexcept           
000010a5  fmod                    
00000000  g_pfnVectors            
200008a8  g_psCmdTable            
000013ef  generateSineTable       
0000134d  increment               
00000f19  initClock               
00000f61  main                    
20000acc  main_func_sp            
0000193b  memcpy                  
00001a65  memset                  
00000f11  messages                
000020a3  raise                   
00000c6f  relayEnable             
00000c5b  relayNormal             
00001f25  signal                  
00000c15  signalPWM               
0000217b  sin                     
000021c5  strcmp                  
00000811  systemInit              


GLOBAL SYMBOLS: SORTED BY Symbol Address 

address   name                    
-------   ----                    
00000000  __TI_static_base__      
00000000  g_pfnVectors            
00000200  __STACK_SIZE            
0000026d  UARTwrite               
0000029f  UARTvprintf             
00000469  UARTprintf              
00000483  UARTgets                
000004fb  UARTgetc                
00000509  UARTStdioConfig         
0000057d  _Sin                    
00000811  systemInit              
00000861  board_INIT              
000008f9  ConfigureUART           
00000a25  __aeabi_dsub            
00000a2f  __aeabi_dadd            
00000bdb  __aeabi_idiv0           
00000bdd  disableCoilB            
00000be7  enableCoilA             
00000bf9  disableCoilA            
00000c03  enableCoilB             
00000c15  signalPWM               
00000c5b  relayNormal             
00000c6f  relayEnable             
00000c83  enableLaserB            
00000c99  enableLaserA            
00000caf  disableLaserB           
00000cc5  disableLaserA           
00000cdb  PWMoff                  
00000cef  PWMfrequency            
00000d79  CMD_signalPWM           
00000d9b  CMD_shutdown            
00000dbb  CMD_relayOn             
00000dcb  CMD_relayNormal         
00000ddb  CMD_laserBon            
00000deb  CMD_laserBoff           
00000dfb  CMD_laserAon            
00000e0b  CMD_laserAoff           
00000e1b  CMD_help                
00000e41  CMD_coilBon             
00000e51  CMD_coilBoff            
00000e61  CMD_coilAon             
00000e71  CMD_coilAoff            
00000e81  CMD_PWMoff              
00000e91  CMD_PWMfrequency        
00000f11  messages                
00000f19  initClock               
00000f61  main                    
00000fad  continueRunning         
00000fed  clockInterrupt          
000010a5  fmod                    
00001219  GPIOPadConfigSet        
0000134d  increment               
000013ef  generateSineTable       
0000146d  SysCtlClockGet          
0000157d  _Dscale                 
0000168d  __aeabi_dmul            
00001789  SysCtlClockSet          
0000187d  _Dnorm                  
0000193b  __aeabi_memcpy          
0000193b  __aeabi_memcpy4         
0000193b  __aeabi_memcpy8         
0000193b  memcpy                  
000019d7  __aeabi_cdcmpeq         
000019d7  __aeabi_cdcmple         
00001a5d  __aeabi_memclr          
00001a5d  __aeabi_memclr4         
00001a5d  __aeabi_memclr8         
00001a5f  __aeabi_memset          
00001a5f  __aeabi_memset4         
00001a5f  __aeabi_memset8         
00001a65  memset                  
00001ad9  __TI_auto_init          
00001bb1  IntEnable               
00001c19  CmdLineProcess          
00001c7d  TimerConfigure          
00001cdd  _c_int00                
00001d2d  atoi                    
00001d79  copy_in                 
00001dc5  GPIOPinConfigure        
00001e0d  __aeabi_d2iz            
00001e55  UARTConfigSetExpClk     
00001e9d  C$$EXIT                 
00001ea1  abort                   
00001ea9  exit                    
00001ee1  __aeabi_d2uiz           
00001f25  signal                  
00001f65  __aeabi_uidiv           
00001f65  __aeabi_uidivmod        
00001fa5  SysCtlPeripheralPresent 
00001fdd  SysCtlPeripheralEnable  
00002011  feraiseexcept           
00002045  _Feraise                
00002075  __aeabi_i2d             
000020a3  raise                   
000020d1  GPIODirModeSet          
000020fb  PWMGenConfigure         
0000211d  UARTDisable             
0000213d  __aeabi_ui2d            
0000215d  PWMPulseWidthSet        
0000217b  sin                     
00002195  GPIOPinTypeGPIOOutput   
000021ad  _args_main              
000021c5  strcmp                  
000021dd  SysCtlPWMClockSet       
000021f1  UARTEnable              
00002205  _register_unlock        
0000220b  _register_lock          
00002213  _nop                    
00002219  GPIOPinTypePWM          
0000222b  GPIOPinTypeUART         
0000223d  PWMOutputState          
0000224f  TimerLoadSet            
00002261  IntMasterEnable         
00002271  PWMGenPeriodSet         
00002281  TimerEnable             
0000228f  __TI_decompress_none    
0000229d  CPUcpsie                
000022a9  PWMGenEnable            
000022b5  __TI_zero_init          
000022c1  ResetISR                
000022cd  UARTCharGet             
000022d7  UARTCharPut             
000022e1  TimerIntEnable          
000022e9  GPIOPinWrite            
000022ef  SysCtlDelay             
000022f5  UARTClockSourceSet      
000022fb  __TI_decompress_rle24   
00002301  TimerIntClear           
00002305  _system_pre_init        
000024bc  _ctypes_                
000028e0  __TI_Handler_Table_Base 
000028ec  __TI_Handler_Table_Limit
000028f8  __TI_CINIT_Base         
00002908  __TI_CINIT_Limit        
200008a8  g_psCmdTable            
20000a18  _Denorm                 
20000a28  _Eps                    
20000a38  _Hugeval                
20000a48  _Inf                    
20000a58  _Nan                    
20000a68  _Snan                   
20000a78  _Rteps                  
20000a88  _Xbig                   
20000a90  _Zero                   
20000a98  _lock                   
20000a9c  _unlock                 
20000aa0  __TI_cleanup_ptr        
20000aa4  __TI_dtors_ptr          
20000aa8  _Fenv                   
20000aac  _Tls_setup__Fenv        
20000ac0  PWMfactor               
20000ac8  _Errno                  
20000acc  main_func_sp            
20000ad0  __stack                 
20000cd0  __STACK_END             
20000cd0  __STACK_TOP             
ffffffff  __binit__               
ffffffff  __c_args__              
ffffffff  binit                   
UNDEFED   SHT$$INIT_ARRAY$$Base   
UNDEFED   SHT$$INIT_ARRAY$$Limit  

[161 symbols]
