******************************************************************************
                  TI ARM Linker PC v5.2.7                      
******************************************************************************
>> Linked Mon May 16 19:22:17 2016

OUTPUT FILE NAME:   <BCWattBalance-Rev1.out>
ENTRY POINT SYMBOL: "_c_int00"  address: 00001cc5


MEMORY CONFIGURATION

         name            origin    length      used     unused   attr    fill
----------------------  --------  ---------  --------  --------  ----  --------
  FLASH                 00000000   00020000  000028f2  0001d70e  R  X
  SRAM                  20000000   00008000  00000cd0  00007330  RW X


SEGMENT ALLOCATION MAP

run origin  load origin   length   init length attrs members
----------  ----------- ---------- ----------- ----- -------
00000000    00000000    000028f8   000028f8    r-x
  00000000    00000000    0000026c   0000026c    r-- .intvecs
  0000026c    0000026c    00002084   00002084    r-x .text
  000022f0    000022f0    000004d2   000004d2    r-- .const
  000027c8    000027c8    00000130   00000130    r-- .cinit
20000000    20000000    00000cd0   00000000    rw-
  20000000    20000000    00000aac   00000000    rw- .data
  20000aac    20000aac    00000200   00000000    rw- .stack
  20000cac    20000cac    00000024   00000000    rw- .bss


SECTION ALLOCATION MAP

 output                                  attributes/
section   page    origin      length       input sections
--------  ----  ----------  ----------   ----------------
.intvecs   0    00000000    0000026c     
                  00000000    0000026c     tm4c123ge6pm_startup_ccs.obj (.intvecs)

.text      0    0000026c    00002084     
                  0000026c    00000308     uartstdio.obj (.text)
                  00000574    00000294     rtsv7M4_T_le_v4SPD16_eabi.lib : xsin.obj (.text)
                  00000808    00000214     board_init.obj (.text)
                  00000a1c    000001b6     rtsv7M4_T_le_v4SPD16_eabi.lib : fd_add_t2.obj (.text)
                  00000bd2    00000002                                   : i_div0.obj (.text)
                  00000bd4    0000019c     control.obj (.text)
                  00000d70    00000198     console.obj (.text)
                  00000f08    00000190     main.obj (.text)
                  00001098    00000174     rtsv7M4_T_le_v4SPD16_eabi.lib : fmod.obj (.text)
                  0000120c    00000132     driverlib.lib : gpio.obj (.text:GPIOPadConfigSet)
                  0000133e    00000002     --HOLE-- [fill = 0]
                  00001340    00000114     sine_table.obj (.text)
                  00001454    00000110     driverlib.lib : sysctl.obj (.text:SysCtlClockGet)
                  00001564    00000110     rtsv7M4_T_le_v4SPD16_eabi.lib : xdscale.obj (.text)
                  00001674    000000fc                                   : fd_mul_t2.obj (.text)
                  00001770    000000f4     driverlib.lib : sysctl.obj (.text:SysCtlClockSet)
                  00001864    000000be     rtsv7M4_T_le_v4SPD16_eabi.lib : xdnorm.obj (.text)
                  00001922    0000009c                                   : memcpy_t2.obj (.text)
                  000019be    00000086                                   : fd_cmp_t2.obj (.text:__aeabi_cdcmple)
                  00001a44    0000007a                                   : memset_t2.obj (.text)
                  00001abe    00000002     --HOLE-- [fill = 0]
                  00001ac0    0000006c                                   : autoinit.obj (.text)
                  00001b2c    0000006a                                   : copy_decompress_rle.obj (.text)
                  00001b96    00000002     --HOLE-- [fill = 0]
                  00001b98    00000068     driverlib.lib : interrupt.obj (.text:IntEnable)
                  00001c00    00000064     cmdline.obj (.text)
                  00001c64    00000060     driverlib.lib : timer.obj (.text:TimerConfigure)
                  00001cc4    00000050     rtsv7M4_T_le_v4SPD16_eabi.lib : boot.obj (.text)
                  00001d14    0000004c                                   : atoi.obj (.text)
                  00001d60    0000004c                                   : cpy_tbl.obj (.text)
                  00001dac    00000048     driverlib.lib : gpio.obj (.text:GPIOPinConfigure)
                  00001df4    00000048     rtsv7M4_T_le_v4SPD16_eabi.lib : fd_toi_t2.obj (.text)
                  00001e3c    00000046     driverlib.lib : uart.obj (.text:UARTConfigSetExpClk)
                  00001e82    00000002     --HOLE-- [fill = 0]
                  00001e84    00000044     rtsv7M4_T_le_v4SPD16_eabi.lib : exit.obj (.text)
                  00001ec8    00000044                                   : fd_tou_t2.obj (.text)
                  00001f0c    00000040                                   : signal.obj (.text)
                  00001f4c    00000040                                   : u_divt2.obj (.text)
                  00001f8c    00000038     driverlib.lib : sysctl.obj (.text:SysCtlPeripheralPresent)
                  00001fc4    00000034                   : sysctl.obj (.text:SysCtlPeripheralEnable)
                  00001ff8    00000034     rtsv7M4_T_le_v4SPD16_eabi.lib : feraiseexcept.obj (.text)
                  0000202c    00000030                                   : xferaise.obj (.text)
                  0000205c    0000002e                                   : i_tofd_t2.obj (.text)
                  0000208a    0000002e                                   : raise.obj (.text)
                  000020b8    0000002a     driverlib.lib : gpio.obj (.text:GPIODirModeSet)
                  000020e2    00000022                   : pwm.obj (.text:PWMGenConfigure)
                  00002104    00000020                   : uart.obj (.text:UARTDisable)
                  00002124    00000020     rtsv7M4_T_le_v4SPD16_eabi.lib : u_tofd_t2.obj (.text)
                  00002144    0000001e     driverlib.lib : pwm.obj (.text:PWMPulseWidthSet)
                  00002162    0000001a     rtsv7M4_T_le_v4SPD16_eabi.lib : sin.obj (.text)
                  0000217c    00000018     driverlib.lib : gpio.obj (.text:GPIOPinTypeGPIOOutput)
                  00002194    00000018     rtsv7M4_T_le_v4SPD16_eabi.lib : args_main.obj (.text)
                  000021ac    00000018                                   : strcmp.obj (.text)
                  000021c4    00000014     driverlib.lib : sysctl.obj (.text:SysCtlPWMClockSet)
                  000021d8    00000014                   : uart.obj (.text:UARTEnable)
                  000021ec    00000014     rtsv7M4_T_le_v4SPD16_eabi.lib : _lock.obj (.text)
                  00002200    00000012     driverlib.lib : gpio.obj (.text:GPIOPinTypePWM)
                  00002212    00000012                   : gpio.obj (.text:GPIOPinTypeUART)
                  00002224    00000012                   : pwm.obj (.text:PWMOutputState)
                  00002236    00000012                   : timer.obj (.text:TimerLoadSet)
                  00002248    00000010                   : interrupt.obj (.text:IntMasterEnable)
                  00002258    00000010                   : pwm.obj (.text:PWMGenPeriodSet)
                  00002268    0000000e                   : timer.obj (.text:TimerEnable)
                  00002276    0000000e     rtsv7M4_T_le_v4SPD16_eabi.lib : copy_decompress_none.obj (.text:decompress:none)
                  00002284    0000000c     driverlib.lib : cpu.obj (.text:CPUcpsie)
                  00002290    0000000c                   : pwm.obj (.text:PWMGenEnable)
                  0000229c    0000000c     rtsv7M4_T_le_v4SPD16_eabi.lib : copy_zero_init.obj (.text:decompress:ZI)
                  000022a8    0000000c     tm4c123ge6pm_startup_ccs.obj (.text)
                  000022b4    0000000a     driverlib.lib : uart.obj (.text:UARTCharGet)
                  000022be    0000000a                   : uart.obj (.text:UARTCharPut)
                  000022c8    00000008                   : timer.obj (.text:TimerIntEnable)
                  000022d0    00000006                   : gpio.obj (.text:GPIOPinWrite)
                  000022d6    00000006                   : sysctl.obj (.text:SysCtlDelay)
                  000022dc    00000006                   : uart.obj (.text:UARTClockSourceSet)
                  000022e2    00000006     rtsv7M4_T_le_v4SPD16_eabi.lib : copy_decompress_rle.obj (.text:decompress:rle24)
                  000022e8    00000004     driverlib.lib : timer.obj (.text:TimerIntClear)
                  000022ec    00000004     rtsv7M4_T_le_v4SPD16_eabi.lib : pre_init.obj (.text)

.const     0    000022f0    000004d2     
                  000022f0    000001b4     console.obj (.const:.string)
                  000024a4    00000101     rtsv7M4_T_le_v4SPD16_eabi.lib : ctype.obj (.const:.string:_ctypes_)
                  000025a5    00000003     --HOLE-- [fill = 0]
                  000025a8    00000090     driverlib.lib : gpio.obj (.const:g_pui32GPIOBaseAddrs)
                  00002638    00000080     rtsv7M4_T_le_v4SPD16_eabi.lib : xsin.obj (.const)
                  000026b8    00000070     driverlib.lib : interrupt.obj (.const)
                  00002728    0000006c                   : sysctl.obj (.const:g_pui32Xtals)
                  00002794    0000001c     uartstdio.obj (.const)
                  000027b0    00000012     uartstdio.obj (.const:.string)

.cinit     0    000027c8    00000130     
                  000027c8    00000106     (.cinit..data.load) [load image, compression = rle]
                  000028ce    00000002     --HOLE-- [fill = 0]
                  000028d0    0000000c     (__TI_handler_table)
                  000028dc    00000004     --HOLE-- [fill = 0]
                  000028e0    00000008     (.cinit..bss.load) [load image, compression = zero_init]
                  000028e8    00000010     (__TI_cinit_table)

.init_array 
*          0    00000000    00000000     UNINITIALIZED

.data      0    20000000    00000aac     UNINITIALIZED
                  20000000    00000808     sine_table.obj (.data)
                  20000808    000000c0     console.obj (.data:g_psCmdTable)
                  200008c8    000000b0     rtsv7M4_T_le_v4SPD16_eabi.lib : signal.obj (.data:sigtable)
                  20000978    00000088     main.obj (.data)
                  20000a00    00000080     rtsv7M4_T_le_v4SPD16_eabi.lib : xvalues.obj (.data)
                  20000a80    00000008                                   : _lock.obj (.data)
                  20000a88    00000008                                   : exit.obj (.data)
                  20000a90    00000008                                   : feraiseexcept.obj (.data)
                  20000a98    00000008     uartstdio.obj (.data)
                  20000aa0    00000004     control.obj (.data)
                  20000aa4    00000004     rtsv7M4_T_le_v4SPD16_eabi.lib : errno.obj (.data)
                  20000aa8    00000004                                   : stkdepth_vars.obj (.data)

.TI.persistent 
*          0    20000000    00000000     UNINITIALIZED

.stack     0    20000aac    00000200     UNINITIALIZED
                  20000aac    00000200     --HOLE--

.bss       0    20000cac    00000024     UNINITIALIZED
                  20000cac    00000024     cmdline.obj (.bss:g_ppcArgv)

.TI.noinit 
*          0    20000cac    00000000     UNINITIALIZED


LINKER GENERATED COPY TABLES

__TI_cinit_table @ 000028e8 records: 2, size/record: 8, table size: 16
	.data: load addr=000027c8, load size=00000106 bytes, run addr=20000000, run size=00000aac bytes, compression=rle
	.bss: load addr=000028e0, load size=00000008 bytes, run addr=20000cac, run size=00000024 bytes, compression=zero_init


LINKER GENERATED HANDLER TABLE

__TI_handler_table @ 000028d0 records: 3, size/record: 4, table size: 12
	index: 0, handler: __TI_decompress_rle24
	index: 1, handler: __TI_decompress_none
	index: 2, handler: __TI_zero_init


GLOBAL SYMBOLS: SORTED ALPHABETICALLY BY Name 

address   name                    
-------   ----                    
00001e85  C$$EXIT                 
00000e89  CMD_PWMfrequency        
00000e79  CMD_PWMoff              
00000e69  CMD_coilAoff            
00000e59  CMD_coilAon             
00000e49  CMD_coilBoff            
00000e39  CMD_coilBon             
00000e13  CMD_help                
00000e03  CMD_laserAoff           
00000df3  CMD_laserAon            
00000de3  CMD_laserBoff           
00000dd3  CMD_laserBon            
00000dc3  CMD_relayNormal         
00000db3  CMD_relayOn             
00000d93  CMD_shutdown            
00000d71  CMD_signalPWM           
00002285  CPUcpsie                
00001c01  CmdLineProcess          
000008f1  ConfigureUART           
000020b9  GPIODirModeSet          
0000120d  GPIOPadConfigSet        
00001dad  GPIOPinConfigure        
0000217d  GPIOPinTypeGPIOOutput   
00002201  GPIOPinTypePWM          
00002213  GPIOPinTypeUART         
000022d1  GPIOPinWrite            
00001b99  IntEnable               
00002249  IntMasterEnable         
000020e3  PWMGenConfigure         
00002291  PWMGenEnable            
00002259  PWMGenPeriodSet         
00002225  PWMOutputState          
00002145  PWMPulseWidthSet        
20000aa0  PWMfactor               
00000ce7  PWMfrequency            
00000cd3  PWMoff                  
000022a9  ResetISR                
UNDEFED   SHT$$INIT_ARRAY$$Base   
UNDEFED   SHT$$INIT_ARRAY$$Limit  
00001455  SysCtlClockGet          
00001771  SysCtlClockSet          
000022d7  SysCtlDelay             
000021c5  SysCtlPWMClockSet       
00001fc5  SysCtlPeripheralEnable  
00001f8d  SysCtlPeripheralPresent 
00001c65  TimerConfigure          
00002269  TimerEnable             
000022e9  TimerIntClear           
000022c9  TimerIntEnable          
00002237  TimerLoadSet            
000022b5  UARTCharGet             
000022bf  UARTCharPut             
000022dd  UARTClockSourceSet      
00001e3d  UARTConfigSetExpClk     
00002105  UARTDisable             
000021d9  UARTEnable              
00000501  UARTStdioConfig         
000004f3  UARTgetc                
00000483  UARTgets                
00000469  UARTprintf              
0000029f  UARTvprintf             
0000026d  UARTwrite               
20000a00  _Denorm                 
00001865  _Dnorm                  
00001565  _Dscale                 
20000a10  _Eps                    
20000aa4  _Errno                  
20000a90  _Fenv                   
0000202d  _Feraise                
20000a20  _Hugeval                
20000a30  _Inf                    
20000a40  _Nan                    
20000a60  _Rteps                  
00000575  _Sin                    
20000a50  _Snan                   
20000a94  _Tls_setup__Fenv        
20000a70  _Xbig                   
20000a78  _Zero                   
20000cac  __STACK_END             
00000200  __STACK_SIZE            
20000cac  __STACK_TOP             
000028e8  __TI_CINIT_Base         
000028f8  __TI_CINIT_Limit        
000028d0  __TI_Handler_Table_Base 
000028dc  __TI_Handler_Table_Limit
00001ac1  __TI_auto_init          
20000a88  __TI_cleanup_ptr        
00002277  __TI_decompress_none    
000022e3  __TI_decompress_rle24   
20000a8c  __TI_dtors_ptr          
00000000  __TI_static_base__      
0000229d  __TI_zero_init          
000019bf  __aeabi_cdcmpeq         
000019bf  __aeabi_cdcmple         
00001df5  __aeabi_d2iz            
00001ec9  __aeabi_d2uiz           
00000a27  __aeabi_dadd            
00001675  __aeabi_dmul            
00000a1d  __aeabi_dsub            
0000205d  __aeabi_i2d             
00000bd3  __aeabi_idiv0           
00001a45  __aeabi_memclr          
00001a45  __aeabi_memclr4         
00001a45  __aeabi_memclr8         
00001923  __aeabi_memcpy          
00001923  __aeabi_memcpy4         
00001923  __aeabi_memcpy8         
00001a47  __aeabi_memset          
00001a47  __aeabi_memset4         
00001a47  __aeabi_memset8         
00002125  __aeabi_ui2d            
00001f4d  __aeabi_uidiv           
00001f4d  __aeabi_uidivmod        
ffffffff  __binit__               
ffffffff  __c_args__              
20000aac  __stack                 
00002195  _args_main              
00001cc5  _c_int00                
000024a4  _ctypes_                
20000a80  _lock                   
000021fb  _nop                    
000021f3  _register_lock          
000021ed  _register_unlock        
000022ed  _system_pre_init        
20000a84  _unlock                 
00001e89  abort                   
00001d15  atoi                    
ffffffff  binit                   
00000859  board_INIT              
00000fe7  clockInterrupt          
00000fa7  continueRunning         
00001d61  copy_in                 
00000bf1  disableCoilA            
00000bd5  disableCoilB            
00000cbd  disableLaserA           
00000ca7  disableLaserB           
00000bdf  enableCoilA             
00000bfb  enableCoilB             
00000c91  enableLaserA            
00000c7b  enableLaserB            
00001e91  exit                    
00001ff9  feraiseexcept           
00001099  fmod                    
00000000  g_pfnVectors            
20000808  g_psCmdTable            
000013e1  generateSineTable       
00001341  increment               
00000f11  initClock               
00000f59  main                    
20000aa8  main_func_sp            
00001923  memcpy                  
00001a4d  memset                  
00000f09  messages                
0000208b  raise                   
00000c67  relayEnable             
00000c53  relayNormal             
00001f0d  signal                  
00000c0d  signalPWM               
00002163  sin                     
000021ad  strcmp                  
00000809  systemInit              


GLOBAL SYMBOLS: SORTED BY Symbol Address 

address   name                    
-------   ----                    
00000000  __TI_static_base__      
00000000  g_pfnVectors            
00000200  __STACK_SIZE            
0000026d  UARTwrite               
0000029f  UARTvprintf             
00000469  UARTprintf              
00000483  UARTgets                
000004f3  UARTgetc                
00000501  UARTStdioConfig         
00000575  _Sin                    
00000809  systemInit              
00000859  board_INIT              
000008f1  ConfigureUART           
00000a1d  __aeabi_dsub            
00000a27  __aeabi_dadd            
00000bd3  __aeabi_idiv0           
00000bd5  disableCoilB            
00000bdf  enableCoilA             
00000bf1  disableCoilA            
00000bfb  enableCoilB             
00000c0d  signalPWM               
00000c53  relayNormal             
00000c67  relayEnable             
00000c7b  enableLaserB            
00000c91  enableLaserA            
00000ca7  disableLaserB           
00000cbd  disableLaserA           
00000cd3  PWMoff                  
00000ce7  PWMfrequency            
00000d71  CMD_signalPWM           
00000d93  CMD_shutdown            
00000db3  CMD_relayOn             
00000dc3  CMD_relayNormal         
00000dd3  CMD_laserBon            
00000de3  CMD_laserBoff           
00000df3  CMD_laserAon            
00000e03  CMD_laserAoff           
00000e13  CMD_help                
00000e39  CMD_coilBon             
00000e49  CMD_coilBoff            
00000e59  CMD_coilAon             
00000e69  CMD_coilAoff            
00000e79  CMD_PWMoff              
00000e89  CMD_PWMfrequency        
00000f09  messages                
00000f11  initClock               
00000f59  main                    
00000fa7  continueRunning         
00000fe7  clockInterrupt          
00001099  fmod                    
0000120d  GPIOPadConfigSet        
00001341  increment               
000013e1  generateSineTable       
00001455  SysCtlClockGet          
00001565  _Dscale                 
00001675  __aeabi_dmul            
00001771  SysCtlClockSet          
00001865  _Dnorm                  
00001923  __aeabi_memcpy          
00001923  __aeabi_memcpy4         
00001923  __aeabi_memcpy8         
00001923  memcpy                  
000019bf  __aeabi_cdcmpeq         
000019bf  __aeabi_cdcmple         
00001a45  __aeabi_memclr          
00001a45  __aeabi_memclr4         
00001a45  __aeabi_memclr8         
00001a47  __aeabi_memset          
00001a47  __aeabi_memset4         
00001a47  __aeabi_memset8         
00001a4d  memset                  
00001ac1  __TI_auto_init          
00001b99  IntEnable               
00001c01  CmdLineProcess          
00001c65  TimerConfigure          
00001cc5  _c_int00                
00001d15  atoi                    
00001d61  copy_in                 
00001dad  GPIOPinConfigure        
00001df5  __aeabi_d2iz            
00001e3d  UARTConfigSetExpClk     
00001e85  C$$EXIT                 
00001e89  abort                   
00001e91  exit                    
00001ec9  __aeabi_d2uiz           
00001f0d  signal                  
00001f4d  __aeabi_uidiv           
00001f4d  __aeabi_uidivmod        
00001f8d  SysCtlPeripheralPresent 
00001fc5  SysCtlPeripheralEnable  
00001ff9  feraiseexcept           
0000202d  _Feraise                
0000205d  __aeabi_i2d             
0000208b  raise                   
000020b9  GPIODirModeSet          
000020e3  PWMGenConfigure         
00002105  UARTDisable             
00002125  __aeabi_ui2d            
00002145  PWMPulseWidthSet        
00002163  sin                     
0000217d  GPIOPinTypeGPIOOutput   
00002195  _args_main              
000021ad  strcmp                  
000021c5  SysCtlPWMClockSet       
000021d9  UARTEnable              
000021ed  _register_unlock        
000021f3  _register_lock          
000021fb  _nop                    
00002201  GPIOPinTypePWM          
00002213  GPIOPinTypeUART         
00002225  PWMOutputState          
00002237  TimerLoadSet            
00002249  IntMasterEnable         
00002259  PWMGenPeriodSet         
00002269  TimerEnable             
00002277  __TI_decompress_none    
00002285  CPUcpsie                
00002291  PWMGenEnable            
0000229d  __TI_zero_init          
000022a9  ResetISR                
000022b5  UARTCharGet             
000022bf  UARTCharPut             
000022c9  TimerIntEnable          
000022d1  GPIOPinWrite            
000022d7  SysCtlDelay             
000022dd  UARTClockSourceSet      
000022e3  __TI_decompress_rle24   
000022e9  TimerIntClear           
000022ed  _system_pre_init        
000024a4  _ctypes_                
000028d0  __TI_Handler_Table_Base 
000028dc  __TI_Handler_Table_Limit
000028e8  __TI_CINIT_Base         
000028f8  __TI_CINIT_Limit        
20000808  g_psCmdTable            
20000a00  _Denorm                 
20000a10  _Eps                    
20000a20  _Hugeval                
20000a30  _Inf                    
20000a40  _Nan                    
20000a50  _Snan                   
20000a60  _Rteps                  
20000a70  _Xbig                   
20000a78  _Zero                   
20000a80  _lock                   
20000a84  _unlock                 
20000a88  __TI_cleanup_ptr        
20000a8c  __TI_dtors_ptr          
20000a90  _Fenv                   
20000a94  _Tls_setup__Fenv        
20000aa0  PWMfactor               
20000aa4  _Errno                  
20000aa8  main_func_sp            
20000aac  __stack                 
20000cac  __STACK_END             
20000cac  __STACK_TOP             
ffffffff  __binit__               
ffffffff  __c_args__              
ffffffff  binit                   
UNDEFED   SHT$$INIT_ARRAY$$Base   
UNDEFED   SHT$$INIT_ARRAY$$Limit  

[161 symbols]
